Component: ARM Compiler 5.06 update 6 (build 750) Tool: armlink [4d35ed]

==============================================================================

Section Cross References

    startup_stm32f103xb.o(RESET) refers to startup_stm32f103xb.o(STACK) for __initial_sp
    startup_stm32f103xb.o(RESET) refers to startup_stm32f103xb.o(.text) for Reset_Handler
    startup_stm32f103xb.o(RESET) refers to stm32f1xx_it.o(i.NMI_Handler) for NMI_Handler
    startup_stm32f103xb.o(RESET) refers to stm32f1xx_it.o(i.HardFault_Handler) for HardFault_Handler
    startup_stm32f103xb.o(RESET) refers to stm32f1xx_it.o(i.MemManage_Handler) for MemManage_Handler
    startup_stm32f103xb.o(RESET) refers to stm32f1xx_it.o(i.BusFault_Handler) for BusFault_Handler
    startup_stm32f103xb.o(RESET) refers to stm32f1xx_it.o(i.UsageFault_Handler) for UsageFault_Handler
    startup_stm32f103xb.o(RESET) refers to port.o(.emb_text) for SVC_Handler
    startup_stm32f103xb.o(RESET) refers to stm32f1xx_it.o(i.DebugMon_Handler) for DebugMon_Handler
    startup_stm32f103xb.o(RESET) refers to stm32f1xx_it.o(i.SysTick_Handler) for SysTick_Handler
    startup_stm32f103xb.o(RESET) refers to stm32f1xx_it.o(i.USART1_IRQHandler) for USART1_IRQHandler
    startup_stm32f103xb.o(.text) refers to system_stm32f1xx.o(i.SystemInit) for SystemInit
    startup_stm32f103xb.o(.text) refers to entry.o(.ARM.Collect$$$$00000000) for __main
    touch.o(i.TP_Init) refers to stm32f1xx_hal_gpio.o(i.HAL_GPIO_Init) for HAL_GPIO_Init
    touch.o(i.TP_Read_AD) refers to stm32f1xx_hal_gpio.o(i.HAL_GPIO_WritePin) for HAL_GPIO_WritePin
    touch.o(i.TP_Read_AD) refers to touch.o(i.TP_Write_Byte) for TP_Write_Byte
    touch.o(i.TP_Read_AD) refers to stm32f1xx_hal.o(i.HAL_Delay) for HAL_Delay
    touch.o(i.TP_Read_AD) refers to stm32f1xx_hal_gpio.o(i.HAL_GPIO_ReadPin) for HAL_GPIO_ReadPin
    touch.o(i.TP_Read_XOY) refers to touch.o(i.TP_Read_AD) for TP_Read_AD
    touch.o(i.TP_Read_XY) refers to touch.o(i.TP_Read_XOY) for TP_Read_XOY
    touch.o(i.TP_Read_XY) refers to touch.o(.data) for .data
    touch.o(i.TP_Read_XY2) refers to touch.o(i.TP_Read_XY) for TP_Read_XY
    touch.o(i.TP_Scan) refers to stm32f1xx_hal_gpio.o(i.HAL_GPIO_ReadPin) for HAL_GPIO_ReadPin
    touch.o(i.TP_Scan) refers to touch.o(i.TP_Read_XY2) for TP_Read_XY2
    touch.o(i.TP_Scan) refers to fflti.o(.text) for __aeabi_i2f
    touch.o(i.TP_Scan) refers to ffltui.o(.text) for __aeabi_ui2f
    touch.o(i.TP_Scan) refers to fmul.o(.text) for __aeabi_fmul
    touch.o(i.TP_Scan) refers to fadd.o(.text) for __aeabi_fadd
    touch.o(i.TP_Scan) refers to ffixui.o(.text) for __aeabi_f2uiz
    touch.o(i.TP_Scan) refers to touch.o(.data) for .data
    touch.o(i.TP_Write_Byte) refers to stm32f1xx_hal_gpio.o(i.HAL_GPIO_WritePin) for HAL_GPIO_WritePin
    touch.o(i.TP_Write_Byte) refers to stm32f1xx_hal.o(i.HAL_Delay) for HAL_Delay
    touch.o(.data) refers to touch.o(i.TP_Init) for TP_Init
    touch.o(.data) refers to touch.o(i.TP_Scan) for TP_Scan
    display.o(i.Display_Color_Picture) refers to ili9341_driver.o(i.ILI9341_Draw_Double_Pixel) for ILI9341_Draw_Double_Pixel
    display.o(i.Display_Color_Picture) refers to display.o(.constdata) for .constdata
    display.o(i.Display_Menu) refers to ili9341_driver.o(i.ILI9341_Set_Rotation) for ILI9341_Set_Rotation
    display.o(i.Display_Menu) refers to ili9341_driver.o(i.ILI9341_Draw_Empty_Rectangle) for ILI9341_Draw_Empty_Rectangle
    display.o(i.Display_Menu) refers to ili9341_driver.o(i.ILI9341_Draw_String) for ILI9341_Draw_String
    display.o(i.Display_Menu) refers to ili9341_driver.o(i.ILI9341_Draw_Pixel) for ILI9341_Draw_Pixel
    display.o(i.Display_Menu) refers to display.o(i.Display_Round_Icon_20x20) for Display_Round_Icon_20x20
    display.o(i.Display_Menu) refers to stm32f1xx_hal_gpio.o(i.HAL_GPIO_WritePin) for HAL_GPIO_WritePin
    display.o(i.Display_Menu) refers to display.o(.constdata) for .constdata
    display.o(i.Display_Picture) refers to ili9341_driver.o(i.ILI9341_Set_Rotation) for ILI9341_Set_Rotation
    display.o(i.Display_Picture) refers to ili9341_driver.o(i.ILI9341_Draw_Pixel) for ILI9341_Draw_Pixel
    display.o(i.Display_Picture) refers to display.o(.constdata) for .constdata
    display.o(i.Display_Round_Icon_20x20) refers to ili9341_driver.o(i.ILI9341_Draw_Circle) for ILI9341_Draw_Circle
    display.o(i.Display_Round_Icon_20x20) refers to ili9341_driver.o(i.ILI9341_Draw_Pixel) for ILI9341_Draw_Pixel
    display.o(i.Display_Round_Icon_40x40) refers to ili9341_driver.o(i.ILI9341_Draw_Circle) for ILI9341_Draw_Circle
    display.o(i.Display_Round_Icon_40x40) refers to ili9341_driver.o(i.ILI9341_Draw_Pixel) for ILI9341_Draw_Pixel
    display.o(i.Display_Square_Icon_40x40) refers to ili9341_driver.o(i.ILI9341_Draw_Pixel) for ILI9341_Draw_Pixel
    display.o(i.Display_Text) refers to ili9341_driver.o(i.ILI9341_Fill_Screen) for ILI9341_Fill_Screen
    display.o(i.Display_Text) refers to stm32f1xx_hal.o(i.HAL_Delay) for HAL_Delay
[...]
    Removing stm32f1xx_hal_dma.o(i.DMA_SetConfig), (42 bytes).
    Removing stm32f1xx_hal_dma.o(i.HAL_DMA_Abort), (70 bytes).
    Removing stm32f1xx_hal_dma.o(i.HAL_DMA_DeInit), (92 bytes).
    Removing stm32f1xx_hal_dma.o(i.HAL_DMA_GetError), (4 bytes).
    Removing stm32f1xx_hal_dma.o(i.HAL_DMA_GetState), (6 bytes).
    Removing stm32f1xx_hal_dma.o(i.HAL_DMA_IRQHandler), (340 bytes).
    Removing stm32f1xx_hal_dma.o(i.HAL_DMA_Init), (92 bytes).
    Removing stm32f1xx_hal_dma.o(i.HAL_DMA_PollForTransfer), (532 bytes).
    Removing stm32f1xx_hal_dma.o(i.HAL_DMA_RegisterCallback), (74 bytes).
    Removing stm32f1xx_hal_dma.o(i.HAL_DMA_Start), (80 bytes).
    Removing stm32f1xx_hal_dma.o(i.HAL_DMA_Start_IT), (112 bytes).
    Removing stm32f1xx_hal_dma.o(i.HAL_DMA_UnRegisterCallback), (82 bytes).
    Removing stm32f1xx_hal_cortex.o(.rev16_text), (4 bytes).
    Removing stm32f1xx_hal_cortex.o(.revsh_text), (4 bytes).
    Removing stm32f1xx_hal_cortex.o(.rrx_text), (6 bytes).
    Removing stm32f1xx_hal_cortex.o(i.HAL_NVIC_ClearPendingIRQ), (26 bytes).
    Removing stm32f1xx_hal_cortex.o(i.HAL_NVIC_DisableIRQ), (34 bytes).
    Removing stm32f1xx_hal_cortex.o(i.HAL_NVIC_GetActive), (36 bytes).
    Removing stm32f1xx_hal_cortex.o(i.HAL_NVIC_GetPendingIRQ), (36 bytes).
    Removing stm32f1xx_hal_cortex.o(i.HAL_NVIC_GetPriority), (82 bytes).
    Removing stm32f1xx_hal_cortex.o(i.HAL_NVIC_GetPriorityGrouping), (16 bytes).
    Removing stm32f1xx_hal_cortex.o(i.HAL_NVIC_SetPendingIRQ), (26 bytes).
    Removing stm32f1xx_hal_cortex.o(i.HAL_NVIC_SystemReset), (36 bytes).
    Removing stm32f1xx_hal_cortex.o(i.HAL_SYSTICK_CLKSourceConfig), (24 bytes).
    Removing stm32f1xx_hal_cortex.o(i.HAL_SYSTICK_Callback), (2 bytes).
    Removing stm32f1xx_hal_cortex.o(i.HAL_SYSTICK_IRQHandler), (8 bytes).
    Removing stm32f1xx_hal_pwr.o(.rev16_text), (4 bytes).
    Removing stm32f1xx_hal_pwr.o(.revsh_text), (4 bytes).
    Removing stm32f1xx_hal_pwr.o(.rrx_text), (6 bytes).
    Removing stm32f1xx_hal_pwr.o(i.HAL_PWR_ConfigPVD), (124 bytes).
    Removing stm32f1xx_hal_pwr.o(i.HAL_PWR_DeInit), (24 bytes).
    Removing stm32f1xx_hal_pwr.o(i.HAL_PWR_DisableBkUpAccess), (12 bytes).
    Removing stm32f1xx_hal_pwr.o(i.HAL_PWR_DisablePVD), (12 bytes).
    Removing stm32f1xx_hal_pwr.o(i.HAL_PWR_DisableSEVOnPend), (16 bytes).
    Removing stm32f1xx_hal_pwr.o(i.HAL_PWR_DisableSleepOnExit), (16 bytes).
    Removing stm32f1xx_hal_pwr.o(i.HAL_PWR_DisableWakeUpPin), (28 bytes).
    Removing stm32f1xx_hal_pwr.o(i.HAL_PWR_EnableBkUpAccess), (12 bytes).
    Removing stm32f1xx_hal_pwr.o(i.HAL_PWR_EnablePVD), (12 bytes).
    Removing stm32f1xx_hal_pwr.o(i.HAL_PWR_EnableSEVOnPend), (16 bytes).
    Removing stm32f1xx_hal_pwr.o(i.HAL_PWR_EnableSleepOnExit), (16 bytes).
    Removing stm32f1xx_hal_pwr.o(i.HAL_PWR_EnableWakeUpPin), (28 bytes).
    Removing stm32f1xx_hal_pwr.o(i.HAL_PWR_EnterSLEEPMode), (32 bytes).
    Removing stm32f1xx_hal_pwr.o(i.HAL_PWR_EnterSTANDBYMode), (32 bytes).
    Removing stm32f1xx_hal_pwr.o(i.HAL_PWR_EnterSTOPMode), (68 bytes).
    Removing stm32f1xx_hal_pwr.o(i.HAL_PWR_PVDCallback), (2 bytes).
    Removing stm32f1xx_hal_pwr.o(i.HAL_PWR_PVD_IRQHandler), (28 bytes).
    Removing stm32f1xx_hal_pwr.o(i.PWR_OverloadWfe), (6 bytes).
    Removing stm32f1xx_hal_flash.o(.rev16_text), (4 bytes).
    Removing stm32f1xx_hal_flash.o(.revsh_text), (4 bytes).
    Removing stm32f1xx_hal_flash.o(.rrx_text), (6 bytes).
    Removing stm32f1xx_hal_flash.o(i.FLASH_Program_HalfWord), (28 bytes).
    Removing stm32f1xx_hal_flash.o(i.FLASH_SetErrorCode), (92 bytes).
    Removing stm32f1xx_hal_flash.o(i.FLASH_WaitForLastOperation), (84 bytes).
    Removing stm32f1xx_hal_flash.o(i.HAL_FLASH_EndOfOperationCallback), (2 bytes).
    Removing stm32f1xx_hal_flash.o(i.HAL_FLASH_GetError), (12 bytes).
    Removing stm32f1xx_hal_flash.o(i.HAL_FLASH_IRQHandler), (264 bytes).
    Removing stm32f1xx_hal_flash.o(i.HAL_FLASH_Lock), (20 bytes).
    Removing stm32f1xx_hal_flash.o(i.HAL_FLASH_OB_Launch), (4 bytes).
    Removing stm32f1xx_hal_flash.o(i.HAL_FLASH_OB_Lock), (20 bytes).
    Removing stm32f1xx_hal_flash.o(i.HAL_FLASH_OB_Unlock), (36 bytes).
    Removing stm32f1xx_hal_flash.o(i.HAL_FLASH_OperationErrorCallback), (2 bytes).
    Removing stm32f1xx_hal_flash.o(i.HAL_FLASH_Program), (128 bytes).
    Removing stm32f1xx_hal_flash.o(i.HAL_FLASH_Program_IT), (100 bytes).
    Removing stm32f1xx_hal_flash.o(i.HAL_FLASH_Unlock), (40 bytes).
    Removing stm32f1xx_hal_flash.o(.bss), (32 bytes).
    Removing stm32f1xx_hal_flash_ex.o(.rev16_text), (4 bytes).
    Removing stm32f1xx_hal_flash_ex.o(.revsh_text), (4 bytes).
    Removing stm32f1xx_hal_flash_ex.o(.rrx_text), (6 bytes).
    Removing stm32f1xx_hal_flash_ex.o(i.FLASH_MassErase), (36 bytes).
    Removing stm32f1xx_hal_flash_ex.o(i.FLASH_OB_DisableWRP), (176 bytes).
    Removing stm32f1xx_hal_flash_ex.o(i.FLASH_OB_EnableWRP), (176 bytes).
    Removing stm32f1xx_hal_flash_ex.o(i.FLASH_OB_GetRDP), (24 bytes).
    Removing stm32f1xx_hal_flash_ex.o(i.FLASH_OB_RDP_LevelConfig), (100 bytes).
    Removing stm32f1xx_hal_flash_ex.o(i.FLASH_PageErase), (36 bytes).
    Removing stm32f1xx_hal_flash_ex.o(i.HAL_FLASHEx_Erase), (168 bytes).
    Removing stm32f1xx_hal_flash_ex.o(i.HAL_FLASHEx_Erase_IT), (84 bytes).
    Removing stm32f1xx_hal_flash_ex.o(i.HAL_FLASHEx_OBErase), (84 bytes).
    Removing stm32f1xx_hal_flash_ex.o(i.HAL_FLASHEx_OBGetConfig), (36 bytes).
    Removing stm32f1xx_hal_flash_ex.o(i.HAL_FLASHEx_OBGetUserData), (32 bytes).
    Removing stm32f1xx_hal_flash_ex.o(i.HAL_FLASHEx_OBProgram), (200 bytes).
    Removing stm32f1xx_hal_exti.o(.rev16_text), (4 bytes).
    Removing stm32f1xx_hal_exti.o(.revsh_text), (4 bytes).
    Removing stm32f1xx_hal_exti.o(.rrx_text), (6 bytes).
    Removing stm32f1xx_hal_exti.o(i.HAL_EXTI_ClearConfigLine), (104 bytes).
    Removing stm32f1xx_hal_exti.o(i.HAL_EXTI_ClearPending), (20 bytes).
    Removing stm32f1xx_hal_exti.o(i.HAL_EXTI_GenerateSWI), (20 bytes).
    Removing stm32f1xx_hal_exti.o(i.HAL_EXTI_GetConfigLine), (152 bytes).
    Removing stm32f1xx_hal_exti.o(i.HAL_EXTI_GetHandle), (12 bytes).
    Removing stm32f1xx_hal_exti.o(i.HAL_EXTI_GetPending), (24 bytes).
    Removing stm32f1xx_hal_exti.o(i.HAL_EXTI_IRQHandler), (36 bytes).
    Removing stm32f1xx_hal_exti.o(i.HAL_EXTI_RegisterCallback), (14 bytes).
    Removing stm32f1xx_hal_exti.o(i.HAL_EXTI_SetConfigLine), (164 bytes).
    Removing stm32f1xx_hal_spi.o(.rev16_text), (4 bytes).
    Removing stm32f1xx_hal_spi.o(.revsh_text), (4 bytes).
    Removing stm32f1xx_hal_spi.o(.rrx_text), (6 bytes).
    Removing stm32f1xx_hal_spi.o(i.HAL_SPI_Abort), (288 bytes).
    Removing stm32f1xx_hal_spi.o(i.HAL_SPI_AbortCpltCallback), (2 bytes).
    Removing stm32f1xx_hal_spi.o(i.HAL_SPI_Abort_IT), (288 bytes).
    Removing stm32f1xx_hal_spi.o(i.HAL_SPI_DMAPause), (38 bytes).
    Removing stm32f1xx_hal_spi.o(i.HAL_SPI_DMAResume), (38 bytes).
    Removing stm32f1xx_hal_spi.o(i.HAL_SPI_DMAStop), (66 bytes).
    Removing stm32f1xx_hal_spi.o(i.HAL_SPI_DeInit), (46 bytes).
    Removing stm32f1xx_hal_spi.o(i.HAL_SPI_ErrorCallback), (2 bytes).
    Removing stm32f1xx_hal_spi.o(i.HAL_SPI_GetError), (4 bytes).
    Removing stm32f1xx_hal_spi.o(i.HAL_SPI_GetState), (6 bytes).
    Removing stm32f1xx_hal_spi.o(i.HAL_SPI_IRQHandler), (224 bytes).
    Removing stm32f1xx_hal_spi.o(i.HAL_SPI_MspDeInit), (2 bytes).
    Removing stm32f1xx_hal_spi.o(i.HAL_SPI_MspInit), (2 bytes).
    Removing stm32f1xx_hal_spi.o(i.HAL_SPI_Receive), (346 bytes).
    Removing stm32f1xx_hal_spi.o(i.HAL_SPI_Receive_DMA), (244 bytes).
    Removing stm32f1xx_hal_spi.o(i.HAL_SPI_Receive_IT), (176 bytes).
    Removing stm32f1xx_hal_spi.o(i.HAL_SPI_RxCpltCallback), (2 bytes).
    Removing stm32f1xx_hal_spi.o(i.HAL_SPI_RxHalfCpltCallback), (2 bytes).
    Removing stm32f1xx_hal_spi.o(i.HAL_SPI_TransmitReceive), (482 bytes).
    Removing stm32f1xx_hal_spi.o(i.HAL_SPI_TransmitReceive_DMA), (292 bytes).
    Removing stm32f1xx_hal_spi.o(i.HAL_SPI_TransmitReceive_IT), (164 bytes).
    Removing stm32f1xx_hal_spi.o(i.HAL_SPI_Transmit_DMA), (216 bytes).
    Removing stm32f1xx_hal_spi.o(i.HAL_SPI_Transmit_IT), (148 bytes).
    Removing stm32f1xx_hal_spi.o(i.HAL_SPI_TxCpltCallback), (2 bytes).
    Removing stm32f1xx_hal_spi.o(i.HAL_SPI_TxHalfCpltCallback), (2 bytes).
    Removing stm32f1xx_hal_spi.o(i.HAL_SPI_TxRxCpltCallback), (2 bytes).
    Removing stm32f1xx_hal_spi.o(i.HAL_SPI_TxRxHalfCpltCallback), (2 bytes).
    Removing stm32f1xx_hal_spi.o(i.SPI_2linesRxISR_16BIT), (48 bytes).
    Removing stm32f1xx_hal_spi.o(i.SPI_2linesRxISR_8BIT), (48 bytes).
    Removing stm32f1xx_hal_spi.o(i.SPI_2linesTxISR_16BIT), (48 bytes).
    Removing stm32f1xx_hal_spi.o(i.SPI_2linesTxISR_8BIT), (48 bytes).
    Removing stm32f1xx_hal_spi.o(i.SPI_AbortRx_ISR), (80 bytes).
    Removing stm32f1xx_hal_spi.o(i.SPI_AbortTx_ISR), (28 bytes).
    Removing stm32f1xx_hal_spi.o(i.SPI_CloseRxTx_ISR), (144 bytes).
    Removing stm32f1xx_hal_spi.o(i.SPI_CloseRx_ISR), (76 bytes).
    Removing stm32f1xx_hal_spi.o(i.SPI_CloseTx_ISR), (124 bytes).
    Removing stm32f1xx_hal_spi.o(i.SPI_DMAAbortOnError), (16 bytes).
    Removing stm32f1xx_hal_spi.o(i.SPI_DMAError), (34 bytes).
    Removing stm32f1xx_hal_spi.o(i.SPI_DMAHalfReceiveCplt), (10 bytes).
    Removing stm32f1xx_hal_spi.o(i.SPI_DMAHalfTransmitCplt), (10 bytes).
    Removing stm32f1xx_hal_spi.o(i.SPI_DMAHalfTransmitReceiveCplt), (10 bytes).
    Removing stm32f1xx_hal_spi.o(i.SPI_DMAReceiveCplt), (106 bytes).
    Removing stm32f1xx_hal_spi.o(i.SPI_DMARxAbortCallback), (98 bytes).
    Removing stm32f1xx_hal_spi.o(i.SPI_DMATransmitCplt), (100 bytes).
    Removing stm32f1xx_hal_spi.o(i.SPI_DMATransmitReceiveCplt), (90 bytes).
    Removing stm32f1xx_hal_spi.o(i.SPI_DMATxAbortCallback), (112 bytes).
    Removing stm32f1xx_hal_spi.o(i.SPI_EndRxTransaction), (92 bytes).
    Removing stm32f1xx_hal_spi.o(i.SPI_RxISR_16BIT), (32 bytes).
    Removing stm32f1xx_hal_spi.o(i.SPI_RxISR_8BIT), (32 bytes).
    Removing stm32f1xx_hal_spi.o(i.SPI_TxISR_16BIT), (32 bytes).
    Removing stm32f1xx_hal_spi.o(i.SPI_TxISR_8BIT), (32 bytes).
    Removing stm32f1xx_hal_tim.o(.rev16_text), (4 bytes).
    Removing stm32f1xx_hal_tim.o(.revsh_text), (4 bytes).
    Removing stm32f1xx_hal_tim.o(.rrx_text), (6 bytes).
    Removing stm32f1xx_hal_tim_ex.o(.rev16_text), (4 bytes).
    Removing stm32f1xx_hal_tim_ex.o(.revsh_text), (4 bytes).
    Removing stm32f1xx_hal_tim_ex.o(.rrx_text), (6 bytes).
    Removing stm32f1xx_hal_uart.o(.rev16_text), (4 bytes).
    Removing stm32f1xx_hal_uart.o(.revsh_text), (4 bytes).
    Removing stm32f1xx_hal_uart.o(.rrx_text), (6 bytes).
    Removing stm32f1xx_hal_uart.o(i.HAL_HalfDuplex_EnableReceiver), (50 bytes).
    Removing stm32f1xx_hal_uart.o(i.HAL_HalfDuplex_EnableTransmitter), (50 bytes).
    Removing stm32f1xx_hal_uart.o(i.HAL_HalfDuplex_Init), (108 bytes).
    Removing stm32f1xx_hal_uart.o(i.HAL_LIN_Init), (128 bytes).
    Removing stm32f1xx_hal_uart.o(i.HAL_LIN_SendBreak), (46 bytes).
    Removing stm32f1xx_hal_uart.o(i.HAL_MultiProcessor_EnterMuteMode), (46 bytes).
    Removing stm32f1xx_hal_uart.o(i.HAL_MultiProcessor_ExitMuteMode), (46 bytes).
    Removing stm32f1xx_hal_uart.o(i.HAL_MultiProcessor_Init), (142 bytes).
    Removing stm32f1xx_hal_uart.o(i.HAL_UART_Abort), (138 bytes).
    Removing stm32f1xx_hal_uart.o(i.HAL_UART_AbortCpltCallback), (2 bytes).
    Removing stm32f1xx_hal_uart.o(i.HAL_UART_AbortReceive), (88 bytes).
    Removing stm32f1xx_hal_uart.o(i.HAL_UART_AbortReceiveCpltCallback), (2 bytes).
    Removing stm32f1xx_hal_uart.o(i.HAL_UART_AbortReceive_IT), (92 bytes).
    Removing stm32f1xx_hal_uart.o(i.HAL_UART_AbortTransmit), (78 bytes).
    Removing stm32f1xx_hal_uart.o(i.HAL_UART_AbortTransmitCpltCallback), (2 bytes).
    Removing stm32f1xx_hal_uart.o(i.HAL_UART_AbortTransmit_IT), (84 bytes).
    Removing stm32f1xx_hal_uart.o(i.HAL_UART_Abort_IT), (172 bytes).
    Removing stm32f1xx_hal_uart.o(i.HAL_UART_DMAPause), (102 bytes).
    Removing stm32f1xx_hal_uart.o(i.HAL_UART_DMAResume), (94 bytes).
    Removing stm32f1xx_hal_uart.o(i.HAL_UART_DMAStop), (88 bytes).
    Removing stm32f1xx_hal_uart.o(i.HAL_UART_DeInit), (50 bytes).
    Removing stm32f1xx_hal_uart.o(i.HAL_UART_GetError), (4 bytes).
    Removing stm32f1xx_hal_uart.o(i.HAL_UART_GetState), (10 bytes).
    Removing stm32f1xx_hal_uart.o(i.HAL_UART_MspDeInit), (2 bytes).
    Removing stm32f1xx_hal_uart.o(i.HAL_UART_MspInit), (2 bytes).
    Removing stm32f1xx_hal_uart.o(i.HAL_UART_Receive), (188 bytes).
    Removing stm32f1xx_hal_uart.o(i.HAL_UART_Receive_DMA), (152 bytes).
    Removing stm32f1xx_hal_uart.o(i.HAL_UART_RxCpltCallback), (2 bytes).
    Removing stm32f1xx_hal_uart.o(i.HAL_UART_RxHalfCpltCallback), (2 bytes).
    Removing stm32f1xx_hal_uart.o(i.HAL_UART_Transmit), (178 bytes).
    Removing stm32f1xx_hal_uart.o(i.HAL_UART_Transmit_DMA), (128 bytes).
    Removing stm32f1xx_hal_uart.o(i.HAL_UART_Transmit_IT), (62 bytes).
    Removing stm32f1xx_hal_uart.o(i.HAL_UART_TxHalfCpltCallback), (2 bytes).
    Removing stm32f1xx_hal_uart.o(i.UART_DMAError), (74 bytes).
    Removing stm32f1xx_hal_uart.o(i.UART_DMAReceiveCplt), (60 bytes).
    Removing stm32f1xx_hal_uart.o(i.UART_DMARxAbortCallback), (42 bytes).
    Removing stm32f1xx_hal_uart.o(i.UART_DMARxHalfCplt), (10 bytes).
    Removing stm32f1xx_hal_uart.o(i.UART_DMARxOnlyAbortCallback), (20 bytes).
    Removing stm32f1xx_hal_uart.o(i.UART_DMATransmitCplt), (46 bytes).
    Removing stm32f1xx_hal_uart.o(i.UART_DMATxAbortCallback), (42 bytes).
    Removing stm32f1xx_hal_uart.o(i.UART_DMATxHalfCplt), (10 bytes).
    Removing stm32f1xx_hal_uart.o(i.UART_DMATxOnlyAbortCallback), (20 bytes).
    Removing stm32f1xx_hal_uart.o(i.UART_EndTxTransfer), (18 bytes).
    Removing stm32f1xx_hal_uart.o(i.UART_WaitOnFlagUntilTimeout), (100 bytes).
    Removing system_stm32f1xx.o(.rev16_text), (4 bytes).
    Removing system_stm32f1xx.o(.revsh_text), (4 bytes).
    Removing system_stm32f1xx.o(.rrx_text), (6 bytes).
    Removing system_stm32f1xx.o(i.SystemCoreClockUpdate), (104 bytes).
    Removing event_groups.o(i.prvTestWaitCondition), (20 bytes).
    Removing event_groups.o(i.vEventGroupClearBitsCallback), (4 bytes).
    Removing event_groups.o(i.vEventGroupDelete), (74 bytes).
    Removing event_groups.o(i.vEventGroupSetBitsCallback), (4 bytes).
    Removing event_groups.o(i.xEventGroupClearBits), (64 bytes).
    Removing event_groups.o(i.xEventGroupCreate), (28 bytes).
    Removing event_groups.o(i.xEventGroupCreateStatic), (44 bytes).
    Removing event_groups.o(i.xEventGroupGetBitsFromISR), (26 bytes).
    Removing event_groups.o(i.xEventGroupSetBits), (140 bytes).
    Removing event_groups.o(i.xEventGroupSync), (204 bytes).
    Removing event_groups.o(i.xEventGroupWaitBits), (264 bytes).
    Removing queue.o(i.pcQueueGetName), (40 bytes).
    Removing queue.o(i.prvCopyDataFromQueue), (38 bytes).
    Removing queue.o(i.prvCopyDataToQueue), (108 bytes).
    Removing queue.o(i.prvInitialiseMutex), (22 bytes).
    Removing queue.o(i.prvInitialiseNewQueue), (22 bytes).
    Removing queue.o(i.prvIsQueueEmpty), (28 bytes).
    Removing queue.o(i.prvUnlockQueue), (106 bytes).
    Removing queue.o(i.uxQueueMessagesWaiting), (36 bytes).
    Removing queue.o(i.uxQueueMessagesWaitingFromISR), (22 bytes).
    Removing queue.o(i.uxQueueSpacesAvailable), (40 bytes).
    Removing queue.o(i.vQueueAddToRegistry), (40 bytes).
    Removing queue.o(i.vQueueDelete), (46 bytes).
    Removing queue.o(i.vQueueUnregisterQueue), (40 bytes).
    Removing queue.o(i.xQueueCreateMutex), (22 bytes).
    Removing queue.o(i.xQueueCreateMutexStatic), (26 bytes).
    Removing queue.o(i.xQueueGenericCreate), (72 bytes).
    Removing queue.o(i.xQueueGenericCreateStatic), (102 bytes).
    Removing queue.o(i.xQueueGenericReset), (136 bytes).
    Removing queue.o(i.xQueueGenericSend), (352 bytes).
    Removing queue.o(i.xQueueGenericSendFromISR), (188 bytes).
    Removing queue.o(i.xQueueGiveFromISR), (156 bytes).
    Removing queue.o(i.xQueueIsQueueEmptyFromISR), (30 bytes).
    Removing queue.o(i.xQueueIsQueueFullFromISR), (34 bytes).
    Removing queue.o(i.xQueuePeek), (308 bytes).
    Removing queue.o(i.xQueuePeekFromISR), (116 bytes).
    Removing queue.o(i.xQueueReceive), (312 bytes).
    Removing queue.o(i.xQueueReceiveFromISR), (154 bytes).
    Removing queue.o(i.xQueueSemaphoreTake), (376 bytes).
    Removing queue.o(.bss), (64 bytes).
    Removing stream_buffer.o(i.prvBytesInBuffer), (18 bytes).
    Removing stream_buffer.o(i.prvInitialiseNewStreamBuffer), (76 bytes).
    Removing stream_buffer.o(i.prvReadBytesFromBuffer), (140 bytes).
    Removing stream_buffer.o(i.prvReadMessageFromBuffer), (66 bytes).
    Removing stream_buffer.o(i.prvWriteBytesToBuffer), (130 bytes).
    Removing stream_buffer.o(i.prvWriteMessageToBuffer), (60 bytes).
    Removing stream_buffer.o(i.vStreamBufferDelete), (34 bytes).
    Removing stream_buffer.o(i.xStreamBufferBytesAvailable), (22 bytes).
    Removing stream_buffer.o(i.xStreamBufferGenericCreate), (82 bytes).
    Removing stream_buffer.o(i.xStreamBufferGenericCreateStatic), (114 bytes).
    Removing stream_buffer.o(i.xStreamBufferIsEmpty), (34 bytes).
    Removing stream_buffer.o(i.xStreamBufferIsFull), (48 bytes).
    Removing stream_buffer.o(i.xStreamBufferReceive), (212 bytes).
    Removing stream_buffer.o(i.xStreamBufferReceiveCompletedFromISR), (70 bytes).
    Removing stream_buffer.o(i.xStreamBufferReceiveFromISR), (144 bytes).
    Removing stream_buffer.o(i.xStreamBufferReset), (58 bytes).
    Removing stream_buffer.o(i.xStreamBufferSend), (236 bytes).
    Removing stream_buffer.o(i.xStreamBufferSendCompletedFromISR), (70 bytes).
    Removing stream_buffer.o(i.xStreamBufferSendFromISR), (142 bytes).
    Removing stream_buffer.o(i.xStreamBufferSetTriggerLevel), (40 bytes).
    Removing stream_buffer.o(i.xStreamBufferSpacesAvailable), (38 bytes).
    Removing tasks.o(i.pcTaskGetName), (32 bytes).
    Removing tasks.o(i.prvTaskIsTaskSuspended), (52 bytes).
    Removing tasks.o(i.pvTaskIncrementMutexHeldCount), (24 bytes).
    Removing tasks.o(i.ulTaskNotifyTake), (104 bytes).
    Removing tasks.o(i.uxTaskGetNumberOfTasks), (12 bytes).
    Removing tasks.o(i.uxTaskPriorityGet), (28 bytes).
    Removing tasks.o(i.uxTaskPriorityGetFromISR), (44 bytes).
    Removing tasks.o(i.uxTaskResetEventItemValue), (24 bytes).
    Removing tasks.o(i.vTaskDelete), (172 bytes).
    Removing tasks.o(i.vTaskEndScheduler), (28 bytes).
    Removing tasks.o(i.vTaskInternalSetTimeOutState), (16 bytes).
    Removing tasks.o(i.vTaskMissedYield), (12 bytes).
    Removing tasks.o(i.vTaskNotifyGiveFromISR), (184 bytes).
    Removing tasks.o(i.vTaskPlaceOnEventList), (48 bytes).
    Removing tasks.o(i.vTaskPlaceOnUnorderedEventList), (80 bytes).
    Removing tasks.o(i.vTaskPriorityDisinheritAfterTimeout), (168 bytes).
    Removing tasks.o(i.vTaskPrioritySet), (196 bytes).
    Removing tasks.o(i.vTaskRemoveFromUnorderedEventList), (112 bytes).
    Removing tasks.o(i.vTaskResume), (124 bytes).
    Removing tasks.o(i.vTaskSetTimeOutState), (48 bytes).
    Removing tasks.o(i.vTaskSuspend), (188 bytes).
    Removing tasks.o(i.xTaskCheckForTimeOut), (116 bytes).
    Removing tasks.o(i.xTaskGenericNotify), (204 bytes).
    Removing tasks.o(i.xTaskGenericNotifyFromISR), (240 bytes).
    Removing tasks.o(i.xTaskGetCurrentTaskHandle), (12 bytes).
    Removing tasks.o(i.xTaskGetTickCount), (12 bytes).
    Removing tasks.o(i.xTaskGetTickCountFromISR), (16 bytes).
    Removing tasks.o(i.xTaskNotifyStateClear), (52 bytes).
    Removing tasks.o(i.xTaskNotifyWait), (140 bytes).
    Removing tasks.o(i.xTaskPriorityDisinherit), (152 bytes).
    Removing tasks.o(i.xTaskPriorityInherit), (148 bytes).
    Removing tasks.o(i.xTaskRemoveFromEventList), (116 bytes).
    Removing tasks.o(i.xTaskResumeFromISR), (136 bytes).
    Removing cmsis_os.o(.rev16_text), (4 bytes).
    Removing cmsis_os.o(.revsh_text), (4 bytes).
    Removing cmsis_os.o(.rrx_text), (6 bytes).
    Removing cmsis_os.o(i.inHandlerMode), (12 bytes).
    Removing cmsis_os.o(i.makeCmsisPriority), (14 bytes).
    Removing cmsis_os.o(i.osAbortDelay), (4 bytes).
    Removing cmsis_os.o(i.osDelayUntil), (4 bytes).
    Removing cmsis_os.o(i.osKernelRunning), (18 bytes).
    Removing cmsis_os.o(i.osKernelSysTick), (24 bytes).
    Removing cmsis_os.o(i.osMailAlloc), (12 bytes).
    Removing cmsis_os.o(i.osMailCAlloc), (32 bytes).
    Removing cmsis_os.o(i.osMailCreate), (92 bytes).
    Removing cmsis_os.o(i.osMailFree), (12 bytes).
    Removing cmsis_os.o(i.osMailGet), (144 bytes).
    Removing cmsis_os.o(i.osMailPut), (92 bytes).
    Removing cmsis_os.o(i.osMessageAvailableSpace), (4 bytes).
    Removing cmsis_os.o(i.osMessageCreate), (38 bytes).
    Removing cmsis_os.o(i.osMessageDelete), (24 bytes).
    Removing cmsis_os.o(i.osMessageGet), (148 bytes).
    Removing cmsis_os.o(i.osMessagePeek), (74 bytes).
    Removing cmsis_os.o(i.osMessagePut), (92 bytes).
    Removing cmsis_os.o(i.osMessageWaiting), (30 bytes).
    Removing cmsis_os.o(i.osMutexCreate), (16 bytes).
    Removing cmsis_os.o(i.osMutexDelete), (24 bytes).
    Removing cmsis_os.o(i.osMutexRelease), (80 bytes).
    Removing cmsis_os.o(i.osMutexWait), (100 bytes).
    Removing cmsis_os.o(i.osPoolAlloc), (106 bytes).
    Removing cmsis_os.o(i.osPoolCAlloc), (16 bytes).
    Removing cmsis_os.o(i.osPoolCreate), (94 bytes).
    Removing cmsis_os.o(i.osPoolFree), (48 bytes).
    Removing cmsis_os.o(i.osRecursiveMutexCreate), (4 bytes).
    Removing cmsis_os.o(i.osRecursiveMutexRelease), (4 bytes).
    Removing cmsis_os.o(i.osRecursiveMutexWait), (4 bytes).
    Removing cmsis_os.o(i.osSemaphoreCreate), (62 bytes).
    Removing cmsis_os.o(i.osSemaphoreDelete), (24 bytes).
    Removing cmsis_os.o(i.osSemaphoreGetCount), (4 bytes).
    Removing cmsis_os.o(i.osSemaphoreRelease), (80 bytes).
    Removing cmsis_os.o(i.osSemaphoreWait), (100 bytes).
    Removing cmsis_os.o(i.osSignalSet), (92 bytes).
    Removing cmsis_os.o(i.osSignalWait), (86 bytes).
    Removing cmsis_os.o(i.osSystickHandler), (20 bytes).
    Removing cmsis_os.o(i.osThreadGetId), (4 bytes).
    Removing cmsis_os.o(i.osThreadGetPriority), (32 bytes).
    Removing cmsis_os.o(i.osThreadList), (4 bytes).
    Removing cmsis_os.o(i.osThreadResume), (52 bytes).
    Removing cmsis_os.o(i.osThreadResumeAll), (18 bytes).
    Removing cmsis_os.o(i.osThreadSetPriority), (22 bytes).
    Removing cmsis_os.o(i.osThreadSuspend), (10 bytes).
    Removing cmsis_os.o(i.osThreadSuspendAll), (10 bytes).
    Removing cmsis_os.o(i.osThreadTerminate), (10 bytes).
    Removing cmsis_os.o(i.osThreadYield), (24 bytes).
    Removing cmsis_os.o(i.osTimerCreate), (4 bytes).
    Removing cmsis_os.o(i.osTimerDelete), (4 bytes).
    Removing cmsis_os.o(i.osTimerStart), (4 bytes).
    Removing cmsis_os.o(i.osTimerStop), (4 bytes).
    Removing heap_4.o(i.vPortInitialiseBlocks), (2 bytes).
    Removing heap_4.o(i.xPortGetFreeHeapSize), (12 bytes).
    Removing heap_4.o(i.xPortGetMinimumEverFreeHeapSize), (12 bytes).
    Removing port.o(i.vPortEndScheduler), (32 bytes).
    Removing port.o(i.vPortValidateInterruptPriority), (84 bytes).
    Removing fadd.o(.text), (176 bytes).
    Removing fmul.o(.text), (100 bytes).
    Removing fflti.o(.text), (18 bytes).
    Removing ffltui.o(.text), (10 bytes).
    Removing ffixui.o(.text), (40 bytes).
    Removing fepilogue.o(.text), (110 bytes).

470 unused section(s) (total 32410 bytes) removed from the image.

==============================================================================

Image Symbol Table

    Local Symbols

    Symbol Name                              Value     Ov Type        Size  Object(Section)

    ../Core/Src/freertos.c                   0x00000000   Number         0  freertos.o ABSOLUTE
    ../Core/Src/main.c                       0x00000000   Number         0  main.o ABSOLUTE
    ../Core/Src/stm32f1xx_hal_msp.c          0x00000000   Number         0  stm32f1xx_hal_msp.o ABSOLUTE
    ../Core/Src/stm32f1xx_it.c               0x00000000   Number         0  stm32f1xx_it.o ABSOLUTE
    ../Core/Src/system_stm32f1xx.c           0x00000000   Number         0  system_stm32f1xx.o ABSOLUTE
    ../Drivers/STM32F1xx_HAL_Driver/Src/stm32f1xx_hal.c 0x00000000   Number         0  stm32f1xx_hal.o ABSOLUTE
    ../Drivers/STM32F1xx_HAL_Driver/Src/stm32f1xx_hal_cortex.c 0x00000000   Number         0  stm32f1xx_hal_cortex.o ABSOLUTE
    ../Drivers/STM32F1xx_HAL_Driver/Src/stm32f1xx_hal_dma.c 0x00000000   Number         0  stm32f1xx_hal_dma.o ABSOLUTE
    ../Drivers/STM32F1xx_HAL_Driver/Src/stm32f1xx_hal_exti.c 0x00000000   Number         0  stm32f1xx_hal_exti.o ABSOLUTE
    ../Drivers/STM32F1xx_HAL_Driver/Src/stm32f1xx_hal_flash.c 0x00000000   Number         0  stm32f1xx_hal_flash.o ABSOLUTE
    ../Drivers/STM32F1xx_HAL_Driver/Src/stm32f1xx_hal_flash_ex.c 0x00000000   Number         0  stm32f1xx_hal_flash_ex.o ABSOLUTE
    ../Drivers/STM32F1xx_HAL_Driver/Src/stm32f1xx_hal_gpio.c 0x00000000   Number         0  stm32f1xx_hal_gpio.o ABSOLUTE
    ../Drivers/STM32F1xx_HAL_Driver/Src/stm32f1xx_hal_gpio_ex.c 0x00000000   Number         0  stm32f1xx_hal_gpio_ex.o ABSOLUTE
    ../Drivers/STM32F1xx_HAL_Driver/Src/stm32f1xx_hal_pwr.c 0x00000000   Number         0  stm32f1xx_hal_pwr.o ABSOLUTE
    ../Drivers/STM32F1xx_HAL_Driver/Src/stm32f1xx_hal_rcc.c 0x00000000   Number         0  stm32f1xx_hal_rcc.o ABSOLUTE
    ../Drivers/STM32F1xx_HAL_Driver/Src/stm32f1xx_hal_rcc_ex.c 0x00000000   Number         0  stm32f1xx_hal_rcc_ex.o ABSOLUTE
    ../Drivers/STM32F1xx_HAL_Driver/Src/stm32f1xx_hal_spi.c 0x00000000   Number         0  stm32f1xx_hal_spi.o ABSOLUTE
    ../Drivers/STM32F1xx_HAL_Driver/Src/stm32f1xx_hal_tim.c 0x00000000   Number         0  stm32f1xx_hal_tim.o ABSOLUTE
    ../Drivers/STM32F1xx_HAL_Driver/Src/stm32f1xx_hal_tim_ex.c 0x00000000   Number         0  stm32f1xx_hal_tim_ex.o ABSOLUTE
    ../Drivers/STM32F1xx_HAL_Driver/Src/stm32f1xx_hal_uart.c 0x00000000   Number         0  stm32f1xx_hal_uart.o ABSOLUTE
    ../Middlewares/Third_Party/FreeRTOS/Source/CMSIS_RTOS/cmsis_os.c 0x00000000   Number         0  cmsis_os.o ABSOLUTE
    ../Middlewares/Third_Party/FreeRTOS/Source/croutine.c 0x00000000   Number         0  croutine.o ABSOLUTE
    ../Middlewares/Third_Party/FreeRTOS/Source/event_groups.c 0x00000000   Number         0  event_groups.o ABSOLUTE
    ../Middlewares/Third_Party/FreeRTOS/Source/list.c 0x00000000   Number         0  list.o ABSOLUTE
    ../Middlewares/Third_Party/FreeRTOS/Source/portable/MemMang/heap_4.c 0x00000000   Number         0  heap_4.o ABSOLUTE
    ../Middlewares/Third_Party/FreeRTOS/Source/portable/RVDS/ARM_CM3/port.c 0x00000000   Number         0  port.o ABSOLUTE
    ../Middlewares/Third_Party/FreeRTOS/Source/queue.c 0x00000000   Number         0  queue.o ABSOLUTE
    ../Middlewares/Third_Party/FreeRTOS/Source/stream_buffer.c 0x00000000   Number         0  stream_buffer.o ABSOLUTE
    ../Middlewares/Third_Party/FreeRTOS/Source/tasks.c 0x00000000   Number         0  tasks.o ABSOLUTE
    ../Middlewares/Third_Party/FreeRTOS/Source/timers.c 0x00000000   Number         0  timers.o ABSOLUTE
    ../clib/microlib/init/entry.s            0x00000000   Number         0  entry2.o ABSOLUTE
    ../clib/microlib/init/entry.s            0x00000000   Number         0  entry10a.o ABSOLUTE
    ../clib/microlib/init/entry.s            0x00000000   Number         0  entry8a.o ABSOLUTE
    ../clib/microlib/init/entry.s            0x00000000   Number         0  entry9a.o ABSOLUTE
    ../clib/microlib/init/entry.s            0x00000000   Number         0  entry9b.o ABSOLUTE
    ../clib/microlib/init/entry.s            0x00000000   Number         0  entry10b.o ABSOLUTE
    ../clib/microlib/init/entry.s            0x00000000   Number         0  entry11a.o ABSOLUTE
    ../clib/microlib/init/entry.s            0x00000000   Number         0  entry11b.o ABSOLUTE
    ../clib/microlib/init/entry.s            0x00000000   Number         0  entry.o ABSOLUTE
    ../clib/microlib/init/entry.s            0x00000000   Number         0  entry8b.o ABSOLUTE
    ../clib/microlib/init/entry.s            0x00000000   Number         0  entry7b.o ABSOLUTE
    ../clib/microlib/init/entry.s            0x00000000   Number         0  entry7a.o ABSOLUTE
    ../clib/microlib/init/entry.s            0x00000000   Number         0  entry5.o ABSOLUTE
    ../clib/microlib/longlong.c              0x00000000   Number         0  llushr.o ABSOLUTE
    ../clib/microlib/string/memcpy.c         0x00000000   Number         0  memcpya.o ABSOLUTE
    ../clib/microlib/string/memcpy.c         0x00000000   Number         0  memcpyb.o ABSOLUTE
    ../clib/microlib/string/memset.c         0x00000000   Number         0  memseta.o ABSOLUTE
    ../clib/microlib/string/memset.c         0x00000000   Number         0  memset.o ABSOLUTE
    ../clib/microlib/stubs.s                 0x00000000   Number         0  iusefp.o ABSOLUTE
    ../fplib/microlib/fpadd.c                0x00000000   Number         0  fadd.o ABSOLUTE
    ../fplib/microlib/fpepilogue.c           0x00000000   Number         0  fepilogue.o ABSOLUTE
    ../fplib/microlib/fpfix.c                0x00000000   Number         0  ffixui.o ABSOLUTE
    ../fplib/microlib/fpflt.c                0x00000000   Number         0  fflti.o ABSOLUTE
    ../fplib/microlib/fpflt.c                0x00000000   Number         0  ffltui.o ABSOLUTE
    ../fplib/microlib/fpmul.c                0x00000000   Number         0  fmul.o ABSOLUTE
    ..\Core\Src\ILI9341_Driver.c             0x00000000   Number         0  ili9341_driver.o ABSOLUTE
    ..\Core\Src\Touch.c                      0x00000000   Number         0  touch.o ABSOLUTE
    ..\Core\Src\display.c                    0x00000000   Number         0  display.o ABSOLUTE
    ..\Core\Src\freertos.c                   0x00000000   Number         0  freertos.o ABSOLUTE
    ..\Core\Src\main.c                       0x00000000   Number         0  main.o ABSOLUTE
    ..\Core\Src\stm32f1xx_hal_msp.c          0x00000000   Number         0  stm32f1xx_hal_msp.o ABSOLUTE
    ..\Core\Src\stm32f1xx_it.c               0x00000000   Number         0  stm32f1xx_it.o ABSOLUTE
    ..\Core\Src\system_stm32f1xx.c           0x00000000   Number         0  system_stm32f1xx.o ABSOLUTE
    ..\Drivers\STM32F1xx_HAL_Driver\Src\stm32f1xx_hal.c 0x00000000   Number         0  stm32f1xx_hal.o ABSOLUTE
    ..\Drivers\STM32F1xx_HAL_Driver\Src\stm32f1xx_hal_cortex.c 0x00000000   Number         0  stm32f1xx_hal_cortex.o ABSOLUTE
    ..\Drivers\STM32F1xx_HAL_Driver\Src\stm32f1xx_hal_dma.c 0x00000000   Number         0  stm32f1xx_hal_dma.o ABSOLUTE
    ..\Drivers\STM32F1xx_HAL_Driver\Src\stm32f1xx_hal_exti.c 0x00000000   Number         0  stm32f1xx_hal_exti.o ABSOLUTE
    ..\Drivers\STM32F1xx_HAL_Driver\Src\stm32f1xx_hal_flash.c 0x00000000   Number         0  stm32f1xx_hal_flash.o ABSOLUTE
    ..\Drivers\STM32F1xx_HAL_Driver\Src\stm32f1xx_hal_flash_ex.c 0x00000000   Number         0  stm32f1xx_hal_flash_ex.o ABSOLUTE
    ..\Drivers\STM32F1xx_HAL_Driver\Src\stm32f1xx_hal_gpio.c 0x00000000   Number         0  stm32f1xx_hal_gpio.o ABSOLUTE
    ..\Drivers\STM32F1xx_HAL_Driver\Src\stm32f1xx_hal_gpio_ex.c 0x00000000   Number         0  stm32f1xx_hal_gpio_ex.o ABSOLUTE
    ..\Drivers\STM32F1xx_HAL_Driver\Src\stm32f1xx_hal_pwr.c 0x00000000   Number         0  stm32f1xx_hal_pwr.o ABSOLUTE
    ..\Drivers\STM32F1xx_HAL_Driver\Src\stm32f1xx_hal_rcc.c 0x00000000   Number         0  stm32f1xx_hal_rcc.o ABSOLUTE
    ..\Drivers\STM32F1xx_HAL_Driver\Src\stm32f1xx_hal_rcc_ex.c 0x00000000   Number         0  stm32f1xx_hal_rcc_ex.o ABSOLUTE
    ..\Drivers\STM32F1xx_HAL_Driver\Src\stm32f1xx_hal_spi.c 0x00000000   Number         0  stm32f1xx_hal_spi.o ABSOLUTE
    ..\Drivers\STM32F1xx_HAL_Driver\Src\stm32f1xx_hal_tim.c 0x00000000   Number         0  stm32f1xx_hal_tim.o ABSOLUTE
    ..\Drivers\STM32F1xx_HAL_Driver\Src\stm32f1xx_hal_tim_ex.c 0x00000000   Number         0  stm32f1xx_hal_tim_ex.o ABSOLUTE
    ..\Drivers\STM32F1xx_HAL_Driver\Src\stm32f1xx_hal_uart.c 0x00000000   Number         0  stm32f1xx_hal_uart.o ABSOLUTE
    ..\Middlewares\Third_Party\FreeRTOS\Source\CMSIS_RTOS\cmsis_os.c 0x00000000   Number         0  cmsis_os.o ABSOLUTE
    ..\Middlewares\Third_Party\FreeRTOS\Source\portable\RVDS\ARM_CM3\port.c 0x00000000   Number         0  port.o ABSOLUTE
    ..\\Core\\Src\\ILI9341_Driver.c          0x00000000   Number         0  ili9341_driver.o ABSOLUTE
    ..\\Core\\Src\\Touch.c                   0x00000000   Number         0  touch.o ABSOLUTE
    ..\\Core\\Src\\display.c                 0x00000000   Number         0  display.o ABSOLUTE
    dc.s                                     0x00000000   Number         0  dc.o ABSOLUTE
    handlers.s                               0x00000000   Number         0  handlers.o ABSOLUTE
    init.s                                   0x00000000   Number         0  init.o ABSOLUTE
    startup_stm32f103xb.s                    0x00000000   Number         0  startup_stm32f103xb.o ABSOLUTE
    RESET                                    0x08000000   Section      236  startup_stm32f103xb.o(RESET)
    .ARM.Collect$$$$00000000                 0x080000ec   Section        0  entry.o(.ARM.Collect$$$$00000000)
    .ARM.Collect$$$$00000001                 0x080000ec   Section        4  entry2.o(.ARM.Collect$$$$00000001)
    .ARM.Collect$$$$00000004                 0x080000f0   Section        4  entry5.o(.ARM.Collect$$$$00000004)
    .ARM.Collect$$$$00000008                 0x080000f4   Section        0  entry7b.o(.ARM.Collect$$$$00000008)
    .ARM.Collect$$$$0000000A                 0x080000f4   Section        0  entry8b.o(.ARM.Collect$$$$0000000A)
    .ARM.Collect$$$$0000000B                 0x080000f4   Section        8  entry9a.o(.ARM.Collect$$$$0000000B)
    .ARM.Collect$$$$0000000D                 0x080000fc   Section        0  entry10a.o(.ARM.Collect$$$$0000000D)
    .ARM.Collect$$$$0000000F                 0x080000fc   Section        0  entry11a.o(.ARM.Collect$$$$0000000F)
    .ARM.Collect$$$$00002712                 0x080000fc   Section        4  entry2.o(.ARM.Collect$$$$00002712)
    __lit__00000000                          0x080000fc   Data           4  entry2.o(.ARM.Collect$$$$00002712)
    .emb_text                                0x08000100   Section      150  port.o(.emb_text)
    .text                                    0x08000198   Section       36  startup_stm32f103xb.o(.text)
    .text                                    0x080001bc   Section        0  memcpya.o(.text)
    .text                                    0x080001e0   Section        0  memseta.o(.text)
    .text                                    0x08000204   Section       36  init.o(.text)
    i.BusFault_Handler                       0x08000228   Section        0  stm32f1xx_it.o(i.BusFault_Handler)
    i.DebugMon_Handler                       0x0800022a   Section        0  stm32f1xx_it.o(i.DebugMon_Handler)
    i.Display_Color_Picture                  0x0800022c   Section        0  display.o(i.Display_Color_Picture)
    i.Error_Handler                          0x0800026c   Section        0  main.o(i.Error_Handler)
    i.HAL_DMA_Abort_IT                       0x08000270   Section        0  stm32f1xx_hal_dma.o(i.HAL_DMA_Abort_IT)
    i.HAL_Delay                              0x08000308   Section        0  stm32f1xx_hal.o(i.HAL_Delay)
    i.HAL_GPIO_Init                          0x0800032c   Section        0  stm32f1xx_hal_gpio.o(i.HAL_GPIO_Init)
    i.HAL_GPIO_WritePin                      0x0800050c   Section        0  stm32f1xx_hal_gpio.o(i.HAL_GPIO_WritePin)
    i.HAL_GetTick                            0x08000518   Section        0  stm32f1xx_hal.o(i.HAL_GetTick)
    i.HAL_IncTick                            0x08000524   Section        0  stm32f1xx_hal.o(i.HAL_IncTick)
    i.HAL_Init                               0x08000534   Section        0  stm32f1xx_hal.o(i.HAL_Init)
    i.HAL_InitTick                           0x08000558   Section        0  stm32f1xx_hal.o(i.HAL_InitTick)
    i.HAL_MspInit                            0x08000598   Section        0  stm32f1xx_hal_msp.o(i.HAL_MspInit)
    i.HAL_NVIC_EnableIRQ                     0x080005e0   Section        0  stm32f1xx_hal_cortex.o(i.HAL_NVIC_EnableIRQ)
    i.HAL_NVIC_SetPriority                   0x080005fc   Section        0  stm32f1xx_hal_cortex.o(i.HAL_NVIC_SetPriority)
    i.HAL_NVIC_SetPriorityGrouping           0x0800063c   Section        0  stm32f1xx_hal_cortex.o(i.HAL_NVIC_SetPriorityGrouping)
    i.HAL_RCC_ClockConfig                    0x08000660   Section        0  stm32f1xx_hal_rcc.o(i.HAL_RCC_ClockConfig)
    i.HAL_RCC_GetPCLK1Freq                   0x0800078c   Section        0  stm32f1xx_hal_rcc.o(i.HAL_RCC_GetPCLK1Freq)
    i.HAL_RCC_GetPCLK2Freq                   0x080007ac   Section        0  stm32f1xx_hal_rcc.o(i.HAL_RCC_GetPCLK2Freq)
    i.HAL_RCC_GetSysClockFreq                0x080007cc   Section        0  stm32f1xx_hal_rcc.o(i.HAL_RCC_GetSysClockFreq)
    i.HAL_RCC_OscConfig                      0x08000838   Section        0  stm32f1xx_hal_rcc.o(i.HAL_RCC_OscConfig)
    i.HAL_SPI_Init                           0x08000b58   Section        0  stm32f1xx_hal_spi.o(i.HAL_SPI_Init)
    i.HAL_SPI_MspInit                        0x08000c0c   Section        0  stm32f1xx_hal_msp.o(i.HAL_SPI_MspInit)
    i.HAL_SPI_Transmit                       0x08000c7c   Section        0  stm32f1xx_hal_spi.o(i.HAL_SPI_Transmit)
    i.HAL_SYSTICK_Config                     0x08000de2   Section        0  stm32f1xx_hal_cortex.o(i.HAL_SYSTICK_Config)
    i.HAL_UART_ErrorCallback                 0x08000e0a   Section        0  stm32f1xx_hal_uart.o(i.HAL_UART_ErrorCallback)
    i.HAL_UART_IRQHandler                    0x08000e0c   Section        0  stm32f1xx_hal_uart.o(i.HAL_UART_IRQHandler)
    i.HAL_UART_Init                          0x08000f68   Section        0  stm32f1xx_hal_uart.o(i.HAL_UART_Init)
    i.HAL_UART_MspInit                       0x08000fcc   Section        0  stm32f1xx_hal_msp.o(i.HAL_UART_MspInit)
    i.HAL_UART_Receive_IT                    0x0800104c   Section        0  stm32f1xx_hal_uart.o(i.HAL_UART_Receive_IT)
    i.HAL_UART_RxCpltCallback                0x080010a0   Section        0  main.o(i.HAL_UART_RxCpltCallback)
    i.HAL_UART_TxCpltCallback                0x080010d4   Section        0  stm32f1xx_hal_uart.o(i.HAL_UART_TxCpltCallback)
    i.HardFault_Handler                      0x080010d6   Section        0  stm32f1xx_it.o(i.HardFault_Handler)
    i.ILI9341_Draw_Char                      0x080010d8   Section        0  ili9341_driver.o(i.ILI9341_Draw_Char)
    ILI9341_Draw_Char                        0x080010d9   Thumb Code   248  ili9341_driver.o(i.ILI9341_Draw_Char)
    i.ILI9341_Draw_Double_Pixel              0x080011dc   Section        0  ili9341_driver.o(i.ILI9341_Draw_Double_Pixel)
    i.ILI9341_Draw_String                    0x08001238   Section        0  ili9341_driver.o(i.ILI9341_Draw_String)
    i.ILI9341_Fill_Screen                    0x080012cc   Section        0  ili9341_driver.o(i.ILI9341_Fill_Screen)
    i.ILI9341_Init                           0x080012f8   Section        0  ili9341_driver.o(i.ILI9341_Init)
    i.ILI9341_Reset                          0x08001500   Section        0  ili9341_driver.o(i.ILI9341_Reset)
    i.ILI9341_SPI_Init                       0x08001548   Section        0  ili9341_driver.o(i.ILI9341_SPI_Init)
    ILI9341_SPI_Init                         0x08001549   Thumb Code    60  ili9341_driver.o(i.ILI9341_SPI_Init)
    i.ILI9341_SPI_Send                       0x0800158c   Section        0  ili9341_driver.o(i.ILI9341_SPI_Send)
    i.ILI9341_SPI_Send_32                    0x080015a0   Section        0  ili9341_driver.o(i.ILI9341_SPI_Send_32)
    i.ILI9341_Send_Burst                     0x080015f0   Section        0  ili9341_driver.o(i.ILI9341_Send_Burst)
    ILI9341_Send_Burst                       0x080015f1   Thumb Code   270  ili9341_driver.o(i.ILI9341_Send_Burst)
    i.ILI9341_Send_Command                   0x08001704   Section        0  ili9341_driver.o(i.ILI9341_Send_Command)
    ILI9341_Send_Command                     0x08001705   Thumb Code    36  ili9341_driver.o(i.ILI9341_Send_Command)
    i.ILI9341_Send_Data                      0x0800172c   Section        0  ili9341_driver.o(i.ILI9341_Send_Data)
    ILI9341_Send_Data                        0x0800172d   Thumb Code    36  ili9341_driver.o(i.ILI9341_Send_Data)
    i.ILI9341_Set_Address                    0x08001754   Section        0  ili9341_driver.o(i.ILI9341_Set_Address)
    i.ILI9341_Set_Rotation                   0x08001774   Section        0  ili9341_driver.o(i.ILI9341_Set_Rotation)
    i.MX_GPIO_Init                           0x080017bc   Section        0  main.o(i.MX_GPIO_Init)
    MX_GPIO_Init                             0x080017bd   Thumb Code   156  main.o(i.MX_GPIO_Init)
    i.MX_SPI1_Init                           0x08001864   Section        0  main.o(i.MX_SPI1_Init)
    MX_SPI1_Init                             0x08001865   Thumb Code    56  main.o(i.MX_SPI1_Init)
    i.MemManage_Handler                      0x080018a4   Section        0  stm32f1xx_it.o(i.MemManage_Handler)
    i.NMI_Handler                            0x080018a6   Section        0  stm32f1xx_it.o(i.NMI_Handler)
    i.SPI_EndRxTxTransaction                 0x080018a8   Section        0  stm32f1xx_hal_spi.o(i.SPI_EndRxTxTransaction)
    SPI_EndRxTxTransaction                   0x080018a9   Thumb Code    32  stm32f1xx_hal_spi.o(i.SPI_EndRxTxTransaction)
    i.SPI_WaitFlagStateUntilTimeout          0x080018c8   Section        0  stm32f1xx_hal_spi.o(i.SPI_WaitFlagStateUntilTimeout)
    SPI_WaitFlagStateUntilTimeout            0x080018c9   Thumb Code   180  stm32f1xx_hal_spi.o(i.SPI_WaitFlagStateUntilTimeout)
    i.StartDefaultTask                       0x08001980   Section        0  main.o(i.StartDefaultTask)
    i.StartTask02                            0x08001a1c   Section        0  main.o(i.StartTask02)
    i.SysTick_Handler                        0x08001a24   Section        0  stm32f1xx_it.o(i.SysTick_Handler)
    i.SystemClock_Config                     0x08001a3c   Section        0  main.o(i.SystemClock_Config)
    i.SystemInit                             0x08001a9a   Section        0  system_stm32f1xx.o(i.SystemInit)
    i.TP_Init                                0x08001a9c   Section        0  touch.o(i.TP_Init)
    i.UART_DMAAbortOnError                   0x08001af0   Section        0  stm32f1xx_hal_uart.o(i.UART_DMAAbortOnError)
    UART_DMAAbortOnError                     0x08001af1   Thumb Code    16  stm32f1xx_hal_uart.o(i.UART_DMAAbortOnError)
    i.UART_EndRxTransfer                     0x08001b00   Section        0  stm32f1xx_hal_uart.o(i.UART_EndRxTransfer)
    UART_EndRxTransfer                       0x08001b01   Thumb Code    28  stm32f1xx_hal_uart.o(i.UART_EndRxTransfer)
    i.UART_Receive_IT                        0x08001b1c   Section        0  stm32f1xx_hal_uart.o(i.UART_Receive_IT)
    UART_Receive_IT                          0x08001b1d   Thumb Code   140  stm32f1xx_hal_uart.o(i.UART_Receive_IT)
    i.UART_SetConfig                         0x08001ba8   Section        0  stm32f1xx_hal_uart.o(i.UART_SetConfig)
    UART_SetConfig                           0x08001ba9   Thumb Code   178  stm32f1xx_hal_uart.o(i.UART_SetConfig)
    i.USART1_IRQHandler                      0x08001c60   Section        0  stm32f1xx_it.o(i.USART1_IRQHandler)
    i.UsageFault_Handler                     0x08001c6c   Section        0  stm32f1xx_it.o(i.UsageFault_Handler)
    i.__NVIC_SetPriority                     0x08001c6e   Section        0  stm32f1xx_hal_cortex.o(i.__NVIC_SetPriority)
    __NVIC_SetPriority                       0x08001c6f   Thumb Code    32  stm32f1xx_hal_cortex.o(i.__NVIC_SetPriority)
    i.__scatterload_copy                     0x08001c8e   Section       14  handlers.o(i.__scatterload_copy)
    i.__scatterload_null                     0x08001c9c   Section        2  handlers.o(i.__scatterload_null)
    i.__scatterload_zeroinit                 0x08001c9e   Section       14  handlers.o(i.__scatterload_zeroinit)
    i.main                                   0x08001cac   Section        0  main.o(i.main)
    i.makeFreeRtosPriority                   0x08001d3c   Section        0  cmsis_os.o(i.makeFreeRtosPriority)
    makeFreeRtosPriority                     0x08001d3d   Thumb Code    12  cmsis_os.o(i.makeFreeRtosPriority)
    i.osDelay                                0x08001d48   Section        0  cmsis_os.o(i.osDelay)
    i.osKernelStart                          0x08001d56   Section        0  cmsis_os.o(i.osKernelStart)
    i.osThreadCreate                         0x08001d60   Section        0  cmsis_os.o(i.osThreadCreate)
    i.prvAddCurrentTaskToDelayedList         0x08001db4   Section        0  tasks.o(i.prvAddCurrentTaskToDelayedList)
    prvAddCurrentTaskToDelayedList           0x08001db5   Thumb Code   102  tasks.o(i.prvAddCurrentTaskToDelayedList)
    i.prvAddNewTaskToReadyList               0x08001e24   Section        0  tasks.o(i.prvAddNewTaskToReadyList)
    prvAddNewTaskToReadyList                 0x08001e25   Thumb Code   194  tasks.o(i.prvAddNewTaskToReadyList)
    i.prvDeleteTCB                           0x08001ef4   Section        0  tasks.o(i.prvDeleteTCB)
    prvDeleteTCB                             0x08001ef5   Thumb Code    52  tasks.o(i.prvDeleteTCB)
    i.prvHeapInit                            0x08001f28   Section        0  heap_4.o(i.prvHeapInit)
    prvHeapInit                              0x08001f29   Thumb Code    66  heap_4.o(i.prvHeapInit)
    i.prvIdleTask                            0x08001f74   Section        0  tasks.o(i.prvIdleTask)
    prvIdleTask                              0x08001f75   Thumb Code    82  tasks.o(i.prvIdleTask)
    i.prvInitialiseNewTask                   0x08001fd4   Section        0  tasks.o(i.prvInitialiseNewTask)
    prvInitialiseNewTask                     0x08001fd5   Thumb Code   142  tasks.o(i.prvInitialiseNewTask)
    i.prvInsertBlockIntoFreeList             0x08002064   Section        0  heap_4.o(i.prvInsertBlockIntoFreeList)
    prvInsertBlockIntoFreeList               0x08002065   Thumb Code    72  heap_4.o(i.prvInsertBlockIntoFreeList)
    i.prvResetNextTaskUnblockTime            0x080020b0   Section        0  tasks.o(i.prvResetNextTaskUnblockTime)
    prvResetNextTaskUnblockTime              0x080020b1   Thumb Code    26  tasks.o(i.prvResetNextTaskUnblockTime)
    i.prvTaskExitError                       0x080020d0   Section        0  port.o(i.prvTaskExitError)
    prvTaskExitError                         0x080020d1   Thumb Code    36  port.o(i.prvTaskExitError)
    i.pvPortMalloc                           0x080020f8   Section        0  heap_4.o(i.pvPortMalloc)
    i.pxPortInitialiseStack                  0x080021d0   Section        0  port.o(i.pxPortInitialiseStack)
    i.uxListRemove                           0x080021f4   Section        0  list.o(i.uxListRemove)
    i.vApplicationGetIdleTaskMemory          0x0800221c   Section        0  freertos.o(i.vApplicationGetIdleTaskMemory)
    i.vListInitialise                        0x08002230   Section        0  list.o(i.vListInitialise)
    i.vListInitialiseItem                    0x08002246   Section        0  list.o(i.vListInitialiseItem)
    i.vListInsert                            0x0800224c   Section        0  list.o(i.vListInsert)
    i.vListInsertEnd                         0x0800227c   Section        0  list.o(i.vListInsertEnd)
    i.vPortEnterCritical                     0x08002294   Section        0  port.o(i.vPortEnterCritical)
    i.vPortExitCritical                      0x080022d4   Section        0  port.o(i.vPortExitCritical)
    i.vPortFree                              0x080022fc   Section        0  heap_4.o(i.vPortFree)
    i.vPortSetupTimerInterrupt               0x08002358   Section        0  port.o(i.vPortSetupTimerInterrupt)
    i.vTaskDelay                             0x0800237c   Section        0  tasks.o(i.vTaskDelay)
    i.vTaskStartScheduler                    0x080023c8   Section        0  tasks.o(i.vTaskStartScheduler)
    i.vTaskSuspendAll                        0x08002434   Section        0  tasks.o(i.vTaskSuspendAll)
    i.vTaskSwitchContext                     0x08002444   Section        0  tasks.o(i.vTaskSwitchContext)
    i.xPortStartScheduler                    0x080024a0   Section        0  port.o(i.xPortStartScheduler)
    i.xPortSysTickHandler                    0x08002548   Section        0  port.o(i.xPortSysTickHandler)
    i.xTaskCreate                            0x08002574   Section        0  tasks.o(i.xTaskCreate)
    i.xTaskCreateStatic                      0x080025ce   Section        0  tasks.o(i.xTaskCreateStatic)
    i.xTaskGetSchedulerState                 0x08002624   Section        0  tasks.o(i.xTaskGetSchedulerState)
    i.xTaskIncrementTick                     0x08002640   Section        0  tasks.o(i.xTaskIncrementTick)
    i.xTaskResumeAll                         0x08002708   Section        0  tasks.o(i.xTaskResumeAll)
    .constdata                               0x080027cc   Section    117600  display.o(.constdata)
    .constdata                               0x0801f32c   Section     2248  ili9341_driver.o(.constdata)
    chars8                                   0x0801f32c   Data         728  ili9341_driver.o(.constdata)
    chars16                                  0x0801f604   Data        1520  ili9341_driver.o(.constdata)
    .constdata                               0x0801fbf4   Section       56  main.o(.constdata)
    .constdata                               0x0801fc2c   Section       16  system_stm32f1xx.o(.constdata)
    .constdata                               0x0801fc3c   Section        8  system_stm32f1xx.o(.constdata)
    .conststring                             0x0801fc44   Section       24  main.o(.conststring)
    .data                                    0x20000000   Section       12  ili9341_driver.o(.data)
    X_SIZE                                   0x20000004   Data           4  ili9341_driver.o(.data)
    Y_SIZE                                   0x20000008   Data           4  ili9341_driver.o(.data)
    .data                                    0x2000000c   Section       12  main.o(.data)
    .data                                    0x20000018   Section       12  stm32f1xx_hal.o(.data)
    .data                                    0x20000024   Section        4  system_stm32f1xx.o(.data)
    .data                                    0x20000028   Section       60  tasks.o(.data)
    pxDelayedTaskList                        0x2000002c   Data           4  tasks.o(.data)
    pxOverflowDelayedTaskList                0x20000030   Data           4  tasks.o(.data)
    uxDeletedTasksWaitingCleanUp             0x20000034   Data           4  tasks.o(.data)
    uxCurrentNumberOfTasks                   0x20000038   Data           4  tasks.o(.data)
    xTickCount                               0x2000003c   Data           4  tasks.o(.data)
    uxTopReadyPriority                       0x20000040   Data           4  tasks.o(.data)
    xSchedulerRunning                        0x20000044   Data           4  tasks.o(.data)
    uxPendedTicks                            0x20000048   Data           4  tasks.o(.data)
    xYieldPending                            0x2000004c   Data           4  tasks.o(.data)
    xNumOfOverflows                          0x20000050   Data           4  tasks.o(.data)
    uxTaskNumber                             0x20000054   Data           4  tasks.o(.data)
    xNextTaskUnblockTime                     0x20000058   Data           4  tasks.o(.data)
    xIdleTaskHandle                          0x2000005c   Data           4  tasks.o(.data)
    uxSchedulerSuspended                     0x20000060   Data           4  tasks.o(.data)
    .data                                    0x20000064   Section       24  heap_4.o(.data)
    pxEnd                                    0x20000064   Data           4  heap_4.o(.data)
    xFreeBytesRemaining                      0x20000068   Data           4  heap_4.o(.data)
    xMinimumEverFreeBytesRemaining           0x2000006c   Data           4  heap_4.o(.data)
    xBlockAllocatedBit                       0x20000070   Data           4  heap_4.o(.data)
    xStart                                   0x20000074   Data           8  heap_4.o(.data)
    .data                                    0x2000007c   Section       12  port.o(.data)
    ucMaxSysCallPriority                     0x2000007c   Data           1  port.o(.data)
    uxCriticalNesting                        0x20000080   Data           4  port.o(.data)
    ulMaxPRIGROUPValue                       0x20000084   Data           4  port.o(.data)
    .bss                                     0x20000088   Section       88  ili9341_driver.o(.bss)
    lcd_spi                                  0x20000088   Data          88  ili9341_driver.o(.bss)
    .bss                                     0x200000e0   Section    15292  main.o(.bss)
    .bss                                     0x20003c9c   Section      596  freertos.o(.bss)
    xIdleTaskTCBBuffer                       0x20003c9c   Data          84  freertos.o(.bss)
    xIdleStack                               0x20003cf0   Data         512  freertos.o(.bss)
    .bss                                     0x20003ef0   Section      240  tasks.o(.bss)
    pxReadyTasksLists                        0x20003ef0   Data         140  tasks.o(.bss)
    xDelayedTaskList1                        0x20003f7c   Data          20  tasks.o(.bss)
    xDelayedTaskList2                        0x20003f90   Data          20  tasks.o(.bss)
    xPendingReadyList                        0x20003fa4   Data          20  tasks.o(.bss)
    xTasksWaitingTermination                 0x20003fb8   Data          20  tasks.o(.bss)
    xSuspendedTaskList                       0x20003fcc   Data          20  tasks.o(.bss)
    .bss                                     0x20003fe0   Section     3072  heap_4.o(.bss)
    ucHeap                                   0x20003fe0   Data        3072  heap_4.o(.bss)
    STACK                                    0x20004be0   Section     1024  startup_stm32f103xb.o(STACK)

    Global Symbols

    Symbol Name                              Value     Ov Type        Size  Object(Section)

    BuildAttributes$$THM_ISAv4$P$D$K$B$S$PE$A:L22UL41UL21$X:L11$S22US41US21$IEEE1$IW$USESV6$~STKCKD$USESV7$~SHL$OTIME$ROPI$EBA8$MICROLIB$REQ8$PRES8$EABIv2 0x00000000   Number         0  anon$$obj.o ABSOLUTE
    __ARM_use_no_argv                        0x00000000   Number         0  main.o ABSOLUTE
    __cpp_initialize__aeabi_                  - Undefined Weak Reference
    __cxa_finalize                            - Undefined Weak Reference
    __decompress                              - Undefined Weak Reference
    _clock_init                               - Undefined Weak Reference
    _microlib_exit                            - Undefined Weak Reference
    __Vectors_Size                           0x000000ec   Number         0  startup_stm32f103xb.o ABSOLUTE
    __Vectors                                0x08000000   Data           4  startup_stm32f103xb.o(RESET)
    __Vectors_End                            0x080000ec   Data           0  startup_stm32f103xb.o(RESET)
    __main                                   0x080000ed   Thumb Code     0  entry.o(.ARM.Collect$$$$00000000)
    _main_stk                                0x080000ed   Thumb Code     0  entry2.o(.ARM.Collect$$$$00000001)
    _main_scatterload                        0x080000f1   Thumb Code     0  entry5.o(.ARM.Collect$$$$00000004)
    __main_after_scatterload                 0x080000f5   Thumb Code     0  entry5.o(.ARM.Collect$$$$00000004)
    _main_clock                              0x080000f5   Thumb Code     0  entry7b.o(.ARM.Collect$$$$00000008)
    _main_cpp_init                           0x080000f5   Thumb Code     0  entry8b.o(.ARM.Collect$$$$0000000A)
    _main_init                               0x080000f5   Thumb Code     0  entry9a.o(.ARM.Collect$$$$0000000B)
    __rt_final_cpp                           0x080000fd   Thumb Code     0  entry10a.o(.ARM.Collect$$$$0000000D)
    __rt_final_exit                          0x080000fd   Thumb Code     0  entry11a.o(.ARM.Collect$$$$0000000F)
    SVC_Handler                              0x08000101   Thumb Code    32  port.o(.emb_text)
    __asm___6_port_c_39a90d8d__prvStartFirstTask 0x08000125   Thumb Code    28  port.o(.emb_text)
    PendSV_Handler                           0x08000145   Thumb Code    72  port.o(.emb_text)
    vPortGetIPSR                             0x08000191   Thumb Code     6  port.o(.emb_text)
    Reset_Handler                            0x08000199   Thumb Code     8  startup_stm32f103xb.o(.text)
    ADC1_2_IRQHandler                        0x080001b3   Thumb Code     0  startup_stm32f103xb.o(.text)
    CAN1_RX1_IRQHandler                      0x080001b3   Thumb Code     0  startup_stm32f103xb.o(.text)
    CAN1_SCE_IRQHandler                      0x080001b3   Thumb Code     0  startup_stm32f103xb.o(.text)
    DMA1_Channel1_IRQHandler                 0x080001b3   Thumb Code     0  startup_stm32f103xb.o(.text)
    DMA1_Channel2_IRQHandler                 0x080001b3   Thumb Code     0  startup_stm32f103xb.o(.text)
    DMA1_Channel3_IRQHandler                 0x080001b3   Thumb Code     0  startup_stm32f103xb.o(.text)
    DMA1_Channel4_IRQHandler                 0x080001b3   Thumb Code     0  startup_stm32f103xb.o(.text)
    DMA1_Channel5_IRQHandler                 0x080001b3   Thumb Code     0  startup_stm32f103xb.o(.text)
    DMA1_Channel6_IRQHandler                 0x080001b3   Thumb Code     0  startup_stm32f103xb.o(.text)
    DMA1_Channel7_IRQHandler                 0x080001b3   Thumb Code     0  startup_stm32f103xb.o(.text)
    EXTI0_IRQHandler                         0x080001b3   Thumb Code     0  startup_stm32f103xb.o(.text)
    EXTI15_10_IRQHandler                     0x080001b3   Thumb Code     0  startup_stm32f103xb.o(.text)
    EXTI1_IRQHandler                         0x080001b3   Thumb Code     0  startup_stm32f103xb.o(.text)
    EXTI2_IRQHandler                         0x080001b3   Thumb Code     0  startup_stm32f103xb.o(.text)
    EXTI3_IRQHandler                         0x080001b3   Thumb Code     0  startup_stm32f103xb.o(.text)
    EXTI4_IRQHandler                         0x080001b3   Thumb Code     0  startup_stm32f103xb.o(.text)
    EXTI9_5_IRQHandler                       0x080001b3   Thumb Code     0  startup_stm32f103xb.o(.text)
    FLASH_IRQHandler                         0x080001b3   Thumb Code     0  startup_stm32f103xb.o(.text)
    I2C1_ER_IRQHandler                       0x080001b3   Thumb Code     0  startup_stm32f103xb.o(.text)
    I2C1_EV_IRQHandler                       0x080001b3   Thumb Code     0  startup_stm32f103xb.o(.text)
    I2C2_ER_IRQHandler                       0x080001b3   Thumb Code     0  startup_stm32f103xb.o(.text)
    I2C2_EV_IRQHandler                       0x080001b3   Thumb Code     0  startup_stm32f103xb.o(.text)
    PVD_IRQHandler                           0x080001b3   Thumb Code     0  startup_stm32f103xb.o(.text)
    RCC_IRQHandler                           0x080001b3   Thumb Code     0  startup_stm32f103xb.o(.text)
    RTC_Alarm_IRQHandler                     0x080001b3   Thumb Code     0  startup_stm32f103xb.o(.text)
    RTC_IRQHandler                           0x080001b3   Thumb Code     0  startup_stm32f103xb.o(.text)
    SPI1_IRQHandler                          0x080001b3   Thumb Code     0  startup_stm32f103xb.o(.text)
    SPI2_IRQHandler                          0x080001b3   Thumb Code     0  startup_stm32f103xb.o(.text)
    TAMPER_IRQHandler                        0x080001b3   Thumb Code     0  startup_stm32f103xb.o(.text)
    TIM1_BRK_IRQHandler                      0x080001b3   Thumb Code     0  startup_stm32f103xb.o(.text)
    TIM1_CC_IRQHandler                       0x080001b3   Thumb Code     0  startup_stm32f103xb.o(.text)
    TIM1_TRG_COM_IRQHandler                  0x080001b3   Thumb Code     0  startup_stm32f103xb.o(.text)
    TIM1_UP_IRQHandler                       0x080001b3   Thumb Code     0  startup_stm32f103xb.o(.text)
    TIM2_IRQHandler                          0x080001b3   Thumb Code     0  startup_stm32f103xb.o(.text)
    TIM3_IRQHandler                          0x080001b3   Thumb Code     0  startup_stm32f103xb.o(.text)
    TIM4_IRQHandler                          0x080001b3   Thumb Code     0  startup_stm32f103xb.o(.text)
    USART2_IRQHandler                        0x080001b3   Thumb Code     0  startup_stm32f103xb.o(.text)
    USART3_IRQHandler                        0x080001b3   Thumb Code     0  startup_stm32f103xb.o(.text)
    USBWakeUp_IRQHandler                     0x080001b3   Thumb Code     0  startup_stm32f103xb.o(.text)
    USB_HP_CAN1_TX_IRQHandler                0x080001b3   Thumb Code     0  startup_stm32f103xb.o(.text)
    USB_LP_CAN1_RX0_IRQHandler               0x080001b3   Thumb Code     0  startup_stm32f103xb.o(.text)
    WWDG_IRQHandler                          0x080001b3   Thumb Code     0  startup_stm32f103xb.o(.text)
    __aeabi_memcpy                           0x080001bd   Thumb Code    36  memcpya.o(.text)
    __aeabi_memcpy4                          0x080001bd   Thumb Code     0  memcpya.o(.text)
    __aeabi_memcpy8                          0x080001bd   Thumb Code     0  memcpya.o(.text)
    __aeabi_memset                           0x080001e1   Thumb Code    14  memseta.o(.text)
    __aeabi_memset4                          0x080001e1   Thumb Code     0  memseta.o(.text)
    __aeabi_memset8                          0x080001e1   Thumb Code     0  memseta.o(.text)
    __aeabi_memclr                           0x080001ef   Thumb Code     4  memseta.o(.text)
    __aeabi_memclr4                          0x080001ef   Thumb Code     0  memseta.o(.text)
    __aeabi_memclr8                          0x080001ef   Thumb Code     0  memseta.o(.text)
    memset                                   0x080001f3   Thumb Code    18  memseta.o(.text)
    __scatterload                            0x08000205   Thumb Code    28  init.o(.text)
    __scatterload_rt2                        0x08000205   Thumb Code     0  init.o(.text)
    BusFault_Handler                         0x08000229   Thumb Code     2  stm32f1xx_it.o(i.BusFault_Handler)
    DebugMon_Handler                         0x0800022b   Thumb Code     2  stm32f1xx_it.o(i.DebugMon_Handler)
    Display_Color_Picture                    0x0800022d   Thumb Code    58  display.o(i.Display_Color_Picture)
    Error_Handler                            0x0800026d   Thumb Code     4  main.o(i.Error_Handler)
    HAL_DMA_Abort_IT                         0x08000271   Thumb Code   148  stm32f1xx_hal_dma.o(i.HAL_DMA_Abort_IT)
    HAL_Delay                                0x08000309   Thumb Code    32  stm32f1xx_hal.o(i.HAL_Delay)
    HAL_GPIO_Init                            0x0800032d   Thumb Code   446  stm32f1xx_hal_gpio.o(i.HAL_GPIO_Init)
    HAL_GPIO_WritePin                        0x0800050d   Thumb Code    10  stm32f1xx_hal_gpio.o(i.HAL_GPIO_WritePin)
    HAL_GetTick                              0x08000519   Thumb Code     6  stm32f1xx_hal.o(i.HAL_GetTick)
    HAL_IncTick                              0x08000525   Thumb Code    12  stm32f1xx_hal.o(i.HAL_IncTick)
    HAL_Init                                 0x08000535   Thumb Code    32  stm32f1xx_hal.o(i.HAL_Init)
    HAL_InitTick                             0x08000559   Thumb Code    54  stm32f1xx_hal.o(i.HAL_InitTick)
    HAL_MspInit                              0x08000599   Thumb Code    62  stm32f1xx_hal_msp.o(i.HAL_MspInit)
    HAL_NVIC_EnableIRQ                       0x080005e1   Thumb Code    26  stm32f1xx_hal_cortex.o(i.HAL_NVIC_EnableIRQ)
    HAL_NVIC_SetPriority                     0x080005fd   Thumb Code    60  stm32f1xx_hal_cortex.o(i.HAL_NVIC_SetPriority)
    HAL_NVIC_SetPriorityGrouping             0x0800063d   Thumb Code    26  stm32f1xx_hal_cortex.o(i.HAL_NVIC_SetPriorityGrouping)
    HAL_RCC_ClockConfig                      0x08000661   Thumb Code   280  stm32f1xx_hal_rcc.o(i.HAL_RCC_ClockConfig)
    HAL_RCC_GetPCLK1Freq                     0x0800078d   Thumb Code    20  stm32f1xx_hal_rcc.o(i.HAL_RCC_GetPCLK1Freq)
    HAL_RCC_GetPCLK2Freq                     0x080007ad   Thumb Code    20  stm32f1xx_hal_rcc.o(i.HAL_RCC_GetPCLK2Freq)
    HAL_RCC_GetSysClockFreq                  0x080007cd   Thumb Code    74  stm32f1xx_hal_rcc.o(i.HAL_RCC_GetSysClockFreq)
    HAL_RCC_OscConfig                        0x08000839   Thumb Code   778  stm32f1xx_hal_rcc.o(i.HAL_RCC_OscConfig)
    HAL_SPI_Init                             0x08000b59   Thumb Code   178  stm32f1xx_hal_spi.o(i.HAL_SPI_Init)
    HAL_SPI_MspInit                          0x08000c0d   Thumb Code    98  stm32f1xx_hal_msp.o(i.HAL_SPI_MspInit)
    HAL_SPI_Transmit                         0x08000c7d   Thumb Code   358  stm32f1xx_hal_spi.o(i.HAL_SPI_Transmit)
    HAL_SYSTICK_Config                       0x08000de3   Thumb Code    40  stm32f1xx_hal_cortex.o(i.HAL_SYSTICK_Config)
    HAL_UART_ErrorCallback                   0x08000e0b   Thumb Code     2  stm32f1xx_hal_uart.o(i.HAL_UART_ErrorCallback)
    HAL_UART_IRQHandler                      0x08000e0d   Thumb Code   344  stm32f1xx_hal_uart.o(i.HAL_UART_IRQHandler)
    HAL_UART_Init                            0x08000f69   Thumb Code    98  stm32f1xx_hal_uart.o(i.HAL_UART_Init)
    HAL_UART_MspInit                         0x08000fcd   Thumb Code   116  stm32f1xx_hal_msp.o(i.HAL_UART_MspInit)
    HAL_UART_Receive_IT                      0x0800104d   Thumb Code    82  stm32f1xx_hal_uart.o(i.HAL_UART_Receive_IT)
    HAL_UART_RxCpltCallback                  0x080010a1   Thumb Code    34  main.o(i.HAL_UART_RxCpltCallback)
    HAL_UART_TxCpltCallback                  0x080010d5   Thumb Code     2  stm32f1xx_hal_uart.o(i.HAL_UART_TxCpltCallback)
    HardFault_Handler                        0x080010d7   Thumb Code     2  stm32f1xx_it.o(i.HardFault_Handler)
    ILI9341_Draw_Double_Pixel                0x080011dd   Thumb Code    82  ili9341_driver.o(i.ILI9341_Draw_Double_Pixel)
    ILI9341_Draw_String                      0x08001239   Thumb Code   144  ili9341_driver.o(i.ILI9341_Draw_String)
    ILI9341_Fill_Screen                      0x080012cd   Thumb Code    38  ili9341_driver.o(i.ILI9341_Fill_Screen)
    ILI9341_Init                             0x080012f9   Thumb Code   518  ili9341_driver.o(i.ILI9341_Init)
    ILI9341_Reset                            0x08001501   Thumb Code    66  ili9341_driver.o(i.ILI9341_Reset)
    ILI9341_SPI_Send                         0x0800158d   Thumb Code    16  ili9341_driver.o(i.ILI9341_SPI_Send)
    ILI9341_SPI_Send_32                      0x080015a1   Thumb Code    76  ili9341_driver.o(i.ILI9341_SPI_Send_32)
    ILI9341_Set_Address                      0x08001755   Thumb Code    30  ili9341_driver.o(i.ILI9341_Set_Address)
    ILI9341_Set_Rotation                     0x08001775   Thumb Code    68  ili9341_driver.o(i.ILI9341_Set_Rotation)
    MemManage_Handler                        0x080018a5   Thumb Code     2  stm32f1xx_it.o(i.MemManage_Handler)
    NMI_Handler                              0x080018a7   Thumb Code     2  stm32f1xx_it.o(i.NMI_Handler)
    StartDefaultTask                         0x08001981   Thumb Code   126  main.o(i.StartDefaultTask)
    StartTask02                              0x08001a1d   Thumb Code     8  main.o(i.StartTask02)
    SysTick_Handler                          0x08001a25   Thumb Code    24  stm32f1xx_it.o(i.SysTick_Handler)
    SystemClock_Config                       0x08001a3d   Thumb Code    94  main.o(i.SystemClock_Config)
    SystemInit                               0x08001a9b   Thumb Code     2  system_stm32f1xx.o(i.SystemInit)
    TP_Init                                  0x08001a9d   Thumb Code    76  touch.o(i.TP_Init)
    USART1_IRQHandler                        0x08001c61   Thumb Code     6  stm32f1xx_it.o(i.USART1_IRQHandler)
    UsageFault_Handler                       0x08001c6d   Thumb Code     2  stm32f1xx_it.o(i.UsageFault_Handler)
    __scatterload_copy                       0x08001c8f   Thumb Code    14  handlers.o(i.__scatterload_copy)
    __scatterload_null                       0x08001c9d   Thumb Code     2  handlers.o(i.__scatterload_null)
    __scatterload_zeroinit                   0x08001c9f   Thumb Code    14  handlers.o(i.__scatterload_zeroinit)
    main                                     0x08001cad   Thumb Code   126  main.o(i.main)
    osDelay                                  0x08001d49   Thumb Code    14  cmsis_os.o(i.osDelay)
    osKernelStart                            0x08001d57   Thumb Code    10  cmsis_os.o(i.osKernelStart)
    osThreadCreate                           0x08001d61   Thumb Code    84  cmsis_os.o(i.osThreadCreate)
    pvPortMalloc                             0x080020f9   Thumb Code   210  heap_4.o(i.pvPortMalloc)
    pxPortInitialiseStack                    0x080021d1   Thumb Code    32  port.o(i.pxPortInitialiseStack)
    uxListRemove                             0x080021f5   Thumb Code    38  list.o(i.uxListRemove)
    vApplicationGetIdleTaskMemory            0x0800221d   Thumb Code    16  freertos.o(i.vApplicationGetIdleTaskMemory)
    vListInitialise                          0x08002231   Thumb Code    22  list.o(i.vListInitialise)
    vListInitialiseItem                      0x08002247   Thumb Code     6  list.o(i.vListInitialiseItem)
    vListInsert                              0x0800224d   Thumb Code    48  list.o(i.vListInsert)
    vListInsertEnd                           0x0800227d   Thumb Code    24  list.o(i.vListInsertEnd)
    vPortEnterCritical                       0x08002295   Thumb Code    54  port.o(i.vPortEnterCritical)
    vPortExitCritical                        0x080022d5   Thumb Code    34  port.o(i.vPortExitCritical)
    vPortFree                                0x080022fd   Thumb Code    88  heap_4.o(i.vPortFree)
    vPortSetupTimerInterrupt                 0x08002359   Thumb Code    32  port.o(i.vPortSetupTimerInterrupt)
    vTaskDelay                               0x0800237d   Thumb Code    66  tasks.o(i.vTaskDelay)
    vTaskStartScheduler                      0x080023c9   Thumb Code    90  tasks.o(i.vTaskStartScheduler)
    vTaskSuspendAll                          0x08002435   Thumb Code    10  tasks.o(i.vTaskSuspendAll)
    vTaskSwitchContext                       0x08002445   Thumb Code    82  tasks.o(i.vTaskSwitchContext)
    xPortStartScheduler                      0x080024a1   Thumb Code   154  port.o(i.xPortStartScheduler)
    xPortSysTickHandler                      0x08002549   Thumb Code    38  port.o(i.xPortSysTickHandler)
    xTaskCreate                              0x08002575   Thumb Code    90  tasks.o(i.xTaskCreate)
    xTaskCreateStatic                        0x080025cf   Thumb Code    86  tasks.o(i.xTaskCreateStatic)
    xTaskGetSchedulerState                   0x08002625   Thumb Code    22  tasks.o(i.xTaskGetSchedulerState)
    xTaskIncrementTick                       0x08002641   Thumb Code   192  tasks.o(i.xTaskIncrementTick)
    xTaskResumeAll                           0x08002709   Thumb Code   182  tasks.o(i.xTaskResumeAll)
    battery_icon                             0x080027cc   Data         800  display.o(.constdata)
    a_icon_20x20                             0x08002aec   Data        1600  display.o(.constdata)
    b_icon_20x20                             0x0800312c   Data        1600  display.o(.constdata)
    c_icon_20x20                             0x0800376c   Data        1600  display.o(.constdata)
    d_icon_20x20                             0x08003dac   Data        1600  display.o(.constdata)
    back_icon_40x40                          0x080043ec   Data        6400  display.o(.constdata)
    unpark_icon_20x20                        0x08005cec   Data        1600  display.o(.constdata)
    gImage_PicTest                           0x0800632c   Data       102400  display.o(.constdata)
    AHBPrescTable                            0x0801fc2c   Data          16  system_stm32f1xx.o(.constdata)
    APBPrescTable                            0x0801fc3c   Data           8  system_stm32f1xx.o(.constdata)
    Region$$Table$$Base                      0x0801fc5c   Number         0  anon$$obj.o(Region$$Table)
    Region$$Table$$Limit                     0x0801fc7c   Number         0  anon$$obj.o(Region$$Table)
    hh                                       0x20000000   Data           1  ili9341_driver.o(.data)
    state                                    0x2000000c   Data           4  main.o(.data)
    defaultTaskHandle                        0x20000010   Data           4  main.o(.data)
    myTask02Handle                           0x20000014   Data           4  main.o(.data)
    uwTickFreq                               0x20000018   Data           1  stm32f1xx_hal.o(.data)
    uwTickPrio                               0x2000001c   Data           4  stm32f1xx_hal.o(.data)
    uwTick                                   0x20000020   Data           4  stm32f1xx_hal.o(.data)
    SystemCoreClock                          0x20000024   Data           4  system_stm32f1xx.o(.data)
    pxCurrentTCB                             0x20000028   Data           4  tasks.o(.data)
    rxBuffer                                 0x200000e0   Data       15138  main.o(.bss)
    hspi1                                    0x20003c04   Data          88  main.o(.bss)
    huart1                                   0x20003c5c   Data          64  main.o(.bss)
    __initial_sp                             0x20004fe0   Data           0  startup_stm32f103xb.o(STACK)



==============================================================================

Memory Map of the image

  Image Entry point : 0x080000ed

  Load Region LR_IROM1 (Base: 0x08000000, Size: 0x0001fd04, Max: 0x00022000, ABSOLUTE)

    Execution Region ER_IROM1 (Exec base: 0x08000000, Load base: 0x08000000, Size: 0x0001fc7c, Max: 0x00022000, ABSOLUTE)

    Exec Addr    Load Addr    Size         Type   Attr      Idx    E Section Name        Object

    0x08000000   0x08000000   0x000000ec   Data   RO            3    RESET               startup_stm32f103xb.o
    0x080000ec   0x080000ec   0x00000000   Code   RO         3675  * .ARM.Collect$$$$00000000  mc_w.l(entry.o)
    0x080000ec   0x080000ec   0x00000004   Code   RO         3698    .ARM.Collect$$$$00000001  mc_w.l(entry2.o)
    0x080000f0   0x080000f0   0x00000004   Code   RO         3701    .ARM.Collect$$$$00000004  mc_w.l(entry5.o)
    0x080000f4   0x080000f4   0x00000000   Code   RO         3703    .ARM.Collect$$$$00000008  mc_w.l(entry7b.o)
    0x080000f4   0x080000f4   0x00000000   Code   RO         3705    .ARM.Collect$$$$0000000A  mc_w.l(entry8b.o)
    0x080000f4   0x080000f4   0x00000008   Code   RO         3706    .ARM.Collect$$$$0000000B  mc_w.l(entry9a.o)
    0x080000fc   0x080000fc   0x00000000   Code   RO         3708    .ARM.Collect$$$$0000000D  mc_w.l(entry10a.o)
    0x080000fc   0x080000fc   0x00000000   Code   RO         3710    .ARM.Collect$$$$0000000F  mc_w.l(entry11a.o)
    0x080000fc   0x080000fc   0x00000004   Code   RO         3699    .ARM.Collect$$$$00002712  mc_w.l(entry2.o)
    0x08000100   0x08000100   0x00000096   Code   RO         3598    .emb_text           port.o
    0x08000196   0x08000196   0x00000002   PAD
    0x08000198   0x08000198   0x00000024   Code   RO            4    .text               startup_stm32f103xb.o
    0x080001bc   0x080001bc   0x00000024   Code   RO         3680    .text               mc_w.l(memcpya.o)
    0x080001e0   0x080001e0   0x00000024   Code   RO         3684    .text               mc_w.l(memseta.o)
    0x08000204   0x08000204   0x00000024   Code   RO         3715    .text               mc_w.l(init.o)
    0x08000228   0x08000228   0x00000002   Code   RO          571    i.BusFault_Handler  stm32f1xx_it.o
    0x0800022a   0x0800022a   0x00000002   Code   RO          572    i.DebugMon_Handler  stm32f1xx_it.o
    0x0800022c   0x0800022c   0x00000040   Code   RO          173    i.Display_Color_Picture  display.o
    0x0800026c   0x0800026c   0x00000004   Code   RO          410    i.Error_Handler     main.o
    0x08000270   0x08000270   0x00000098   Code   RO         1105    i.HAL_DMA_Abort_IT  stm32f1xx_hal_dma.o
    0x08000308   0x08000308   0x00000024   Code   RO          732    i.HAL_Delay         stm32f1xx_hal.o
    0x0800032c   0x0800032c   0x000001e0   Code   RO         1040    i.HAL_GPIO_Init     stm32f1xx_hal_gpio.o
    0x0800050c   0x0800050c   0x0000000a   Code   RO         1044    i.HAL_GPIO_WritePin  stm32f1xx_hal_gpio.o
    0x08000516   0x08000516   0x00000002   PAD
    0x08000518   0x08000518   0x0000000c   Code   RO          736    i.HAL_GetTick       stm32f1xx_hal.o
    0x08000524   0x08000524   0x00000010   Code   RO          742    i.HAL_IncTick       stm32f1xx_hal.o
    0x08000534   0x08000534   0x00000024   Code   RO          743    i.HAL_Init          stm32f1xx_hal.o
    0x08000558   0x08000558   0x00000040   Code   RO          744    i.HAL_InitTick      stm32f1xx_hal.o
    0x08000598   0x08000598   0x00000048   Code   RO          641    i.HAL_MspInit       stm32f1xx_hal_msp.o
    0x080005e0   0x080005e0   0x0000001a   Code   RO         1200    i.HAL_NVIC_EnableIRQ  stm32f1xx_hal_cortex.o
    0x080005fa   0x080005fa   0x00000002   PAD
    0x080005fc   0x080005fc   0x00000040   Code   RO         1206    i.HAL_NVIC_SetPriority  stm32f1xx_hal_cortex.o
    0x0800063c   0x0800063c   0x00000024   Code   RO         1207    i.HAL_NVIC_SetPriorityGrouping  stm32f1xx_hal_cortex.o
    0x08000660   0x08000660   0x0000012c   Code   RO          900    i.HAL_RCC_ClockConfig  stm32f1xx_hal_rcc.o
    0x0800078c   0x0800078c   0x00000020   Code   RO          907    i.HAL_RCC_GetPCLK1Freq  stm32f1xx_hal_rcc.o
    0x080007ac   0x080007ac   0x00000020   Code   RO          908    i.HAL_RCC_GetPCLK2Freq  stm32f1xx_hal_rcc.o
    0x080007cc   0x080007cc   0x0000006c   Code   RO          909    i.HAL_RCC_GetSysClockFreq  stm32f1xx_hal_rcc.o
    0x08000838   0x08000838   0x00000320   Code   RO          912    i.HAL_RCC_OscConfig  stm32f1xx_hal_rcc.o
    0x08000b58   0x08000b58   0x000000b2   Code   RO         1711    i.HAL_SPI_Init      stm32f1xx_hal_spi.o
    0x08000c0a   0x08000c0a   0x00000002   PAD
    0x08000c0c   0x08000c0c   0x00000070   Code   RO          643    i.HAL_SPI_MspInit   stm32f1xx_hal_msp.o
    0x08000c7c   0x08000c7c   0x00000166   Code   RO         1719    i.HAL_SPI_Transmit  stm32f1xx_hal_spi.o
    0x08000de2   0x08000de2   0x00000028   Code   RO         1211    i.HAL_SYSTICK_Config  stm32f1xx_hal_cortex.o
    0x08000e0a   0x08000e0a   0x00000002   Code   RO         2079    i.HAL_UART_ErrorCallback  stm32f1xx_hal_uart.o
    0x08000e0c   0x08000e0c   0x0000015c   Code   RO         2082    i.HAL_UART_IRQHandler  stm32f1xx_hal_uart.o
    0x08000f68   0x08000f68   0x00000062   Code   RO         2083    i.HAL_UART_Init     stm32f1xx_hal_uart.o
    0x08000fca   0x08000fca   0x00000002   PAD
    0x08000fcc   0x08000fcc   0x00000080   Code   RO          645    i.HAL_UART_MspInit  stm32f1xx_hal_msp.o
    0x0800104c   0x0800104c   0x00000052   Code   RO         2088    i.HAL_UART_Receive_IT  stm32f1xx_hal_uart.o
    0x0800109e   0x0800109e   0x00000002   PAD
    0x080010a0   0x080010a0   0x00000034   Code   RO          411    i.HAL_UART_RxCpltCallback  main.o
    0x080010d4   0x080010d4   0x00000002   Code   RO         2094    i.HAL_UART_TxCpltCallback  stm32f1xx_hal_uart.o
    0x080010d6   0x080010d6   0x00000002   Code   RO          573    i.HardFault_Handler  stm32f1xx_it.o
    0x080010d8   0x080010d8   0x00000104   Code   RO          264    i.ILI9341_Draw_Char  ili9341_driver.o
    0x080011dc   0x080011dc   0x0000005c   Code   RO          266    i.ILI9341_Draw_Double_Pixel  ili9341_driver.o
    0x08001238   0x08001238   0x00000094   Code   RO          271    i.ILI9341_Draw_String  ili9341_driver.o
    0x080012cc   0x080012cc   0x0000002c   Code   RO          272    i.ILI9341_Fill_Screen  ili9341_driver.o
    0x080012f8   0x080012f8   0x00000206   Code   RO          274    i.ILI9341_Init      ili9341_driver.o
    0x080014fe   0x080014fe   0x00000002   PAD
    0x08001500   0x08001500   0x00000048   Code   RO          275    i.ILI9341_Reset     ili9341_driver.o
    0x08001548   0x08001548   0x00000044   Code   RO          276    i.ILI9341_SPI_Init  ili9341_driver.o
    0x0800158c   0x0800158c   0x00000014   Code   RO          277    i.ILI9341_SPI_Send  ili9341_driver.o
    0x080015a0   0x080015a0   0x00000050   Code   RO          278    i.ILI9341_SPI_Send_32  ili9341_driver.o
    0x080015f0   0x080015f0   0x00000114   Code   RO          280    i.ILI9341_Send_Burst  ili9341_driver.o
    0x08001704   0x08001704   0x00000028   Code   RO          281    i.ILI9341_Send_Command  ili9341_driver.o
    0x0800172c   0x0800172c   0x00000028   Code   RO          282    i.ILI9341_Send_Data  ili9341_driver.o
    0x08001754   0x08001754   0x0000001e   Code   RO          283    i.ILI9341_Set_Address  ili9341_driver.o
    0x08001772   0x08001772   0x00000002   PAD
    0x08001774   0x08001774   0x00000048   Code   RO          284    i.ILI9341_Set_Rotation  ili9341_driver.o
    0x080017bc   0x080017bc   0x000000a8   Code   RO          412    i.MX_GPIO_Init      main.o
    0x08001864   0x08001864   0x00000040   Code   RO          413    i.MX_SPI1_Init      main.o
    0x080018a4   0x080018a4   0x00000002   Code   RO          574    i.MemManage_Handler  stm32f1xx_it.o
    0x080018a6   0x080018a6   0x00000002   Code   RO          575    i.NMI_Handler       stm32f1xx_it.o
    0x080018a8   0x080018a8   0x00000020   Code   RO         1749    i.SPI_EndRxTxTransaction  stm32f1xx_hal_spi.o
    0x080018c8   0x080018c8   0x000000b8   Code   RO         1754    i.SPI_WaitFlagStateUntilTimeout  stm32f1xx_hal_spi.o
    0x08001980   0x08001980   0x0000009c   Code   RO          414    i.StartDefaultTask  main.o
    0x08001a1c   0x08001a1c   0x00000008   Code   RO          415    i.StartTask02       main.o
    0x08001a24   0x08001a24   0x00000018   Code   RO          576    i.SysTick_Handler   stm32f1xx_it.o
    0x08001a3c   0x08001a3c   0x0000005e   Code   RO          416    i.SystemClock_Config  main.o
    0x08001a9a   0x08001a9a   0x00000002   Code   RO         2380    i.SystemInit        system_stm32f1xx.o
    0x08001a9c   0x08001a9c   0x00000054   Code   RO           13    i.TP_Init           touch.o
    0x08001af0   0x08001af0   0x00000010   Code   RO         2096    i.UART_DMAAbortOnError  stm32f1xx_hal_uart.o
    0x08001b00   0x08001b00   0x0000001c   Code   RO         2106    i.UART_EndRxTransfer  stm32f1xx_hal_uart.o
    0x08001b1c   0x08001b1c   0x0000008c   Code   RO         2108    i.UART_Receive_IT   stm32f1xx_hal_uart.o
    0x08001ba8   0x08001ba8   0x000000b8   Code   RO         2109    i.UART_SetConfig    stm32f1xx_hal_uart.o
    0x08001c60   0x08001c60   0x0000000c   Code   RO          577    i.USART1_IRQHandler  stm32f1xx_it.o
    0x08001c6c   0x08001c6c   0x00000002   Code   RO          578    i.UsageFault_Handler  stm32f1xx_it.o
    0x08001c6e   0x08001c6e   0x00000020   Code   RO         1213    i.__NVIC_SetPriority  stm32f1xx_hal_cortex.o
    0x08001c8e   0x08001c8e   0x0000000e   Code   RO         3719    i.__scatterload_copy  mc_w.l(handlers.o)
    0x08001c9c   0x08001c9c   0x00000002   Code   RO         3720    i.__scatterload_null  mc_w.l(handlers.o)
    0x08001c9e   0x08001c9e   0x0000000e   Code   RO         3721    i.__scatterload_zeroinit  mc_w.l(handlers.o)
    0x08001cac   0x08001cac   0x00000090   Code   RO          417    i.main              main.o
    0x08001d3c   0x08001d3c   0x0000000c   Code   RO         3170    i.makeFreeRtosPriority  cmsis_os.o
    0x08001d48   0x08001d48   0x0000000e   Code   RO         3172    i.osDelay           cmsis_os.o
    0x08001d56   0x08001d56   0x0000000a   Code   RO         3175    i.osKernelStart     cmsis_os.o
    0x08001d60   0x08001d60   0x00000054   Code   RO         3209    i.osThreadCreate    cmsis_os.o
    0x08001db4   0x08001db4   0x00000070   Code   RO         2867    i.prvAddCurrentTaskToDelayedList  tasks.o
    0x08001e24   0x08001e24   0x000000d0   Code   RO         2868    i.prvAddNewTaskToReadyList  tasks.o
    0x08001ef4   0x08001ef4   0x00000034   Code   RO         2869    i.prvDeleteTCB      tasks.o
    0x08001f28   0x08001f28   0x0000004c   Code   RO         3537    i.prvHeapInit       heap_4.o
    0x08001f74   0x08001f74   0x00000060   Code   RO         2870    i.prvIdleTask       tasks.o
    0x08001fd4   0x08001fd4   0x0000008e   Code   RO         2871    i.prvInitialiseNewTask  tasks.o
    0x08002062   0x08002062   0x00000002   PAD
    0x08002064   0x08002064   0x0000004c   Code   RO         3538    i.prvInsertBlockIntoFreeList  heap_4.o
    0x080020b0   0x080020b0   0x00000020   Code   RO         2872    i.prvResetNextTaskUnblockTime  tasks.o
    0x080020d0   0x080020d0   0x00000028   Code   RO         3599    i.prvTaskExitError  port.o
    0x080020f8   0x080020f8   0x000000d8   Code   RO         3539    i.pvPortMalloc      heap_4.o
    0x080021d0   0x080021d0   0x00000024   Code   RO         3600    i.pxPortInitialiseStack  port.o
    0x080021f4   0x080021f4   0x00000026   Code   RO         2512    i.uxListRemove      list.o
    0x0800221a   0x0800221a   0x00000002   PAD
    0x0800221c   0x0800221c   0x00000014   Code   RO          537    i.vApplicationGetIdleTaskMemory  freertos.o
    0x08002230   0x08002230   0x00000016   Code   RO         2513    i.vListInitialise   list.o
    0x08002246   0x08002246   0x00000006   Code   RO         2514    i.vListInitialiseItem  list.o
    0x0800224c   0x0800224c   0x00000030   Code   RO         2515    i.vListInsert       list.o
    0x0800227c   0x0800227c   0x00000018   Code   RO         2516    i.vListInsertEnd    list.o
    0x08002294   0x08002294   0x00000040   Code   RO         3602    i.vPortEnterCritical  port.o
    0x080022d4   0x080022d4   0x00000028   Code   RO         3603    i.vPortExitCritical  port.o
    0x080022fc   0x080022fc   0x0000005c   Code   RO         3540    i.vPortFree         heap_4.o
    0x08002358   0x08002358   0x00000024   Code   RO         3604    i.vPortSetupTimerInterrupt  port.o
    0x0800237c   0x0800237c   0x0000004c   Code   RO         2880    i.vTaskDelay        tasks.o
    0x080023c8   0x080023c8   0x0000006c   Code   RO         2893    i.vTaskStartScheduler  tasks.o
    0x08002434   0x08002434   0x00000010   Code   RO         2895    i.vTaskSuspendAll   tasks.o
    0x08002444   0x08002444   0x0000005c   Code   RO         2896    i.vTaskSwitchContext  tasks.o
    0x080024a0   0x080024a0   0x000000a8   Code   RO         3606    i.xPortStartScheduler  port.o
    0x08002548   0x08002548   0x0000002c   Code   RO         3607    i.xPortSysTickHandler  port.o
    0x08002574   0x08002574   0x0000005a   Code   RO         2898    i.xTaskCreate       tasks.o
    0x080025ce   0x080025ce   0x00000056   Code   RO         2899    i.xTaskCreateStatic  tasks.o
    0x08002624   0x08002624   0x0000001c   Code   RO         2903    i.xTaskGetSchedulerState  tasks.o
    0x08002640   0x08002640   0x000000c8   Code   RO         2906    i.xTaskIncrementTick  tasks.o
    0x08002708   0x08002708   0x000000c4   Code   RO         2912    i.xTaskResumeAll    tasks.o
    0x080027cc   0x080027cc   0x0001cb60   Data   RO          180    .constdata          display.o
    0x0801f32c   0x0801f32c   0x000008c8   Data   RO          286    .constdata          ili9341_driver.o
    0x0801fbf4   0x0801fbf4   0x00000038   Data   RO          421    .constdata          main.o
    0x0801fc2c   0x0801fc2c   0x00000010   Data   RO         2381    .constdata          system_stm32f1xx.o
    0x0801fc3c   0x0801fc3c   0x00000008   Data   RO         2382    .constdata          system_stm32f1xx.o
    0x0801fc44   0x0801fc44   0x00000018   Data   RO          422    .conststring        main.o
    0x0801fc5c   0x0801fc5c   0x00000020   Data   RO         3717    Region$$Table       anon$$obj.o


    Execution Region RW_IRAM1 (Exec base: 0x20000000, Load base: 0x0801fc7c, Size: 0x00004fe0, Max: 0x00011000, ABSOLUTE)

    Exec Addr    Load Addr    Size         Type   Attr      Idx    E Section Name        Object

    0x20000000   0x0801fc7c   0x0000000c   Data   RW          287    .data               ili9341_driver.o
    0x2000000c   0x0801fc88   0x0000000c   Data   RW          423    .data               main.o
    0x20000018   0x0801fc94   0x0000000c   Data   RW          750    .data               stm32f1xx_hal.o
    0x20000024   0x0801fca0   0x00000004   Data   RW         2383    .data               system_stm32f1xx.o
    0x20000028   0x0801fca4   0x0000003c   Data   RW         2915    .data               tasks.o
    0x20000064   0x0801fce0   0x00000018   Data   RW         3545    .data               heap_4.o
    0x2000007c   0x0801fcf8   0x0000000c   Data   RW         3608    .data               port.o
    0x20000088        -       0x00000058   Zero   RW          285    .bss                ili9341_driver.o
    0x200000e0        -       0x00003bbc   Zero   RW          418    .bss                main.o
    0x20003c9c        -       0x00000254   Zero   RW          538    .bss                freertos.o
    0x20003ef0        -       0x000000f0   Zero   RW         2914    .bss                tasks.o
    0x20003fe0        -       0x00000c00   Zero   RW         3544    .bss                heap_4.o
    0x20004be0        -       0x00000400   Zero   RW            1    STACK               startup_stm32f103xb.o


==============================================================================

Image component sizes


      Code (inc. data)   RO Data    RW Data    ZI Data      Debug   Object Name

       120          0          0          0          0      22501   cmsis_os.o
        64          6     117600          0          0       3488   display.o
         0          0          0          0          0      16780   event_groups.o
        20          4          0          0        596       1284   freertos.o
       460         24          0         24       3072       7339   heap_4.o
      1760         72       2248         12         88      10812   ili9341_driver.o
       138          0          0          0          0       3486   list.o
       690         86         80         12      15292      36981   main.o
       578         60          0         12          0      10508   port.o
        36          8        236          0       1024        816   startup_stm32f103xb.o
       164         28          0         12          0       6017   stm32f1xx_hal.o
       198         14          0          0          0      29031   stm32f1xx_hal_cortex.o
       152          4          0          0          0       1131   stm32f1xx_hal_dma.o
       490         34          0          0          0       2932   stm32f1xx_hal_gpio.o
       312         36          0          0          0       2323   stm32f1xx_hal_msp.o
      1272        100          0          0          0       5284   stm32f1xx_hal_rcc.o
       752          4          0          0          0       4470   stm32f1xx_hal_spi.o
       900         10          0          0          0       7031   stm32f1xx_hal_uart.o
        48          6          0          0          0       3647   stm32f1xx_it.o
         0          0          0          0          0        392   stream_buffer.o
         2          0         24          4          0       1163   system_stm32f1xx.o
      1534        116          0         60        240      16983   tasks.o
        84          8          0          0          0     400606   touch.o

    ----------------------------------------------------------------------
      9794        620     120220        136      20312     595005   Object Totals
         0          0         32          0          0          0   (incl. Generated)
        20          0          0          0          0          0   (incl. Padding)

    ----------------------------------------------------------------------

      Code (inc. data)   RO Data    RW Data    ZI Data      Debug   Library Member Name

         0          0          0          0          0          0   entry.o
         0          0          0          0          0          0   entry10a.o
         0          0          0          0          0          0   entry11a.o
         8          4          0          0          0          0   entry2.o
         4          0          0          0          0          0   entry5.o
         0          0          0          0          0          0   entry7b.o
         0          0          0          0          0          0   entry8b.o
         8          4          0          0          0          0   entry9a.o
        30          0          0          0          0          0   handlers.o
        36          8          0          0          0         68   init.o
        36          0          0          0          0         68   memcpya.o
        36          0          0          0          0        108   memseta.o

    ----------------------------------------------------------------------
       158         16          0          0          0        244   Library Totals
         0          0          0          0          0          0   (incl. Padding)

    ----------------------------------------------------------------------

      Code (inc. data)   RO Data    RW Data    ZI Data      Debug   Library Name

       158         16          0          0          0        244   mc_w.l

    ----------------------------------------------------------------------
       158         16          0          0          0        244   Library Totals

    ----------------------------------------------------------------------

==============================================================================


      Code (inc. data)   RO Data    RW Data    ZI Data      Debug   

      9952        636     120220        136      20312     590149   Grand Totals
      9952        636     120220        136      20312     590149   ELF Image Totals
      9952        636     120220        136          0          0   ROM Totals

==============================================================================

    Total RO  Size (Code + RO Data)               130172 ( 127.12kB)
    Total RW  Size (RW Data + ZI Data)             20448 (  19.97kB)
    Total ROM Size (Code + RO Data + RW Data)     130308 ( 127.25kB)

==============================================================================

