Component: ARM Compiler 5.06 update 6 (build 750) Tool: armlink [4d35ed]

==============================================================================

Section Cross References

    startup_stm32f103xb.o(RESET) refers to startup_stm32f103xb.o(STACK) for __initial_sp
    startup_stm32f103xb.o(RESET) refers to startup_stm32f103xb.o(.text) for Reset_Handler
    startup_stm32f103xb.o(RESET) refers to stm32f1xx_it.o(i.NMI_Handler) for NMI_Handler
    startup_stm32f103xb.o(RESET) refers to stm32f1xx_it.o(i.HardFault_Handler) for HardFault_Handler
    startup_stm32f103xb.o(RESET) refers to stm32f1xx_it.o(i.MemManage_Handler) for MemManage_Handler
    startup_stm32f103xb.o(RESET) refers to stm32f1xx_it.o(i.BusFault_Handler) for BusFault_Handler
    startup_stm32f103xb.o(RESET) refers to stm32f1xx_it.o(i.UsageFault_Handler) for UsageFault_Handler
    startup_stm32f103xb.o(RESET) refers to port.o(.emb_text) for SVC_Handler
    startup_stm32f103xb.o(RESET) refers to stm32f1xx_it.o(i.DebugMon_Handler) for DebugMon_Handler
    startup_stm32f103xb.o(RESET) refers to stm32f1xx_it.o(i.SysTick_Handler) for SysTick_Handler
    startup_stm32f103xb.o(RESET) refers to stm32f1xx_it.o(i.SPI2_IRQHandler) for SPI2_IRQHandler
    startup_stm32f103xb.o(RESET) refers to stm32f1xx_it.o(i.USART1_IRQHandler) for USART1_IRQHandler
    startup_stm32f103xb.o(.text) refers to system_stm32f1xx.o(i.SystemInit) for SystemInit
    startup_stm32f103xb.o(.text) refers to entry.o(.ARM.Collect$$$$00000000) for __main
    ili9341_driver.o(i.ILI9341_Draw_Char) refers to ili9341_driver.o(i.ILI9341_Set_Address) for ILI9341_Set_Address
    ili9341_driver.o(i.ILI9341_Draw_Char) refers to stm32f1xx_hal_gpio.o(i.HAL_GPIO_WritePin) for HAL_GPIO_WritePin
    ili9341_driver.o(i.ILI9341_Draw_Char) refers to ili9341_driver.o(i.ILI9341_SPI_Send) for ILI9341_SPI_Send
    ili9341_driver.o(i.ILI9341_Draw_Char) refers to ili9341_driver.o(.constdata) for .constdata
    ili9341_driver.o(i.ILI9341_Draw_Circle) refers to ili9341_driver.o(i.ILI9341_Draw_Pixel) for ILI9341_Draw_Pixel
    ili9341_driver.o(i.ILI9341_Draw_Circle) refers to ili9341_driver.o(i.ILI9341_Set_Address) for ILI9341_Set_Address
    ili9341_driver.o(i.ILI9341_Draw_Circle) refers to stm32f1xx_hal_gpio.o(i.HAL_GPIO_WritePin) for HAL_GPIO_WritePin
    ili9341_driver.o(i.ILI9341_Draw_Circle) refers to ili9341_driver.o(i.ILI9341_SPI_Send) for ILI9341_SPI_Send
    ili9341_driver.o(i.ILI9341_Draw_Double_Pixel) refers to ili9341_driver.o(i.ILI9341_Set_Address) for ILI9341_Set_Address
    ili9341_driver.o(i.ILI9341_Draw_Double_Pixel) refers to stm32f1xx_hal_gpio.o(i.HAL_GPIO_WritePin) for HAL_GPIO_WritePin
    ili9341_driver.o(i.ILI9341_Draw_Double_Pixel) refers to ili9341_driver.o(i.ILI9341_SPI_Send) for ILI9341_SPI_Send
    ili9341_driver.o(i.ILI9341_Draw_Double_Pixel) refers to ili9341_driver.o(.data) for .data
    ili9341_driver.o(i.ILI9341_Draw_Empty_Rectangle) refers to ili9341_driver.o(i.ILI9341_Draw_Line) for ILI9341_Draw_Line
    ili9341_driver.o(i.ILI9341_Draw_Filled_Rectangle) refers to ili9341_driver.o(i.ILI9341_Set_Address) for ILI9341_Set_Address
    ili9341_driver.o(i.ILI9341_Draw_Filled_Rectangle) refers to ili9341_driver.o(i.ILI9341_Send_Burst) for ILI9341_Send_Burst
    ili9341_driver.o(i.ILI9341_Draw_Line) refers to ili9341_driver.o(i.ILI9341_Draw_Pixel) for ILI9341_Draw_Pixel
    ili9341_driver.o(i.ILI9341_Draw_Pixel) refers to ili9341_driver.o(i.ILI9341_Set_Address) for ILI9341_Set_Address
    ili9341_driver.o(i.ILI9341_Draw_Pixel) refers to stm32f1xx_hal_gpio.o(i.HAL_GPIO_WritePin) for HAL_GPIO_WritePin
    ili9341_driver.o(i.ILI9341_Draw_Pixel) refers to ili9341_driver.o(i.ILI9341_SPI_Send) for ILI9341_SPI_Send
    ili9341_driver.o(i.ILI9341_Draw_Pixel) refers to ili9341_driver.o(.data) for .data
    ili9341_driver.o(i.ILI9341_Draw_String) refers to ili9341_driver.o(i.ILI9341_Draw_Char) for ILI9341_Draw_Char
    ili9341_driver.o(i.ILI9341_Draw_String) refers to ili9341_driver.o(.data) for .data
    ili9341_driver.o(i.ILI9341_Fill_Screen) refers to ili9341_driver.o(i.ILI9341_Set_Address) for ILI9341_Set_Address
    ili9341_driver.o(i.ILI9341_Fill_Screen) refers to ili9341_driver.o(i.ILI9341_Send_Burst) for ILI9341_Send_Burst
    ili9341_driver.o(i.ILI9341_Fill_Screen) refers to ili9341_driver.o(.data) for .data
    ili9341_driver.o(i.ILI9341_Fill_Screen1) refers to ili9341_driver.o(i.ILI9341_Set_Address) for ILI9341_Set_Address
    ili9341_driver.o(i.ILI9341_Fill_Screen1) refers to ili9341_driver.o(i.ILI9341_Send_Burst) for ILI9341_Send_Burst
    ili9341_driver.o(i.ILI9341_Fill_Screen1) refers to ili9341_driver.o(.data) for .data
    ili9341_driver.o(i.ILI9341_Init) refers to ili9341_driver.o(i.ILI9341_SPI_Init) for ILI9341_SPI_Init
    ili9341_driver.o(i.ILI9341_Init) refers to ili9341_driver.o(i.ILI9341_Reset) for ILI9341_Reset
    ili9341_driver.o(i.ILI9341_Init) refers to ili9341_driver.o(i.ILI9341_Send_Command) for ILI9341_Send_Command
[...]
    Removing tasks.o(i.xTaskGetTickCountFromISR), (16 bytes).
    Removing tasks.o(i.xTaskNotifyStateClear), (52 bytes).
    Removing tasks.o(i.xTaskNotifyWait), (140 bytes).
    Removing tasks.o(i.xTaskPriorityDisinherit), (152 bytes).
    Removing tasks.o(i.xTaskPriorityInherit), (148 bytes).
    Removing tasks.o(i.xTaskRemoveFromEventList), (116 bytes).
    Removing tasks.o(i.xTaskResumeFromISR), (136 bytes).
    Removing cmsis_os.o(.rev16_text), (4 bytes).
    Removing cmsis_os.o(.revsh_text), (4 bytes).
    Removing cmsis_os.o(.rrx_text), (6 bytes).
    Removing cmsis_os.o(i.inHandlerMode), (12 bytes).
    Removing cmsis_os.o(i.makeCmsisPriority), (14 bytes).
    Removing cmsis_os.o(i.osAbortDelay), (4 bytes).
    Removing cmsis_os.o(i.osDelayUntil), (4 bytes).
    Removing cmsis_os.o(i.osKernelRunning), (18 bytes).
    Removing cmsis_os.o(i.osKernelSysTick), (24 bytes).
    Removing cmsis_os.o(i.osMailAlloc), (12 bytes).
    Removing cmsis_os.o(i.osMailCAlloc), (32 bytes).
    Removing cmsis_os.o(i.osMailCreate), (92 bytes).
    Removing cmsis_os.o(i.osMailFree), (12 bytes).
    Removing cmsis_os.o(i.osMailGet), (144 bytes).
    Removing cmsis_os.o(i.osMailPut), (92 bytes).
    Removing cmsis_os.o(i.osMessageAvailableSpace), (4 bytes).
    Removing cmsis_os.o(i.osMessageCreate), (38 bytes).
    Removing cmsis_os.o(i.osMessageDelete), (24 bytes).
    Removing cmsis_os.o(i.osMessageGet), (148 bytes).
    Removing cmsis_os.o(i.osMessagePeek), (74 bytes).
    Removing cmsis_os.o(i.osMessagePut), (92 bytes).
    Removing cmsis_os.o(i.osMessageWaiting), (30 bytes).
    Removing cmsis_os.o(i.osMutexCreate), (16 bytes).
    Removing cmsis_os.o(i.osMutexDelete), (24 bytes).
    Removing cmsis_os.o(i.osMutexRelease), (80 bytes).
    Removing cmsis_os.o(i.osMutexWait), (100 bytes).
    Removing cmsis_os.o(i.osPoolAlloc), (106 bytes).
    Removing cmsis_os.o(i.osPoolCAlloc), (16 bytes).
    Removing cmsis_os.o(i.osPoolCreate), (94 bytes).
    Removing cmsis_os.o(i.osPoolFree), (48 bytes).
    Removing cmsis_os.o(i.osRecursiveMutexCreate), (4 bytes).
    Removing cmsis_os.o(i.osRecursiveMutexRelease), (4 bytes).
    Removing cmsis_os.o(i.osRecursiveMutexWait), (4 bytes).
    Removing cmsis_os.o(i.osSemaphoreCreate), (62 bytes).
    Removing cmsis_os.o(i.osSemaphoreDelete), (24 bytes).
    Removing cmsis_os.o(i.osSemaphoreGetCount), (4 bytes).
    Removing cmsis_os.o(i.osSemaphoreRelease), (80 bytes).
    Removing cmsis_os.o(i.osSemaphoreWait), (100 bytes).
    Removing cmsis_os.o(i.osSignalSet), (92 bytes).
    Removing cmsis_os.o(i.osSignalWait), (86 bytes).
    Removing cmsis_os.o(i.osSystickHandler), (20 bytes).
    Removing cmsis_os.o(i.osThreadGetId), (4 bytes).
    Removing cmsis_os.o(i.osThreadGetPriority), (32 bytes).
    Removing cmsis_os.o(i.osThreadList), (4 bytes).
    Removing cmsis_os.o(i.osThreadResume), (52 bytes).
    Removing cmsis_os.o(i.osThreadResumeAll), (18 bytes).
    Removing cmsis_os.o(i.osThreadSetPriority), (22 bytes).
    Removing cmsis_os.o(i.osThreadSuspend), (10 bytes).
    Removing cmsis_os.o(i.osThreadSuspendAll), (10 bytes).
    Removing cmsis_os.o(i.osThreadTerminate), (10 bytes).
    Removing cmsis_os.o(i.osThreadYield), (24 bytes).
    Removing cmsis_os.o(i.osTimerCreate), (4 bytes).
    Removing cmsis_os.o(i.osTimerDelete), (4 bytes).
    Removing cmsis_os.o(i.osTimerStart), (4 bytes).
    Removing cmsis_os.o(i.osTimerStop), (4 bytes).
    Removing heap_4.o(i.vPortInitialiseBlocks), (2 bytes).
    Removing heap_4.o(i.xPortGetFreeHeapSize), (12 bytes).
    Removing heap_4.o(i.xPortGetMinimumEverFreeHeapSize), (12 bytes).
    Removing port.o(i.vPortEndScheduler), (32 bytes).
    Removing port.o(i.vPortValidateInterruptPriority), (84 bytes).

458 unused section(s) (total 26195 bytes) removed from the image.

==============================================================================

Image Symbol Table

    Local Symbols

    Symbol Name                              Value     Ov Type        Size  Object(Section)

    ../Core/Src/freertos.c                   0x00000000   Number         0  freertos.o ABSOLUTE
    ../Core/Src/main.c                       0x00000000   Number         0  main.o ABSOLUTE
    ../Core/Src/stm32f1xx_hal_msp.c          0x00000000   Number         0  stm32f1xx_hal_msp.o ABSOLUTE
    ../Core/Src/stm32f1xx_it.c               0x00000000   Number         0  stm32f1xx_it.o ABSOLUTE
    ../Core/Src/system_stm32f1xx.c           0x00000000   Number         0  system_stm32f1xx.o ABSOLUTE
    ../Drivers/STM32F1xx_HAL_Driver/Src/stm32f1xx_hal.c 0x00000000   Number         0  stm32f1xx_hal.o ABSOLUTE
    ../Drivers/STM32F1xx_HAL_Driver/Src/stm32f1xx_hal_cortex.c 0x00000000   Number         0  stm32f1xx_hal_cortex.o ABSOLUTE
    ../Drivers/STM32F1xx_HAL_Driver/Src/stm32f1xx_hal_dma.c 0x00000000   Number         0  stm32f1xx_hal_dma.o ABSOLUTE
    ../Drivers/STM32F1xx_HAL_Driver/Src/stm32f1xx_hal_exti.c 0x00000000   Number         0  stm32f1xx_hal_exti.o ABSOLUTE
    ../Drivers/STM32F1xx_HAL_Driver/Src/stm32f1xx_hal_flash.c 0x00000000   Number         0  stm32f1xx_hal_flash.o ABSOLUTE
    ../Drivers/STM32F1xx_HAL_Driver/Src/stm32f1xx_hal_flash_ex.c 0x00000000   Number         0  stm32f1xx_hal_flash_ex.o ABSOLUTE
    ../Drivers/STM32F1xx_HAL_Driver/Src/stm32f1xx_hal_gpio.c 0x00000000   Number         0  stm32f1xx_hal_gpio.o ABSOLUTE
    ../Drivers/STM32F1xx_HAL_Driver/Src/stm32f1xx_hal_gpio_ex.c 0x00000000   Number         0  stm32f1xx_hal_gpio_ex.o ABSOLUTE
    ../Drivers/STM32F1xx_HAL_Driver/Src/stm32f1xx_hal_pwr.c 0x00000000   Number         0  stm32f1xx_hal_pwr.o ABSOLUTE
    ../Drivers/STM32F1xx_HAL_Driver/Src/stm32f1xx_hal_rcc.c 0x00000000   Number         0  stm32f1xx_hal_rcc.o ABSOLUTE
    ../Drivers/STM32F1xx_HAL_Driver/Src/stm32f1xx_hal_rcc_ex.c 0x00000000   Number         0  stm32f1xx_hal_rcc_ex.o ABSOLUTE
    ../Drivers/STM32F1xx_HAL_Driver/Src/stm32f1xx_hal_spi.c 0x00000000   Number         0  stm32f1xx_hal_spi.o ABSOLUTE
    ../Drivers/STM32F1xx_HAL_Driver/Src/stm32f1xx_hal_tim.c 0x00000000   Number         0  stm32f1xx_hal_tim.o ABSOLUTE
    ../Drivers/STM32F1xx_HAL_Driver/Src/stm32f1xx_hal_tim_ex.c 0x00000000   Number         0  stm32f1xx_hal_tim_ex.o ABSOLUTE
    ../Drivers/STM32F1xx_HAL_Driver/Src/stm32f1xx_hal_uart.c 0x00000000   Number         0  stm32f1xx_hal_uart.o ABSOLUTE
    ../Middlewares/Third_Party/FreeRTOS/Source/CMSIS_RTOS/cmsis_os.c 0x00000000   Number         0  cmsis_os.o ABSOLUTE
    ../Middlewares/Third_Party/FreeRTOS/Source/croutine.c 0x00000000   Number         0  croutine.o ABSOLUTE
    ../Middlewares/Third_Party/FreeRTOS/Source/event_groups.c 0x00000000   Number         0  event_groups.o ABSOLUTE
    ../Middlewares/Third_Party/FreeRTOS/Source/list.c 0x00000000   Number         0  list.o ABSOLUTE
    ../Middlewares/Third_Party/FreeRTOS/Source/portable/MemMang/heap_4.c 0x00000000   Number         0  heap_4.o ABSOLUTE
    ../Middlewares/Third_Party/FreeRTOS/Source/portable/RVDS/ARM_CM3/port.c 0x00000000   Number         0  port.o ABSOLUTE
    ../Middlewares/Third_Party/FreeRTOS/Source/queue.c 0x00000000   Number         0  queue.o ABSOLUTE
    ../Middlewares/Third_Party/FreeRTOS/Source/stream_buffer.c 0x00000000   Number         0  stream_buffer.o ABSOLUTE
    ../Middlewares/Third_Party/FreeRTOS/Source/tasks.c 0x00000000   Number         0  tasks.o ABSOLUTE
    ../Middlewares/Third_Party/FreeRTOS/Source/timers.c 0x00000000   Number         0  timers.o ABSOLUTE
    ../clib/microlib/init/entry.s            0x00000000   Number         0  entry10b.o ABSOLUTE
    ../clib/microlib/init/entry.s            0x00000000   Number         0  entry8b.o ABSOLUTE
    ../clib/microlib/init/entry.s            0x00000000   Number         0  entry.o ABSOLUTE
    ../clib/microlib/init/entry.s            0x00000000   Number         0  entry5.o ABSOLUTE
    ../clib/microlib/init/entry.s            0x00000000   Number         0  entry11a.o ABSOLUTE
    ../clib/microlib/init/entry.s            0x00000000   Number         0  entry8a.o ABSOLUTE
    ../clib/microlib/init/entry.s            0x00000000   Number         0  entry7b.o ABSOLUTE
    ../clib/microlib/init/entry.s            0x00000000   Number         0  entry7a.o ABSOLUTE
    ../clib/microlib/init/entry.s            0x00000000   Number         0  entry2.o ABSOLUTE
    ../clib/microlib/init/entry.s            0x00000000   Number         0  entry11b.o ABSOLUTE
    ../clib/microlib/init/entry.s            0x00000000   Number         0  entry9b.o ABSOLUTE
    ../clib/microlib/init/entry.s            0x00000000   Number         0  entry10a.o ABSOLUTE
    ../clib/microlib/init/entry.s            0x00000000   Number         0  entry9a.o ABSOLUTE
    ../clib/microlib/longlong.c              0x00000000   Number         0  llushr.o ABSOLUTE
    ../clib/microlib/string/memcpy.c         0x00000000   Number         0  memcpya.o ABSOLUTE
    ../clib/microlib/string/memcpy.c         0x00000000   Number         0  memcpyb.o ABSOLUTE
    ../clib/microlib/string/memset.c         0x00000000   Number         0  memset.o ABSOLUTE
    ../clib/microlib/string/memset.c         0x00000000   Number         0  memseta.o ABSOLUTE
    ../clib/microlib/stubs.s                 0x00000000   Number         0  iusefp.o ABSOLUTE
    ../fplib/microlib/fpadd.c                0x00000000   Number         0  fadd.o ABSOLUTE
    ../fplib/microlib/fpepilogue.c           0x00000000   Number         0  fepilogue.o ABSOLUTE
    ../fplib/microlib/fpfix.c                0x00000000   Number         0  ffixui.o ABSOLUTE
    ../fplib/microlib/fpflt.c                0x00000000   Number         0  ffltui.o ABSOLUTE
    ../fplib/microlib/fpflt.c                0x00000000   Number         0  fflti.o ABSOLUTE
    ../fplib/microlib/fpmul.c                0x00000000   Number         0  fmul.o ABSOLUTE
    ..\Core\Src\ILI9341_Driver.c             0x00000000   Number         0  ili9341_driver.o ABSOLUTE
    ..\Core\Src\Touch.c                      0x00000000   Number         0  touch.o ABSOLUTE
    ..\Core\Src\display.c                    0x00000000   Number         0  display.o ABSOLUTE
    ..\Core\Src\freertos.c                   0x00000000   Number         0  freertos.o ABSOLUTE
    ..\Core\Src\main.c                       0x00000000   Number         0  main.o ABSOLUTE
    ..\Core\Src\rc522.c                      0x00000000   Number         0  rc522.o ABSOLUTE
    ..\Core\Src\stm32f1xx_hal_msp.c          0x00000000   Number         0  stm32f1xx_hal_msp.o ABSOLUTE
    ..\Core\Src\stm32f1xx_it.c               0x00000000   Number         0  stm32f1xx_it.o ABSOLUTE
    ..\Core\Src\system_stm32f1xx.c           0x00000000   Number         0  system_stm32f1xx.o ABSOLUTE
    ..\Drivers\STM32F1xx_HAL_Driver\Src\stm32f1xx_hal.c 0x00000000   Number         0  stm32f1xx_hal.o ABSOLUTE
    ..\Drivers\STM32F1xx_HAL_Driver\Src\stm32f1xx_hal_cortex.c 0x00000000   Number         0  stm32f1xx_hal_cortex.o ABSOLUTE
    ..\Drivers\STM32F1xx_HAL_Driver\Src\stm32f1xx_hal_dma.c 0x00000000   Number         0  stm32f1xx_hal_dma.o ABSOLUTE
    ..\Drivers\STM32F1xx_HAL_Driver\Src\stm32f1xx_hal_exti.c 0x00000000   Number         0  stm32f1xx_hal_exti.o ABSOLUTE
    ..\Drivers\STM32F1xx_HAL_Driver\Src\stm32f1xx_hal_flash.c 0x00000000   Number         0  stm32f1xx_hal_flash.o ABSOLUTE
    ..\Drivers\STM32F1xx_HAL_Driver\Src\stm32f1xx_hal_flash_ex.c 0x00000000   Number         0  stm32f1xx_hal_flash_ex.o ABSOLUTE
    ..\Drivers\STM32F1xx_HAL_Driver\Src\stm32f1xx_hal_gpio.c 0x00000000   Number         0  stm32f1xx_hal_gpio.o ABSOLUTE
    ..\Drivers\STM32F1xx_HAL_Driver\Src\stm32f1xx_hal_gpio_ex.c 0x00000000   Number         0  stm32f1xx_hal_gpio_ex.o ABSOLUTE
    ..\Drivers\STM32F1xx_HAL_Driver\Src\stm32f1xx_hal_pwr.c 0x00000000   Number         0  stm32f1xx_hal_pwr.o ABSOLUTE
    ..\Drivers\STM32F1xx_HAL_Driver\Src\stm32f1xx_hal_rcc.c 0x00000000   Number         0  stm32f1xx_hal_rcc.o ABSOLUTE
    ..\Drivers\STM32F1xx_HAL_Driver\Src\stm32f1xx_hal_rcc_ex.c 0x00000000   Number         0  stm32f1xx_hal_rcc_ex.o ABSOLUTE
    ..\Drivers\STM32F1xx_HAL_Driver\Src\stm32f1xx_hal_spi.c 0x00000000   Number         0  stm32f1xx_hal_spi.o ABSOLUTE
    ..\Drivers\STM32F1xx_HAL_Driver\Src\stm32f1xx_hal_tim.c 0x00000000   Number         0  stm32f1xx_hal_tim.o ABSOLUTE
    ..\Drivers\STM32F1xx_HAL_Driver\Src\stm32f1xx_hal_tim_ex.c 0x00000000   Number         0  stm32f1xx_hal_tim_ex.o ABSOLUTE
    ..\Drivers\STM32F1xx_HAL_Driver\Src\stm32f1xx_hal_uart.c 0x00000000   Number         0  stm32f1xx_hal_uart.o ABSOLUTE
    ..\Middlewares\Third_Party\FreeRTOS\Source\CMSIS_RTOS\cmsis_os.c 0x00000000   Number         0  cmsis_os.o ABSOLUTE
    ..\Middlewares\Third_Party\FreeRTOS\Source\portable\RVDS\ARM_CM3\port.c 0x00000000   Number         0  port.o ABSOLUTE
    ..\\Core\\Src\\ILI9341_Driver.c          0x00000000   Number         0  ili9341_driver.o ABSOLUTE
    ..\\Core\\Src\\Touch.c                   0x00000000   Number         0  touch.o ABSOLUTE
    ..\\Core\\Src\\display.c                 0x00000000   Number         0  display.o ABSOLUTE
    ..\\Core\\Src\\rc522.c                   0x00000000   Number         0  rc522.o ABSOLUTE
    dc.s                                     0x00000000   Number         0  dc.o ABSOLUTE
    handlers.s                               0x00000000   Number         0  handlers.o ABSOLUTE
    init.s                                   0x00000000   Number         0  init.o ABSOLUTE
    startup_stm32f103xb.s                    0x00000000   Number         0  startup_stm32f103xb.o ABSOLUTE
    RESET                                    0x08000000   Section      236  startup_stm32f103xb.o(RESET)
    .ARM.Collect$$$$00000000                 0x080000ec   Section        0  entry.o(.ARM.Collect$$$$00000000)
    .ARM.Collect$$$$00000001                 0x080000ec   Section        4  entry2.o(.ARM.Collect$$$$00000001)
    .ARM.Collect$$$$00000004                 0x080000f0   Section        4  entry5.o(.ARM.Collect$$$$00000004)
    .ARM.Collect$$$$00000008                 0x080000f4   Section        0  entry7b.o(.ARM.Collect$$$$00000008)
    .ARM.Collect$$$$0000000A                 0x080000f4   Section        0  entry8b.o(.ARM.Collect$$$$0000000A)
    .ARM.Collect$$$$0000000B                 0x080000f4   Section        8  entry9a.o(.ARM.Collect$$$$0000000B)
    .ARM.Collect$$$$0000000D                 0x080000fc   Section        0  entry10a.o(.ARM.Collect$$$$0000000D)
    .ARM.Collect$$$$0000000F                 0x080000fc   Section        0  entry11a.o(.ARM.Collect$$$$0000000F)
    .ARM.Collect$$$$00002712                 0x080000fc   Section        4  entry2.o(.ARM.Collect$$$$00002712)
    __lit__00000000                          0x080000fc   Data           4  entry2.o(.ARM.Collect$$$$00002712)
    .emb_text                                0x08000100   Section      150  port.o(.emb_text)
    .text                                    0x08000198   Section       36  startup_stm32f103xb.o(.text)
    .text                                    0x080001bc   Section        0  memcpya.o(.text)
    .text                                    0x080001e0   Section        0  memseta.o(.text)
    .text                                    0x08000204   Section        0  fadd.o(.text)
    .text                                    0x080002b4   Section        0  fmul.o(.text)
    .text                                    0x08000318   Section        0  fflti.o(.text)
    .text                                    0x0800032a   Section        0  ffltui.o(.text)
    .text                                    0x08000334   Section        0  ffixui.o(.text)
    .text                                    0x0800035c   Section        0  fepilogue.o(.text)
    .text                                    0x0800035c   Section        0  iusefp.o(.text)
    .text                                    0x080003cc   Section       36  init.o(.text)
    i.BusFault_Handler                       0x080003f0   Section        0  stm32f1xx_it.o(i.BusFault_Handler)
    i.ChonCho                                0x080003f4   Section        0  main.o(i.ChonCho)
    i.DebugMon_Handler                       0x080004d8   Section        0  stm32f1xx_it.o(i.DebugMon_Handler)
    i.Display_Menu                           0x080004dc   Section        0  display.o(i.Display_Menu)
    i.Display_Round_Icon_20x20               0x0800069c   Section        0  display.o(i.Display_Round_Icon_20x20)
    i.Error_Handler                          0x080006f0   Section        0  main.o(i.Error_Handler)
    i.HAL_DMA_Abort_IT                       0x080006f4   Section        0  stm32f1xx_hal_dma.o(i.HAL_DMA_Abort_IT)
    i.HAL_Delay                              0x0800078c   Section        0  stm32f1xx_hal.o(i.HAL_Delay)
    i.HAL_GPIO_Init                          0x080007b0   Section        0  stm32f1xx_hal_gpio.o(i.HAL_GPIO_Init)
    i.HAL_GPIO_ReadPin                       0x08000990   Section        0  stm32f1xx_hal_gpio.o(i.HAL_GPIO_ReadPin)
    i.HAL_GPIO_TogglePin                     0x0800099a   Section        0  stm32f1xx_hal_gpio.o(i.HAL_GPIO_TogglePin)
    i.HAL_GPIO_WritePin                      0x080009aa   Section        0  stm32f1xx_hal_gpio.o(i.HAL_GPIO_WritePin)
    i.HAL_GetTick                            0x080009b4   Section        0  stm32f1xx_hal.o(i.HAL_GetTick)
    i.HAL_IncTick                            0x080009c0   Section        0  stm32f1xx_hal.o(i.HAL_IncTick)
    i.HAL_Init                               0x080009d0   Section        0  stm32f1xx_hal.o(i.HAL_Init)
    i.HAL_InitTick                           0x080009f4   Section        0  stm32f1xx_hal.o(i.HAL_InitTick)
    i.HAL_MspInit                            0x08000a34   Section        0  stm32f1xx_hal_msp.o(i.HAL_MspInit)
    i.HAL_NVIC_EnableIRQ                     0x08000a7c   Section        0  stm32f1xx_hal_cortex.o(i.HAL_NVIC_EnableIRQ)
    i.HAL_NVIC_SetPriority                   0x08000a98   Section        0  stm32f1xx_hal_cortex.o(i.HAL_NVIC_SetPriority)
    i.HAL_NVIC_SetPriorityGrouping           0x08000ad8   Section        0  stm32f1xx_hal_cortex.o(i.HAL_NVIC_SetPriorityGrouping)
    i.HAL_RCC_ClockConfig                    0x08000afc   Section        0  stm32f1xx_hal_rcc.o(i.HAL_RCC_ClockConfig)
    i.HAL_RCC_GetPCLK1Freq                   0x08000c28   Section        0  stm32f1xx_hal_rcc.o(i.HAL_RCC_GetPCLK1Freq)
    i.HAL_RCC_GetPCLK2Freq                   0x08000c48   Section        0  stm32f1xx_hal_rcc.o(i.HAL_RCC_GetPCLK2Freq)
    i.HAL_RCC_GetSysClockFreq                0x08000c68   Section        0  stm32f1xx_hal_rcc.o(i.HAL_RCC_GetSysClockFreq)
    i.HAL_RCC_OscConfig                      0x08000cd4   Section        0  stm32f1xx_hal_rcc.o(i.HAL_RCC_OscConfig)
    i.HAL_SPI_ErrorCallback                  0x08000ff4   Section        0  stm32f1xx_hal_spi.o(i.HAL_SPI_ErrorCallback)
    i.HAL_SPI_IRQHandler                     0x08000ff8   Section        0  stm32f1xx_hal_spi.o(i.HAL_SPI_IRQHandler)
    i.HAL_SPI_Init                           0x080010d8   Section        0  stm32f1xx_hal_spi.o(i.HAL_SPI_Init)
    i.HAL_SPI_MspInit                        0x0800118c   Section        0  stm32f1xx_hal_msp.o(i.HAL_SPI_MspInit)
    i.HAL_SPI_Transmit                       0x08001260   Section        0  stm32f1xx_hal_spi.o(i.HAL_SPI_Transmit)
    i.HAL_SPI_TransmitReceive                0x080013c6   Section        0  stm32f1xx_hal_spi.o(i.HAL_SPI_TransmitReceive)
    i.HAL_SYSTICK_Config                     0x080015a8   Section        0  stm32f1xx_hal_cortex.o(i.HAL_SYSTICK_Config)
    i.HAL_UART_ErrorCallback                 0x080015d0   Section        0  stm32f1xx_hal_uart.o(i.HAL_UART_ErrorCallback)
    i.HAL_UART_IRQHandler                    0x080015d4   Section        0  stm32f1xx_hal_uart.o(i.HAL_UART_IRQHandler)
    i.HAL_UART_Init                          0x08001730   Section        0  stm32f1xx_hal_uart.o(i.HAL_UART_Init)
    i.HAL_UART_MspInit                       0x08001794   Section        0  stm32f1xx_hal_msp.o(i.HAL_UART_MspInit)
    i.HAL_UART_Receive_IT                    0x08001814   Section        0  stm32f1xx_hal_uart.o(i.HAL_UART_Receive_IT)
    i.HAL_UART_RxCpltCallback                0x08001868   Section        0  main.o(i.HAL_UART_RxCpltCallback)
    i.HAL_UART_Transmit                      0x08001934   Section        0  stm32f1xx_hal_uart.o(i.HAL_UART_Transmit)
    i.HAL_UART_TxCpltCallback                0x080019e6   Section        0  stm32f1xx_hal_uart.o(i.HAL_UART_TxCpltCallback)
    i.HardFault_Handler                      0x080019e8   Section        0  stm32f1xx_it.o(i.HardFault_Handler)
    i.HienThiCho                             0x080019ec   Section        0  main.o(i.HienThiCho)
    i.ILI9341_Draw_Char                      0x08001c58   Section        0  ili9341_driver.o(i.ILI9341_Draw_Char)
    ILI9341_Draw_Char                        0x08001c59   Thumb Code   248  ili9341_driver.o(i.ILI9341_Draw_Char)
    i.ILI9341_Draw_Circle                    0x08001d5c   Section        0  ili9341_driver.o(i.ILI9341_Draw_Circle)
    i.ILI9341_Draw_Double_Pixel              0x08002010   Section        0  ili9341_driver.o(i.ILI9341_Draw_Double_Pixel)
    i.ILI9341_Draw_Empty_Rectangle           0x0800206c   Section        0  ili9341_driver.o(i.ILI9341_Draw_Empty_Rectangle)
    i.ILI9341_Draw_Line                      0x080020ae   Section        0  ili9341_driver.o(i.ILI9341_Draw_Line)
    i.ILI9341_Draw_Pixel                     0x08002140   Section        0  ili9341_driver.o(i.ILI9341_Draw_Pixel)
    i.ILI9341_Draw_String                    0x0800219c   Section        0  ili9341_driver.o(i.ILI9341_Draw_String)
    i.ILI9341_Fill_Screen                    0x08002230   Section        0  ili9341_driver.o(i.ILI9341_Fill_Screen)
    i.ILI9341_Fill_Screen1                   0x0800225c   Section        0  ili9341_driver.o(i.ILI9341_Fill_Screen1)
    i.ILI9341_Init                           0x08002284   Section        0  ili9341_driver.o(i.ILI9341_Init)
    i.ILI9341_Reset                          0x0800248c   Section        0  ili9341_driver.o(i.ILI9341_Reset)
    i.ILI9341_SPI_Init                       0x080024d4   Section        0  ili9341_driver.o(i.ILI9341_SPI_Init)
    ILI9341_SPI_Init                         0x080024d5   Thumb Code    60  ili9341_driver.o(i.ILI9341_SPI_Init)
    i.ILI9341_SPI_Send                       0x08002518   Section        0  ili9341_driver.o(i.ILI9341_SPI_Send)
    i.ILI9341_SPI_Send_32                    0x0800252c   Section        0  ili9341_driver.o(i.ILI9341_SPI_Send_32)
    i.ILI9341_Send_Burst                     0x0800257c   Section        0  ili9341_driver.o(i.ILI9341_Send_Burst)
    ILI9341_Send_Burst                       0x0800257d   Thumb Code   270  ili9341_driver.o(i.ILI9341_Send_Burst)
    i.ILI9341_Send_Command                   0x08002690   Section        0  ili9341_driver.o(i.ILI9341_Send_Command)
    ILI9341_Send_Command                     0x08002691   Thumb Code    36  ili9341_driver.o(i.ILI9341_Send_Command)
    i.ILI9341_Send_Data                      0x080026b8   Section        0  ili9341_driver.o(i.ILI9341_Send_Data)
    ILI9341_Send_Data                        0x080026b9   Thumb Code    36  ili9341_driver.o(i.ILI9341_Send_Data)
    i.ILI9341_Set_Address                    0x080026e0   Section        0  ili9341_driver.o(i.ILI9341_Set_Address)
    i.ILI9341_Set_Rotation                   0x08002700   Section        0  ili9341_driver.o(i.ILI9341_Set_Rotation)
    i.MFRC522_AntennaOn                      0x08002748   Section        0  rc522.o(i.MFRC522_AntennaOn)
    i.MFRC522_Anticoll                       0x08002762   Section        0  rc522.o(i.MFRC522_Anticoll)
    i.MFRC522_ClearBitMask                   0x080027a4   Section        0  rc522.o(i.MFRC522_ClearBitMask)
    i.MFRC522_Init                           0x080027bc   Section        0  rc522.o(i.MFRC522_Init)
    i.MFRC522_ReadRegister                   0x08002802   Section        0  rc522.o(i.MFRC522_ReadRegister)
    i.MFRC522_Request                        0x08002810   Section        0  rc522.o(i.MFRC522_Request)
    i.MFRC522_Reset                          0x0800283e   Section        0  rc522.o(i.MFRC522_Reset)
    i.MFRC522_SetBitMask                     0x08002846   Section        0  rc522.o(i.MFRC522_SetBitMask)
    i.MFRC522_ToCard                         0x0800285e   Section        0  rc522.o(i.MFRC522_ToCard)
    i.MFRC522_WriteRegister                  0x08002972   Section        0  rc522.o(i.MFRC522_WriteRegister)
    i.MX_GPIO_Init                           0x0800297c   Section        0  main.o(i.MX_GPIO_Init)
    MX_GPIO_Init                             0x0800297d   Thumb Code   226  main.o(i.MX_GPIO_Init)
    i.MX_SPI1_Init                           0x08002a70   Section        0  main.o(i.MX_SPI1_Init)
    MX_SPI1_Init                             0x08002a71   Thumb Code    58  main.o(i.MX_SPI1_Init)
    i.MX_SPI2_Init                           0x08002ab4   Section        0  main.o(i.MX_SPI2_Init)
    MX_SPI2_Init                             0x08002ab5   Thumb Code    58  main.o(i.MX_SPI2_Init)
    i.MemManage_Handler                      0x08002af8   Section        0  stm32f1xx_it.o(i.MemManage_Handler)
    i.NMI_Handler                            0x08002afa   Section        0  stm32f1xx_it.o(i.NMI_Handler)
    i.SPI1SendByte                           0x08002afc   Section        0  rc522.o(i.SPI1SendByte)
    i.SPI1_ReadReg                           0x08002b1c   Section        0  rc522.o(i.SPI1_ReadReg)
    i.SPI1_WriteReg                          0x08002b50   Section        0  rc522.o(i.SPI1_WriteReg)
    i.SPI2_IRQHandler                        0x08002b88   Section        0  stm32f1xx_it.o(i.SPI2_IRQHandler)
    i.SPI_DMAAbortOnError                    0x08002b94   Section        0  stm32f1xx_hal_spi.o(i.SPI_DMAAbortOnError)
    SPI_DMAAbortOnError                      0x08002b95   Thumb Code    16  stm32f1xx_hal_spi.o(i.SPI_DMAAbortOnError)
    i.SPI_EndRxTxTransaction                 0x08002ba4   Section        0  stm32f1xx_hal_spi.o(i.SPI_EndRxTxTransaction)
    SPI_EndRxTxTransaction                   0x08002ba5   Thumb Code    32  stm32f1xx_hal_spi.o(i.SPI_EndRxTxTransaction)
    i.SPI_WaitFlagStateUntilTimeout          0x08002bc4   Section        0  stm32f1xx_hal_spi.o(i.SPI_WaitFlagStateUntilTimeout)
    SPI_WaitFlagStateUntilTimeout            0x08002bc5   Thumb Code   180  stm32f1xx_hal_spi.o(i.SPI_WaitFlagStateUntilTimeout)
    i.StartDefaultTask                       0x08002c7c   Section        0  main.o(i.StartDefaultTask)
    i.StartTask02                            0x080030a4   Section        0  main.o(i.StartTask02)
    i.StartTask03                            0x080031d0   Section        0  main.o(i.StartTask03)
    i.SysTick_Handler                        0x080031d8   Section        0  stm32f1xx_it.o(i.SysTick_Handler)
    i.SystemClock_Config                     0x080031f0   Section        0  main.o(i.SystemClock_Config)
    i.SystemInit                             0x0800324e   Section        0  system_stm32f1xx.o(i.SystemInit)
    i.TP_Init                                0x08003250   Section        0  touch.o(i.TP_Init)
    i.TP_Read_AD                             0x080032a4   Section        0  touch.o(i.TP_Read_AD)
    i.TP_Read_XOY                            0x08003358   Section        0  touch.o(i.TP_Read_XOY)
    i.TP_Read_XY                             0x080033b8   Section        0  touch.o(i.TP_Read_XY)
    i.TP_Read_XY2                            0x080033e0   Section        0  touch.o(i.TP_Read_XY2)
    i.TP_Scan                                0x0800345c   Section        0  touch.o(i.TP_Scan)
    i.TP_Write_Byte                          0x08003508   Section        0  touch.o(i.TP_Write_Byte)
    i.UART_DMAAbortOnError                   0x08003550   Section        0  stm32f1xx_hal_uart.o(i.UART_DMAAbortOnError)
    UART_DMAAbortOnError                     0x08003551   Thumb Code    16  stm32f1xx_hal_uart.o(i.UART_DMAAbortOnError)
    i.UART_EndRxTransfer                     0x08003560   Section        0  stm32f1xx_hal_uart.o(i.UART_EndRxTransfer)
    UART_EndRxTransfer                       0x08003561   Thumb Code    28  stm32f1xx_hal_uart.o(i.UART_EndRxTransfer)
    i.UART_Receive_IT                        0x0800357c   Section        0  stm32f1xx_hal_uart.o(i.UART_Receive_IT)
    UART_Receive_IT                          0x0800357d   Thumb Code   140  stm32f1xx_hal_uart.o(i.UART_Receive_IT)
    i.UART_SetConfig                         0x08003608   Section        0  stm32f1xx_hal_uart.o(i.UART_SetConfig)
    UART_SetConfig                           0x08003609   Thumb Code   178  stm32f1xx_hal_uart.o(i.UART_SetConfig)
    i.UART_WaitOnFlagUntilTimeout            0x080036c0   Section        0  stm32f1xx_hal_uart.o(i.UART_WaitOnFlagUntilTimeout)
    UART_WaitOnFlagUntilTimeout              0x080036c1   Thumb Code   100  stm32f1xx_hal_uart.o(i.UART_WaitOnFlagUntilTimeout)
    i.USART1_IRQHandler                      0x08003724   Section        0  stm32f1xx_it.o(i.USART1_IRQHandler)
    i.UsageFault_Handler                     0x08003730   Section        0  stm32f1xx_it.o(i.UsageFault_Handler)
    i.__NVIC_SetPriority                     0x08003732   Section        0  stm32f1xx_hal_cortex.o(i.__NVIC_SetPriority)
    __NVIC_SetPriority                       0x08003733   Thumb Code    32  stm32f1xx_hal_cortex.o(i.__NVIC_SetPriority)
    i.__scatterload_copy                     0x08003752   Section       14  handlers.o(i.__scatterload_copy)
    i.__scatterload_null                     0x08003760   Section        2  handlers.o(i.__scatterload_null)
    i.__scatterload_zeroinit                 0x08003762   Section       14  handlers.o(i.__scatterload_zeroinit)
    i.char_to_hex                            0x08003770   Section        0  main.o(i.char_to_hex)
    i.main                                   0x080037b0   Section        0  main.o(i.main)
    i.makeFreeRtosPriority                   0x08003868   Section        0  cmsis_os.o(i.makeFreeRtosPriority)
    makeFreeRtosPriority                     0x08003869   Thumb Code    12  cmsis_os.o(i.makeFreeRtosPriority)
    i.osDelay                                0x08003874   Section        0  cmsis_os.o(i.osDelay)
    i.osKernelStart                          0x08003882   Section        0  cmsis_os.o(i.osKernelStart)
    i.osThreadCreate                         0x0800388c   Section        0  cmsis_os.o(i.osThreadCreate)
    i.prvAddCurrentTaskToDelayedList         0x080038e0   Section        0  tasks.o(i.prvAddCurrentTaskToDelayedList)
    prvAddCurrentTaskToDelayedList           0x080038e1   Thumb Code   102  tasks.o(i.prvAddCurrentTaskToDelayedList)
    i.prvAddNewTaskToReadyList               0x08003950   Section        0  tasks.o(i.prvAddNewTaskToReadyList)
    prvAddNewTaskToReadyList                 0x08003951   Thumb Code   194  tasks.o(i.prvAddNewTaskToReadyList)
    i.prvDeleteTCB                           0x08003a20   Section        0  tasks.o(i.prvDeleteTCB)
    prvDeleteTCB                             0x08003a21   Thumb Code    52  tasks.o(i.prvDeleteTCB)
    i.prvHeapInit                            0x08003a54   Section        0  heap_4.o(i.prvHeapInit)
    prvHeapInit                              0x08003a55   Thumb Code    66  heap_4.o(i.prvHeapInit)
    i.prvIdleTask                            0x08003aa0   Section        0  tasks.o(i.prvIdleTask)
    prvIdleTask                              0x08003aa1   Thumb Code    82  tasks.o(i.prvIdleTask)
    i.prvInitialiseNewTask                   0x08003b00   Section        0  tasks.o(i.prvInitialiseNewTask)
    prvInitialiseNewTask                     0x08003b01   Thumb Code   142  tasks.o(i.prvInitialiseNewTask)
    i.prvInsertBlockIntoFreeList             0x08003b90   Section        0  heap_4.o(i.prvInsertBlockIntoFreeList)
    prvInsertBlockIntoFreeList               0x08003b91   Thumb Code    72  heap_4.o(i.prvInsertBlockIntoFreeList)
    i.prvResetNextTaskUnblockTime            0x08003bdc   Section        0  tasks.o(i.prvResetNextTaskUnblockTime)
    prvResetNextTaskUnblockTime              0x08003bdd   Thumb Code    26  tasks.o(i.prvResetNextTaskUnblockTime)
    i.prvTaskExitError                       0x08003bfc   Section        0  port.o(i.prvTaskExitError)
    prvTaskExitError                         0x08003bfd   Thumb Code    36  port.o(i.prvTaskExitError)
    i.pvPortMalloc                           0x08003c24   Section        0  heap_4.o(i.pvPortMalloc)
    i.pxPortInitialiseStack                  0x08003cfc   Section        0  port.o(i.pxPortInitialiseStack)
    i.uxListRemove                           0x08003d20   Section        0  list.o(i.uxListRemove)
    i.vApplicationGetIdleTaskMemory          0x08003d48   Section        0  freertos.o(i.vApplicationGetIdleTaskMemory)
    i.vListInitialise                        0x08003d5c   Section        0  list.o(i.vListInitialise)
    i.vListInitialiseItem                    0x08003d72   Section        0  list.o(i.vListInitialiseItem)
    i.vListInsert                            0x08003d78   Section        0  list.o(i.vListInsert)
    i.vListInsertEnd                         0x08003da8   Section        0  list.o(i.vListInsertEnd)
    i.vPortEnterCritical                     0x08003dc0   Section        0  port.o(i.vPortEnterCritical)
    i.vPortExitCritical                      0x08003e00   Section        0  port.o(i.vPortExitCritical)
    i.vPortFree                              0x08003e28   Section        0  heap_4.o(i.vPortFree)
    i.vPortSetupTimerInterrupt               0x08003e84   Section        0  port.o(i.vPortSetupTimerInterrupt)
    i.vTaskDelay                             0x08003ea8   Section        0  tasks.o(i.vTaskDelay)
    i.vTaskStartScheduler                    0x08003ef4   Section        0  tasks.o(i.vTaskStartScheduler)
    i.vTaskSuspendAll                        0x08003f60   Section        0  tasks.o(i.vTaskSuspendAll)
    i.vTaskSwitchContext                     0x08003f70   Section        0  tasks.o(i.vTaskSwitchContext)
    i.xPortStartScheduler                    0x08003fcc   Section        0  port.o(i.xPortStartScheduler)
    i.xPortSysTickHandler                    0x08004074   Section        0  port.o(i.xPortSysTickHandler)
    i.xTaskCreate                            0x080040a0   Section        0  tasks.o(i.xTaskCreate)
    i.xTaskCreateStatic                      0x080040fa   Section        0  tasks.o(i.xTaskCreateStatic)
    i.xTaskGetSchedulerState                 0x08004150   Section        0  tasks.o(i.xTaskGetSchedulerState)
    i.xTaskIncrementTick                     0x0800416c   Section        0  tasks.o(i.xTaskIncrementTick)
    i.xTaskResumeAll                         0x08004234   Section        0  tasks.o(i.xTaskResumeAll)
    .constdata                               0x080042f8   Section     2248  ili9341_driver.o(.constdata)
    chars8                                   0x080042f8   Data         728  ili9341_driver.o(.constdata)
    chars16                                  0x080045d0   Data        1520  ili9341_driver.o(.constdata)
    .constdata                               0x08004bc0   Section    29996  display.o(.constdata)
    .constdata                               0x0800c0ec   Section     3284  main.o(.constdata)
    .constdata                               0x0800cdc0   Section       16  system_stm32f1xx.o(.constdata)
    .constdata                               0x0800cdd0   Section        8  system_stm32f1xx.o(.constdata)
    .conststring                             0x0800cdd8   Section       36  main.o(.conststring)
    .data                                    0x20000000   Section       12  ili9341_driver.o(.data)
    X_SIZE                                   0x20000004   Data           4  ili9341_driver.o(.data)
    Y_SIZE                                   0x20000008   Data           4  ili9341_driver.o(.data)
    .data                                    0x2000000c   Section       40  touch.o(.data)
    .data                                    0x20000034   Section      120  main.o(.data)
    .data                                    0x200000ac   Section       12  stm32f1xx_hal.o(.data)
    .data                                    0x200000b8   Section        4  system_stm32f1xx.o(.data)
    .data                                    0x200000bc   Section       60  tasks.o(.data)
    pxDelayedTaskList                        0x200000c0   Data           4  tasks.o(.data)
    pxOverflowDelayedTaskList                0x200000c4   Data           4  tasks.o(.data)
    uxDeletedTasksWaitingCleanUp             0x200000c8   Data           4  tasks.o(.data)
    uxCurrentNumberOfTasks                   0x200000cc   Data           4  tasks.o(.data)
    xTickCount                               0x200000d0   Data           4  tasks.o(.data)
    uxTopReadyPriority                       0x200000d4   Data           4  tasks.o(.data)
    xSchedulerRunning                        0x200000d8   Data           4  tasks.o(.data)
    uxPendedTicks                            0x200000dc   Data           4  tasks.o(.data)
    xYieldPending                            0x200000e0   Data           4  tasks.o(.data)
    xNumOfOverflows                          0x200000e4   Data           4  tasks.o(.data)
    uxTaskNumber                             0x200000e8   Data           4  tasks.o(.data)
    xNextTaskUnblockTime                     0x200000ec   Data           4  tasks.o(.data)
    xIdleTaskHandle                          0x200000f0   Data           4  tasks.o(.data)
    uxSchedulerSuspended                     0x200000f4   Data           4  tasks.o(.data)
    .data                                    0x200000f8   Section       24  heap_4.o(.data)
    pxEnd                                    0x200000f8   Data           4  heap_4.o(.data)
    xFreeBytesRemaining                      0x200000fc   Data           4  heap_4.o(.data)
    xMinimumEverFreeBytesRemaining           0x20000100   Data           4  heap_4.o(.data)
    xBlockAllocatedBit                       0x20000104   Data           4  heap_4.o(.data)
    xStart                                   0x20000108   Data           8  heap_4.o(.data)
    .data                                    0x20000110   Section       12  port.o(.data)
    ucMaxSysCallPriority                     0x20000110   Data           1  port.o(.data)
    uxCriticalNesting                        0x20000114   Data           4  port.o(.data)
    ulMaxPRIGROUPValue                       0x20000118   Data           4  port.o(.data)
    .bss                                     0x2000011c   Section       88  ili9341_driver.o(.bss)
    lcd_spi                                  0x2000011c   Data          88  ili9341_driver.o(.bss)
    .bss                                     0x20000174   Section    15076  main.o(.bss)
    .bss                                     0x20003c58   Section      596  freertos.o(.bss)
    xIdleTaskTCBBuffer                       0x20003c58   Data          84  freertos.o(.bss)
    xIdleStack                               0x20003cac   Data         512  freertos.o(.bss)
    .bss                                     0x20003eac   Section      240  tasks.o(.bss)
    pxReadyTasksLists                        0x20003eac   Data         140  tasks.o(.bss)
    xDelayedTaskList1                        0x20003f38   Data          20  tasks.o(.bss)
    xDelayedTaskList2                        0x20003f4c   Data          20  tasks.o(.bss)
    xPendingReadyList                        0x20003f60   Data          20  tasks.o(.bss)
    xTasksWaitingTermination                 0x20003f74   Data          20  tasks.o(.bss)
    xSuspendedTaskList                       0x20003f88   Data          20  tasks.o(.bss)
    .bss                                     0x20003f9c   Section     3072  heap_4.o(.bss)
    ucHeap                                   0x20003f9c   Data        3072  heap_4.o(.bss)
    STACK                                    0x20004ba0   Section     1024  startup_stm32f103xb.o(STACK)

    Global Symbols

    Symbol Name                              Value     Ov Type        Size  Object(Section)

    BuildAttributes$$THM_ISAv4$P$D$K$B$S$PE$A:L22UL41UL21$X:L11$S22US41US21$IEEE1$IW$USESV6$~STKCKD$USESV7$~SHL$OTIME$ROPI$EBA8$MICROLIB$REQ8$PRES8$EABIv2 0x00000000   Number         0  anon$$obj.o ABSOLUTE
    __ARM_use_no_argv                        0x00000000   Number         0  main.o ABSOLUTE
    __cpp_initialize__aeabi_                  - Undefined Weak Reference
    __cxa_finalize                            - Undefined Weak Reference
    __decompress                              - Undefined Weak Reference
    _clock_init                               - Undefined Weak Reference
    _microlib_exit                            - Undefined Weak Reference
    __Vectors_Size                           0x000000ec   Number         0  startup_stm32f103xb.o ABSOLUTE
    __Vectors                                0x08000000   Data           4  startup_stm32f103xb.o(RESET)
    __Vectors_End                            0x080000ec   Data           0  startup_stm32f103xb.o(RESET)
    __main                                   0x080000ed   Thumb Code     0  entry.o(.ARM.Collect$$$$00000000)
    _main_stk                                0x080000ed   Thumb Code     0  entry2.o(.ARM.Collect$$$$00000001)
    _main_scatterload                        0x080000f1   Thumb Code     0  entry5.o(.ARM.Collect$$$$00000004)
    __main_after_scatterload                 0x080000f5   Thumb Code     0  entry5.o(.ARM.Collect$$$$00000004)
    _main_clock                              0x080000f5   Thumb Code     0  entry7b.o(.ARM.Collect$$$$00000008)
    _main_cpp_init                           0x080000f5   Thumb Code     0  entry8b.o(.ARM.Collect$$$$0000000A)
    _main_init                               0x080000f5   Thumb Code     0  entry9a.o(.ARM.Collect$$$$0000000B)
    __rt_final_cpp                           0x080000fd   Thumb Code     0  entry10a.o(.ARM.Collect$$$$0000000D)
    __rt_final_exit                          0x080000fd   Thumb Code     0  entry11a.o(.ARM.Collect$$$$0000000F)
    SVC_Handler                              0x08000101   Thumb Code    32  port.o(.emb_text)
    __asm___6_port_c_39a90d8d__prvStartFirstTask 0x08000125   Thumb Code    28  port.o(.emb_text)
    PendSV_Handler                           0x08000145   Thumb Code    72  port.o(.emb_text)
    vPortGetIPSR                             0x08000191   Thumb Code     6  port.o(.emb_text)
    Reset_Handler                            0x08000199   Thumb Code     8  startup_stm32f103xb.o(.text)
    ADC1_2_IRQHandler                        0x080001b3   Thumb Code     0  startup_stm32f103xb.o(.text)
    CAN1_RX1_IRQHandler                      0x080001b3   Thumb Code     0  startup_stm32f103xb.o(.text)
    CAN1_SCE_IRQHandler                      0x080001b3   Thumb Code     0  startup_stm32f103xb.o(.text)
    DMA1_Channel1_IRQHandler                 0x080001b3   Thumb Code     0  startup_stm32f103xb.o(.text)
    DMA1_Channel2_IRQHandler                 0x080001b3   Thumb Code     0  startup_stm32f103xb.o(.text)
    DMA1_Channel3_IRQHandler                 0x080001b3   Thumb Code     0  startup_stm32f103xb.o(.text)
    DMA1_Channel4_IRQHandler                 0x080001b3   Thumb Code     0  startup_stm32f103xb.o(.text)
    DMA1_Channel5_IRQHandler                 0x080001b3   Thumb Code     0  startup_stm32f103xb.o(.text)
    DMA1_Channel6_IRQHandler                 0x080001b3   Thumb Code     0  startup_stm32f103xb.o(.text)
    DMA1_Channel7_IRQHandler                 0x080001b3   Thumb Code     0  startup_stm32f103xb.o(.text)
    EXTI0_IRQHandler                         0x080001b3   Thumb Code     0  startup_stm32f103xb.o(.text)
    EXTI15_10_IRQHandler                     0x080001b3   Thumb Code     0  startup_stm32f103xb.o(.text)
    EXTI1_IRQHandler                         0x080001b3   Thumb Code     0  startup_stm32f103xb.o(.text)
    EXTI2_IRQHandler                         0x080001b3   Thumb Code     0  startup_stm32f103xb.o(.text)
    EXTI3_IRQHandler                         0x080001b3   Thumb Code     0  startup_stm32f103xb.o(.text)
    EXTI4_IRQHandler                         0x080001b3   Thumb Code     0  startup_stm32f103xb.o(.text)
    EXTI9_5_IRQHandler                       0x080001b3   Thumb Code     0  startup_stm32f103xb.o(.text)
    FLASH_IRQHandler                         0x080001b3   Thumb Code     0  startup_stm32f103xb.o(.text)
    I2C1_ER_IRQHandler                       0x080001b3   Thumb Code     0  startup_stm32f103xb.o(.text)
    I2C1_EV_IRQHandler                       0x080001b3   Thumb Code     0  startup_stm32f103xb.o(.text)
    I2C2_ER_IRQHandler                       0x080001b3   Thumb Code     0  startup_stm32f103xb.o(.text)
    I2C2_EV_IRQHandler                       0x080001b3   Thumb Code     0  startup_stm32f103xb.o(.text)
    PVD_IRQHandler                           0x080001b3   Thumb Code     0  startup_stm32f103xb.o(.text)
    RCC_IRQHandler                           0x080001b3   Thumb Code     0  startup_stm32f103xb.o(.text)
    RTC_Alarm_IRQHandler                     0x080001b3   Thumb Code     0  startup_stm32f103xb.o(.text)
    RTC_IRQHandler                           0x080001b3   Thumb Code     0  startup_stm32f103xb.o(.text)
    SPI1_IRQHandler                          0x080001b3   Thumb Code     0  startup_stm32f103xb.o(.text)
    TAMPER_IRQHandler                        0x080001b3   Thumb Code     0  startup_stm32f103xb.o(.text)
    TIM1_BRK_IRQHandler                      0x080001b3   Thumb Code     0  startup_stm32f103xb.o(.text)
    TIM1_CC_IRQHandler                       0x080001b3   Thumb Code     0  startup_stm32f103xb.o(.text)
    TIM1_TRG_COM_IRQHandler                  0x080001b3   Thumb Code     0  startup_stm32f103xb.o(.text)
    TIM1_UP_IRQHandler                       0x080001b3   Thumb Code     0  startup_stm32f103xb.o(.text)
    TIM2_IRQHandler                          0x080001b3   Thumb Code     0  startup_stm32f103xb.o(.text)
    TIM3_IRQHandler                          0x080001b3   Thumb Code     0  startup_stm32f103xb.o(.text)
    TIM4_IRQHandler                          0x080001b3   Thumb Code     0  startup_stm32f103xb.o(.text)
    USART2_IRQHandler                        0x080001b3   Thumb Code     0  startup_stm32f103xb.o(.text)
    USART3_IRQHandler                        0x080001b3   Thumb Code     0  startup_stm32f103xb.o(.text)
    USBWakeUp_IRQHandler                     0x080001b3   Thumb Code     0  startup_stm32f103xb.o(.text)
    USB_HP_CAN1_TX_IRQHandler                0x080001b3   Thumb Code     0  startup_stm32f103xb.o(.text)
    USB_LP_CAN1_RX0_IRQHandler               0x080001b3   Thumb Code     0  startup_stm32f103xb.o(.text)
    WWDG_IRQHandler                          0x080001b3   Thumb Code     0  startup_stm32f103xb.o(.text)
    __aeabi_memcpy                           0x080001bd   Thumb Code    36  memcpya.o(.text)
    __aeabi_memcpy4                          0x080001bd   Thumb Code     0  memcpya.o(.text)
    __aeabi_memcpy8                          0x080001bd   Thumb Code     0  memcpya.o(.text)
    __aeabi_memset                           0x080001e1   Thumb Code    14  memseta.o(.text)
    __aeabi_memset4                          0x080001e1   Thumb Code     0  memseta.o(.text)
    __aeabi_memset8                          0x080001e1   Thumb Code     0  memseta.o(.text)
    __aeabi_memclr                           0x080001ef   Thumb Code     4  memseta.o(.text)
    __aeabi_memclr4                          0x080001ef   Thumb Code     0  memseta.o(.text)
    __aeabi_memclr8                          0x080001ef   Thumb Code     0  memseta.o(.text)
    memset                                   0x080001f3   Thumb Code    18  memseta.o(.text)
    __aeabi_fadd                             0x08000205   Thumb Code   164  fadd.o(.text)
    __aeabi_fsub                             0x080002a9   Thumb Code     6  fadd.o(.text)
    __aeabi_frsub                            0x080002af   Thumb Code     6  fadd.o(.text)
    __aeabi_fmul                             0x080002b5   Thumb Code   100  fmul.o(.text)
    __aeabi_i2f                              0x08000319   Thumb Code    18  fflti.o(.text)
    __aeabi_ui2f                             0x0800032b   Thumb Code    10  ffltui.o(.text)
    __aeabi_f2uiz                            0x08000335   Thumb Code    40  ffixui.o(.text)
    __I$use$fp                               0x0800035d   Thumb Code     0  iusefp.o(.text)
    _float_round                             0x0800035d   Thumb Code    18  fepilogue.o(.text)
    _float_epilogue                          0x0800036f   Thumb Code    92  fepilogue.o(.text)
    __scatterload                            0x080003cd   Thumb Code    28  init.o(.text)
    __scatterload_rt2                        0x080003cd   Thumb Code     0  init.o(.text)
    BusFault_Handler                         0x080003f1   Thumb Code     2  stm32f1xx_it.o(i.BusFault_Handler)
    ChonCho                                  0x080003f5   Thumb Code   140  main.o(i.ChonCho)
    DebugMon_Handler                         0x080004d9   Thumb Code     2  stm32f1xx_it.o(i.DebugMon_Handler)
    Display_Menu                             0x080004dd   Thumb Code   404  display.o(i.Display_Menu)
    Display_Round_Icon_20x20                 0x0800069d   Thumb Code    84  display.o(i.Display_Round_Icon_20x20)
    Error_Handler                            0x080006f1   Thumb Code     4  main.o(i.Error_Handler)
    HAL_DMA_Abort_IT                         0x080006f5   Thumb Code   148  stm32f1xx_hal_dma.o(i.HAL_DMA_Abort_IT)
    HAL_Delay                                0x0800078d   Thumb Code    32  stm32f1xx_hal.o(i.HAL_Delay)
    HAL_GPIO_Init                            0x080007b1   Thumb Code   446  stm32f1xx_hal_gpio.o(i.HAL_GPIO_Init)
    HAL_GPIO_ReadPin                         0x08000991   Thumb Code    10  stm32f1xx_hal_gpio.o(i.HAL_GPIO_ReadPin)
    HAL_GPIO_TogglePin                       0x0800099b   Thumb Code    16  stm32f1xx_hal_gpio.o(i.HAL_GPIO_TogglePin)
    HAL_GPIO_WritePin                        0x080009ab   Thumb Code    10  stm32f1xx_hal_gpio.o(i.HAL_GPIO_WritePin)
    HAL_GetTick                              0x080009b5   Thumb Code     6  stm32f1xx_hal.o(i.HAL_GetTick)
    HAL_IncTick                              0x080009c1   Thumb Code    12  stm32f1xx_hal.o(i.HAL_IncTick)
    HAL_Init                                 0x080009d1   Thumb Code    32  stm32f1xx_hal.o(i.HAL_Init)
    HAL_InitTick                             0x080009f5   Thumb Code    54  stm32f1xx_hal.o(i.HAL_InitTick)
    HAL_MspInit                              0x08000a35   Thumb Code    62  stm32f1xx_hal_msp.o(i.HAL_MspInit)
    HAL_NVIC_EnableIRQ                       0x08000a7d   Thumb Code    26  stm32f1xx_hal_cortex.o(i.HAL_NVIC_EnableIRQ)
    HAL_NVIC_SetPriority                     0x08000a99   Thumb Code    60  stm32f1xx_hal_cortex.o(i.HAL_NVIC_SetPriority)
    HAL_NVIC_SetPriorityGrouping             0x08000ad9   Thumb Code    26  stm32f1xx_hal_cortex.o(i.HAL_NVIC_SetPriorityGrouping)
    HAL_RCC_ClockConfig                      0x08000afd   Thumb Code   280  stm32f1xx_hal_rcc.o(i.HAL_RCC_ClockConfig)
    HAL_RCC_GetPCLK1Freq                     0x08000c29   Thumb Code    20  stm32f1xx_hal_rcc.o(i.HAL_RCC_GetPCLK1Freq)
    HAL_RCC_GetPCLK2Freq                     0x08000c49   Thumb Code    20  stm32f1xx_hal_rcc.o(i.HAL_RCC_GetPCLK2Freq)
    HAL_RCC_GetSysClockFreq                  0x08000c69   Thumb Code    74  stm32f1xx_hal_rcc.o(i.HAL_RCC_GetSysClockFreq)
    HAL_RCC_OscConfig                        0x08000cd5   Thumb Code   778  stm32f1xx_hal_rcc.o(i.HAL_RCC_OscConfig)
    HAL_SPI_ErrorCallback                    0x08000ff5   Thumb Code     2  stm32f1xx_hal_spi.o(i.HAL_SPI_ErrorCallback)
    HAL_SPI_IRQHandler                       0x08000ff9   Thumb Code   220  stm32f1xx_hal_spi.o(i.HAL_SPI_IRQHandler)
    HAL_SPI_Init                             0x080010d9   Thumb Code   178  stm32f1xx_hal_spi.o(i.HAL_SPI_Init)
    HAL_SPI_MspInit                          0x0800118d   Thumb Code   192  stm32f1xx_hal_msp.o(i.HAL_SPI_MspInit)
    HAL_SPI_Transmit                         0x08001261   Thumb Code   358  stm32f1xx_hal_spi.o(i.HAL_SPI_Transmit)
    HAL_SPI_TransmitReceive                  0x080013c7   Thumb Code   482  stm32f1xx_hal_spi.o(i.HAL_SPI_TransmitReceive)
    HAL_SYSTICK_Config                       0x080015a9   Thumb Code    40  stm32f1xx_hal_cortex.o(i.HAL_SYSTICK_Config)
    HAL_UART_ErrorCallback                   0x080015d1   Thumb Code     2  stm32f1xx_hal_uart.o(i.HAL_UART_ErrorCallback)
    HAL_UART_IRQHandler                      0x080015d5   Thumb Code   344  stm32f1xx_hal_uart.o(i.HAL_UART_IRQHandler)
    HAL_UART_Init                            0x08001731   Thumb Code    98  stm32f1xx_hal_uart.o(i.HAL_UART_Init)
    HAL_UART_MspInit                         0x08001795   Thumb Code   116  stm32f1xx_hal_msp.o(i.HAL_UART_MspInit)
    HAL_UART_Receive_IT                      0x08001815   Thumb Code    82  stm32f1xx_hal_uart.o(i.HAL_UART_Receive_IT)
    HAL_UART_RxCpltCallback                  0x08001869   Thumb Code   190  main.o(i.HAL_UART_RxCpltCallback)
    HAL_UART_Transmit                        0x08001935   Thumb Code   178  stm32f1xx_hal_uart.o(i.HAL_UART_Transmit)
    HAL_UART_TxCpltCallback                  0x080019e7   Thumb Code     2  stm32f1xx_hal_uart.o(i.HAL_UART_TxCpltCallback)
    HardFault_Handler                        0x080019e9   Thumb Code     2  stm32f1xx_it.o(i.HardFault_Handler)
    HienThiCho                               0x080019ed   Thumb Code   608  main.o(i.HienThiCho)
    ILI9341_Draw_Circle                      0x08001d5d   Thumb Code   686  ili9341_driver.o(i.ILI9341_Draw_Circle)
    ILI9341_Draw_Double_Pixel                0x08002011   Thumb Code    82  ili9341_driver.o(i.ILI9341_Draw_Double_Pixel)
    ILI9341_Draw_Empty_Rectangle             0x0800206d   Thumb Code    66  ili9341_driver.o(i.ILI9341_Draw_Empty_Rectangle)
    ILI9341_Draw_Line                        0x080020af   Thumb Code   146  ili9341_driver.o(i.ILI9341_Draw_Line)
    ILI9341_Draw_Pixel                       0x08002141   Thumb Code    82  ili9341_driver.o(i.ILI9341_Draw_Pixel)
    ILI9341_Draw_String                      0x0800219d   Thumb Code   144  ili9341_driver.o(i.ILI9341_Draw_String)
    ILI9341_Fill_Screen                      0x08002231   Thumb Code    38  ili9341_driver.o(i.ILI9341_Fill_Screen)
    ILI9341_Fill_Screen1                     0x0800225d   Thumb Code    36  ili9341_driver.o(i.ILI9341_Fill_Screen1)
    ILI9341_Init                             0x08002285   Thumb Code   518  ili9341_driver.o(i.ILI9341_Init)
    ILI9341_Reset                            0x0800248d   Thumb Code    66  ili9341_driver.o(i.ILI9341_Reset)
    ILI9341_SPI_Send                         0x08002519   Thumb Code    16  ili9341_driver.o(i.ILI9341_SPI_Send)
    ILI9341_SPI_Send_32                      0x0800252d   Thumb Code    76  ili9341_driver.o(i.ILI9341_SPI_Send_32)
    ILI9341_Set_Address                      0x080026e1   Thumb Code    30  ili9341_driver.o(i.ILI9341_Set_Address)
    ILI9341_Set_Rotation                     0x08002701   Thumb Code    68  ili9341_driver.o(i.ILI9341_Set_Rotation)
    MFRC522_AntennaOn                        0x08002749   Thumb Code    26  rc522.o(i.MFRC522_AntennaOn)
    MFRC522_Anticoll                         0x08002763   Thumb Code    66  rc522.o(i.MFRC522_Anticoll)
    MFRC522_ClearBitMask                     0x080027a5   Thumb Code    24  rc522.o(i.MFRC522_ClearBitMask)
    MFRC522_Init                             0x080027bd   Thumb Code    70  rc522.o(i.MFRC522_Init)
    MFRC522_ReadRegister                     0x08002803   Thumb Code    14  rc522.o(i.MFRC522_ReadRegister)
    MFRC522_Request                          0x08002811   Thumb Code    46  rc522.o(i.MFRC522_Request)
    MFRC522_Reset                            0x0800283f   Thumb Code     8  rc522.o(i.MFRC522_Reset)
    MFRC522_SetBitMask                       0x08002847   Thumb Code    24  rc522.o(i.MFRC522_SetBitMask)
    MFRC522_ToCard                           0x0800285f   Thumb Code   276  rc522.o(i.MFRC522_ToCard)
    MFRC522_WriteRegister                    0x08002973   Thumb Code    10  rc522.o(i.MFRC522_WriteRegister)
    MemManage_Handler                        0x08002af9   Thumb Code     2  stm32f1xx_it.o(i.MemManage_Handler)
    NMI_Handler                              0x08002afb   Thumb Code     2  stm32f1xx_it.o(i.NMI_Handler)
    SPI1SendByte                             0x08002afd   Thumb Code    28  rc522.o(i.SPI1SendByte)
    SPI1_ReadReg                             0x08002b1d   Thumb Code    48  rc522.o(i.SPI1_ReadReg)
    SPI1_WriteReg                            0x08002b51   Thumb Code    50  rc522.o(i.SPI1_WriteReg)
    SPI2_IRQHandler                          0x08002b89   Thumb Code     6  stm32f1xx_it.o(i.SPI2_IRQHandler)
    StartDefaultTask                         0x08002c7d   Thumb Code  1064  main.o(i.StartDefaultTask)
    StartTask02                              0x080030a5   Thumb Code   284  main.o(i.StartTask02)
    StartTask03                              0x080031d1   Thumb Code     8  main.o(i.StartTask03)
    SysTick_Handler                          0x080031d9   Thumb Code    24  stm32f1xx_it.o(i.SysTick_Handler)
    SystemClock_Config                       0x080031f1   Thumb Code    94  main.o(i.SystemClock_Config)
    SystemInit                               0x0800324f   Thumb Code     2  system_stm32f1xx.o(i.SystemInit)
    TP_Init                                  0x08003251   Thumb Code    76  touch.o(i.TP_Init)
    TP_Read_AD                               0x080032a5   Thumb Code   174  touch.o(i.TP_Read_AD)
    TP_Read_XOY                              0x08003359   Thumb Code    94  touch.o(i.TP_Read_XOY)
    TP_Read_XY                               0x080033b9   Thumb Code    34  touch.o(i.TP_Read_XY)
    TP_Read_XY2                              0x080033e1   Thumb Code   122  touch.o(i.TP_Read_XY2)
    TP_Scan                                  0x0800345d   Thumb Code   164  touch.o(i.TP_Scan)
    TP_Write_Byte                            0x08003509   Thumb Code    66  touch.o(i.TP_Write_Byte)
    USART1_IRQHandler                        0x08003725   Thumb Code     6  stm32f1xx_it.o(i.USART1_IRQHandler)
    UsageFault_Handler                       0x08003731   Thumb Code     2  stm32f1xx_it.o(i.UsageFault_Handler)
    __scatterload_copy                       0x08003753   Thumb Code    14  handlers.o(i.__scatterload_copy)
    __scatterload_null                       0x08003761   Thumb Code     2  handlers.o(i.__scatterload_null)
    __scatterload_zeroinit                   0x08003763   Thumb Code    14  handlers.o(i.__scatterload_zeroinit)
    char_to_hex                              0x08003771   Thumb Code    42  main.o(i.char_to_hex)
    main                                     0x080037b1   Thumb Code   166  main.o(i.main)
    osDelay                                  0x08003875   Thumb Code    14  cmsis_os.o(i.osDelay)
    osKernelStart                            0x08003883   Thumb Code    10  cmsis_os.o(i.osKernelStart)
    osThreadCreate                           0x0800388d   Thumb Code    84  cmsis_os.o(i.osThreadCreate)
    pvPortMalloc                             0x08003c25   Thumb Code   210  heap_4.o(i.pvPortMalloc)
    pxPortInitialiseStack                    0x08003cfd   Thumb Code    32  port.o(i.pxPortInitialiseStack)
    uxListRemove                             0x08003d21   Thumb Code    38  list.o(i.uxListRemove)
    vApplicationGetIdleTaskMemory            0x08003d49   Thumb Code    16  freertos.o(i.vApplicationGetIdleTaskMemory)
    vListInitialise                          0x08003d5d   Thumb Code    22  list.o(i.vListInitialise)
    vListInitialiseItem                      0x08003d73   Thumb Code     6  list.o(i.vListInitialiseItem)
    vListInsert                              0x08003d79   Thumb Code    48  list.o(i.vListInsert)
    vListInsertEnd                           0x08003da9   Thumb Code    24  list.o(i.vListInsertEnd)
    vPortEnterCritical                       0x08003dc1   Thumb Code    54  port.o(i.vPortEnterCritical)
    vPortExitCritical                        0x08003e01   Thumb Code    34  port.o(i.vPortExitCritical)
    vPortFree                                0x08003e29   Thumb Code    88  heap_4.o(i.vPortFree)
    vPortSetupTimerInterrupt                 0x08003e85   Thumb Code    32  port.o(i.vPortSetupTimerInterrupt)
    vTaskDelay                               0x08003ea9   Thumb Code    66  tasks.o(i.vTaskDelay)
    vTaskStartScheduler                      0x08003ef5   Thumb Code    90  tasks.o(i.vTaskStartScheduler)
    vTaskSuspendAll                          0x08003f61   Thumb Code    10  tasks.o(i.vTaskSuspendAll)
    vTaskSwitchContext                       0x08003f71   Thumb Code    82  tasks.o(i.vTaskSwitchContext)
    xPortStartScheduler                      0x08003fcd   Thumb Code   154  port.o(i.xPortStartScheduler)
    xPortSysTickHandler                      0x08004075   Thumb Code    38  port.o(i.xPortSysTickHandler)
    xTaskCreate                              0x080040a1   Thumb Code    90  tasks.o(i.xTaskCreate)
    xTaskCreateStatic                        0x080040fb   Thumb Code    86  tasks.o(i.xTaskCreateStatic)
    xTaskGetSchedulerState                   0x08004151   Thumb Code    22  tasks.o(i.xTaskGetSchedulerState)
    xTaskIncrementTick                       0x0800416d   Thumb Code   192  tasks.o(i.xTaskIncrementTick)
    xTaskResumeAll                           0x08004235   Thumb Code   182  tasks.o(i.xTaskResumeAll)
    gImage_PicTest1                          0x08004bc0   Data           1  display.o(.constdata)
    battery_icon                             0x08004bc4   Data         800  display.o(.constdata)
    a_icon_20x20                             0x08004ee4   Data        1600  display.o(.constdata)
    b_icon_20x20                             0x08005524   Data        1600  display.o(.constdata)
    c_icon_20x20                             0x08005b64   Data        1600  display.o(.constdata)
    d_icon_20x20                             0x080061a4   Data        1600  display.o(.constdata)
    back_icon_40x40                          0x080067e4   Data        6400  display.o(.constdata)
    unpark_icon_20x20                        0x080080e4   Data        1600  display.o(.constdata)
    gImage_PicTest                           0x08008724   Data       14792  display.o(.constdata)
    park_icon_20x20                          0x0800c0ec   Data        1600  main.o(.constdata)
    unpark1_icon_20x20                       0x0800c72c   Data        1600  main.o(.constdata)
    AHBPrescTable                            0x0800cdc0   Data          16  system_stm32f1xx.o(.constdata)
    APBPrescTable                            0x0800cdd0   Data           8  system_stm32f1xx.o(.constdata)
    Region$$Table$$Base                      0x0800cdfc   Number         0  anon$$obj.o(Region$$Table)
    Region$$Table$$Limit                     0x0800ce1c   Number         0  anon$$obj.o(Region$$Table)
    hh                                       0x20000000   Data           1  ili9341_driver.o(.data)
    CMD_RDX                                  0x2000000c   Data           1  touch.o(.data)
    CMD_RDY                                  0x2000000d   Data           1  touch.o(.data)
    tp_dev                                   0x20000010   Data          36  touch.o(.data)
    i                                        0x20000034   Data           1  main.o(.data)
    j                                        0x20000035   Data           1  main.o(.data)
    b                                        0x20000036   Data           1  main.o(.data)
    q                                        0x20000037   Data           1  main.o(.data)
    en                                       0x20000038   Data           1  main.o(.data)
    xtemp                                    0x2000003a   Data           2  main.o(.data)
    ytemp                                    0x2000003c   Data           2  main.o(.data)
    state                                    0x20000040   Data           4  main.o(.data)
    sel11                                    0x20000044   Data           4  main.o(.data)
    sel21                                    0x20000048   Data           4  main.o(.data)
    sel31                                    0x2000004c   Data           4  main.o(.data)
    sel41                                    0x20000050   Data           4  main.o(.data)
    str2                                     0x20000054   Data           4  main.o(.data)
    sel                                      0x20000058   Data           4  main.o(.data)
    sel15                                    0x2000005c   Data           4  main.o(.data)
    sel14                                    0x20000060   Data           4  main.o(.data)
    sel13                                    0x20000064   Data           4  main.o(.data)
    sel12                                    0x20000068   Data           4  main.o(.data)
    sel25                                    0x2000006c   Data           4  main.o(.data)
    sel24                                    0x20000070   Data           4  main.o(.data)
    sel23                                    0x20000074   Data           4  main.o(.data)
    sel22                                    0x20000078   Data           4  main.o(.data)
    sel35                                    0x2000007c   Data           4  main.o(.data)
    sel34                                    0x20000080   Data           4  main.o(.data)
    sel33                                    0x20000084   Data           4  main.o(.data)
    sel32                                    0x20000088   Data           4  main.o(.data)
    sel45                                    0x2000008c   Data           4  main.o(.data)
    sel44                                    0x20000090   Data           4  main.o(.data)
    sel43                                    0x20000094   Data           4  main.o(.data)
    sel42                                    0x20000098   Data           4  main.o(.data)
    lastID                                   0x2000009c   Data           4  main.o(.data)
    defaultTaskHandle                        0x200000a0   Data           4  main.o(.data)
    myTask02Handle                           0x200000a4   Data           4  main.o(.data)
    myTask03Handle                           0x200000a8   Data           4  main.o(.data)
    uwTickFreq                               0x200000ac   Data           1  stm32f1xx_hal.o(.data)
    uwTickPrio                               0x200000b0   Data           4  stm32f1xx_hal.o(.data)
    uwTick                                   0x200000b4   Data           4  stm32f1xx_hal.o(.data)
    SystemCoreClock                          0x200000b8   Data           4  system_stm32f1xx.o(.data)
    pxCurrentTCB                             0x200000bc   Data           4  tasks.o(.data)
    txBuffer                                 0x20000174   Data          16  main.o(.bss)
    str                                      0x20000184   Data          16  main.o(.bss)
    retstr                                   0x20000194   Data          10  main.o(.bss)
    rxBuffer                                 0x2000019e   Data       14792  main.o(.bss)
    hspi1                                    0x20003b68   Data          88  main.o(.bss)
    hspi2                                    0x20003bc0   Data          88  main.o(.bss)
    huart1                                   0x20003c18   Data          64  main.o(.bss)
    __initial_sp                             0x20004fa0   Data           0  startup_stm32f103xb.o(STACK)



==============================================================================

Memory Map of the image

  Image Entry point : 0x080000ed

  Load Region LR_IROM1 (Base: 0x08000000, Size: 0x0000cf38, Max: 0x00022000, ABSOLUTE)

    Execution Region ER_IROM1 (Exec base: 0x08000000, Load base: 0x08000000, Size: 0x0000ce1c, Max: 0x00022000, ABSOLUTE)

    Exec Addr    Load Addr    Size         Type   Attr      Idx    E Section Name        Object

    0x08000000   0x08000000   0x000000ec   Data   RO            3    RESET               startup_stm32f103xb.o
    0x080000ec   0x080000ec   0x00000000   Code   RO         3864  * .ARM.Collect$$$$00000000  mc_w.l(entry.o)
    0x080000ec   0x080000ec   0x00000004   Code   RO         3887    .ARM.Collect$$$$00000001  mc_w.l(entry2.o)
    0x080000f0   0x080000f0   0x00000004   Code   RO         3890    .ARM.Collect$$$$00000004  mc_w.l(entry5.o)
    0x080000f4   0x080000f4   0x00000000   Code   RO         3892    .ARM.Collect$$$$00000008  mc_w.l(entry7b.o)
    0x080000f4   0x080000f4   0x00000000   Code   RO         3894    .ARM.Collect$$$$0000000A  mc_w.l(entry8b.o)
    0x080000f4   0x080000f4   0x00000008   Code   RO         3895    .ARM.Collect$$$$0000000B  mc_w.l(entry9a.o)
    0x080000fc   0x080000fc   0x00000000   Code   RO         3897    .ARM.Collect$$$$0000000D  mc_w.l(entry10a.o)
    0x080000fc   0x080000fc   0x00000000   Code   RO         3899    .ARM.Collect$$$$0000000F  mc_w.l(entry11a.o)
    0x080000fc   0x080000fc   0x00000004   Code   RO         3888    .ARM.Collect$$$$00002712  mc_w.l(entry2.o)
    0x08000100   0x08000100   0x00000096   Code   RO         3787    .emb_text           port.o
    0x08000196   0x08000196   0x00000002   PAD
    0x08000198   0x08000198   0x00000024   Code   RO            4    .text               startup_stm32f103xb.o
    0x080001bc   0x080001bc   0x00000024   Code   RO         3869    .text               mc_w.l(memcpya.o)
    0x080001e0   0x080001e0   0x00000024   Code   RO         3873    .text               mc_w.l(memseta.o)
    0x08000204   0x08000204   0x000000b0   Code   RO         3877    .text               mf_w.l(fadd.o)
    0x080002b4   0x080002b4   0x00000064   Code   RO         3879    .text               mf_w.l(fmul.o)
    0x08000318   0x08000318   0x00000012   Code   RO         3881    .text               mf_w.l(fflti.o)
    0x0800032a   0x0800032a   0x0000000a   Code   RO         3883    .text               mf_w.l(ffltui.o)
    0x08000334   0x08000334   0x00000028   Code   RO         3885    .text               mf_w.l(ffixui.o)
    0x0800035c   0x0800035c   0x00000000   Code   RO         3901    .text               mc_w.l(iusefp.o)
    0x0800035c   0x0800035c   0x0000006e   Code   RO         3902    .text               mf_w.l(fepilogue.o)
    0x080003ca   0x080003ca   0x00000002   PAD
    0x080003cc   0x080003cc   0x00000024   Code   RO         3904    .text               mc_w.l(init.o)
    0x080003f0   0x080003f0   0x00000002   Code   RO          754    i.BusFault_Handler  stm32f1xx_it.o
    0x080003f2   0x080003f2   0x00000002   PAD
    0x080003f4   0x080003f4   0x000000e4   Code   RO          562    i.ChonCho           main.o
    0x080004d8   0x080004d8   0x00000002   Code   RO          755    i.DebugMon_Handler  stm32f1xx_it.o
    0x080004da   0x080004da   0x00000002   PAD
    0x080004dc   0x080004dc   0x000001c0   Code   RO          330    i.Display_Menu      display.o
    0x0800069c   0x0800069c   0x00000054   Code   RO          332    i.Display_Round_Icon_20x20  display.o
    0x080006f0   0x080006f0   0x00000004   Code   RO          563    i.Error_Handler     main.o
    0x080006f4   0x080006f4   0x00000098   Code   RO         1294    i.HAL_DMA_Abort_IT  stm32f1xx_hal_dma.o
    0x0800078c   0x0800078c   0x00000024   Code   RO          921    i.HAL_Delay         stm32f1xx_hal.o
    0x080007b0   0x080007b0   0x000001e0   Code   RO         1229    i.HAL_GPIO_Init     stm32f1xx_hal_gpio.o
    0x08000990   0x08000990   0x0000000a   Code   RO         1231    i.HAL_GPIO_ReadPin  stm32f1xx_hal_gpio.o
    0x0800099a   0x0800099a   0x00000010   Code   RO         1232    i.HAL_GPIO_TogglePin  stm32f1xx_hal_gpio.o
    0x080009aa   0x080009aa   0x0000000a   Code   RO         1233    i.HAL_GPIO_WritePin  stm32f1xx_hal_gpio.o
    0x080009b4   0x080009b4   0x0000000c   Code   RO          925    i.HAL_GetTick       stm32f1xx_hal.o
    0x080009c0   0x080009c0   0x00000010   Code   RO          931    i.HAL_IncTick       stm32f1xx_hal.o
    0x080009d0   0x080009d0   0x00000024   Code   RO          932    i.HAL_Init          stm32f1xx_hal.o
    0x080009f4   0x080009f4   0x00000040   Code   RO          933    i.HAL_InitTick      stm32f1xx_hal.o
    0x08000a34   0x08000a34   0x00000048   Code   RO          830    i.HAL_MspInit       stm32f1xx_hal_msp.o
    0x08000a7c   0x08000a7c   0x0000001a   Code   RO         1389    i.HAL_NVIC_EnableIRQ  stm32f1xx_hal_cortex.o
    0x08000a96   0x08000a96   0x00000002   PAD
    0x08000a98   0x08000a98   0x00000040   Code   RO         1395    i.HAL_NVIC_SetPriority  stm32f1xx_hal_cortex.o
    0x08000ad8   0x08000ad8   0x00000024   Code   RO         1396    i.HAL_NVIC_SetPriorityGrouping  stm32f1xx_hal_cortex.o
    0x08000afc   0x08000afc   0x0000012c   Code   RO         1089    i.HAL_RCC_ClockConfig  stm32f1xx_hal_rcc.o
    0x08000c28   0x08000c28   0x00000020   Code   RO         1096    i.HAL_RCC_GetPCLK1Freq  stm32f1xx_hal_rcc.o
    0x08000c48   0x08000c48   0x00000020   Code   RO         1097    i.HAL_RCC_GetPCLK2Freq  stm32f1xx_hal_rcc.o
    0x08000c68   0x08000c68   0x0000006c   Code   RO         1098    i.HAL_RCC_GetSysClockFreq  stm32f1xx_hal_rcc.o
    0x08000cd4   0x08000cd4   0x00000320   Code   RO         1101    i.HAL_RCC_OscConfig  stm32f1xx_hal_rcc.o
    0x08000ff4   0x08000ff4   0x00000002   Code   RO         1896    i.HAL_SPI_ErrorCallback  stm32f1xx_hal_spi.o
    0x08000ff6   0x08000ff6   0x00000002   PAD
    0x08000ff8   0x08000ff8   0x000000e0   Code   RO         1899    i.HAL_SPI_IRQHandler  stm32f1xx_hal_spi.o
    0x080010d8   0x080010d8   0x000000b2   Code   RO         1900    i.HAL_SPI_Init      stm32f1xx_hal_spi.o
    0x0800118a   0x0800118a   0x00000002   PAD
    0x0800118c   0x0800118c   0x000000d4   Code   RO          832    i.HAL_SPI_MspInit   stm32f1xx_hal_msp.o
    0x08001260   0x08001260   0x00000166   Code   RO         1908    i.HAL_SPI_Transmit  stm32f1xx_hal_spi.o
    0x080013c6   0x080013c6   0x000001e2   Code   RO         1909    i.HAL_SPI_TransmitReceive  stm32f1xx_hal_spi.o
    0x080015a8   0x080015a8   0x00000028   Code   RO         1400    i.HAL_SYSTICK_Config  stm32f1xx_hal_cortex.o
    0x080015d0   0x080015d0   0x00000002   Code   RO         2268    i.HAL_UART_ErrorCallback  stm32f1xx_hal_uart.o
    0x080015d2   0x080015d2   0x00000002   PAD
    0x080015d4   0x080015d4   0x0000015c   Code   RO         2271    i.HAL_UART_IRQHandler  stm32f1xx_hal_uart.o
    0x08001730   0x08001730   0x00000062   Code   RO         2272    i.HAL_UART_Init     stm32f1xx_hal_uart.o
    0x08001792   0x08001792   0x00000002   PAD
    0x08001794   0x08001794   0x00000080   Code   RO          834    i.HAL_UART_MspInit  stm32f1xx_hal_msp.o
    0x08001814   0x08001814   0x00000052   Code   RO         2277    i.HAL_UART_Receive_IT  stm32f1xx_hal_uart.o
    0x08001866   0x08001866   0x00000002   PAD
    0x08001868   0x08001868   0x000000cc   Code   RO          564    i.HAL_UART_RxCpltCallback  main.o
    0x08001934   0x08001934   0x000000b2   Code   RO         2280    i.HAL_UART_Transmit  stm32f1xx_hal_uart.o
    0x080019e6   0x080019e6   0x00000002   Code   RO         2283    i.HAL_UART_TxCpltCallback  stm32f1xx_hal_uart.o
    0x080019e8   0x080019e8   0x00000002   Code   RO          756    i.HardFault_Handler  stm32f1xx_it.o
    0x080019ea   0x080019ea   0x00000002   PAD
    0x080019ec   0x080019ec   0x0000026c   Code   RO          565    i.HienThiCho        main.o
    0x08001c58   0x08001c58   0x00000104   Code   RO           13    i.ILI9341_Draw_Char  ili9341_driver.o
    0x08001d5c   0x08001d5c   0x000002b4   Code   RO           14    i.ILI9341_Draw_Circle  ili9341_driver.o
    0x08002010   0x08002010   0x0000005c   Code   RO           15    i.ILI9341_Draw_Double_Pixel  ili9341_driver.o
    0x0800206c   0x0800206c   0x00000042   Code   RO           16    i.ILI9341_Draw_Empty_Rectangle  ili9341_driver.o
    0x080020ae   0x080020ae   0x00000092   Code   RO           18    i.ILI9341_Draw_Line  ili9341_driver.o
    0x08002140   0x08002140   0x0000005c   Code   RO           19    i.ILI9341_Draw_Pixel  ili9341_driver.o
    0x0800219c   0x0800219c   0x00000094   Code   RO           20    i.ILI9341_Draw_String  ili9341_driver.o
    0x08002230   0x08002230   0x0000002c   Code   RO           21    i.ILI9341_Fill_Screen  ili9341_driver.o
    0x0800225c   0x0800225c   0x00000028   Code   RO           22    i.ILI9341_Fill_Screen1  ili9341_driver.o
    0x08002284   0x08002284   0x00000206   Code   RO           23    i.ILI9341_Init      ili9341_driver.o
    0x0800248a   0x0800248a   0x00000002   PAD
    0x0800248c   0x0800248c   0x00000048   Code   RO           24    i.ILI9341_Reset     ili9341_driver.o
    0x080024d4   0x080024d4   0x00000044   Code   RO           25    i.ILI9341_SPI_Init  ili9341_driver.o
    0x08002518   0x08002518   0x00000014   Code   RO           26    i.ILI9341_SPI_Send  ili9341_driver.o
    0x0800252c   0x0800252c   0x00000050   Code   RO           27    i.ILI9341_SPI_Send_32  ili9341_driver.o
    0x0800257c   0x0800257c   0x00000114   Code   RO           29    i.ILI9341_Send_Burst  ili9341_driver.o
    0x08002690   0x08002690   0x00000028   Code   RO           30    i.ILI9341_Send_Command  ili9341_driver.o
    0x080026b8   0x080026b8   0x00000028   Code   RO           31    i.ILI9341_Send_Data  ili9341_driver.o
    0x080026e0   0x080026e0   0x0000001e   Code   RO           32    i.ILI9341_Set_Address  ili9341_driver.o
    0x080026fe   0x080026fe   0x00000002   PAD
    0x08002700   0x08002700   0x00000048   Code   RO           33    i.ILI9341_Set_Rotation  ili9341_driver.o
    0x08002748   0x08002748   0x0000001a   Code   RO          419    i.MFRC522_AntennaOn  rc522.o
    0x08002762   0x08002762   0x00000042   Code   RO          420    i.MFRC522_Anticoll  rc522.o
    0x080027a4   0x080027a4   0x00000018   Code   RO          424    i.MFRC522_ClearBitMask  rc522.o
    0x080027bc   0x080027bc   0x00000046   Code   RO          427    i.MFRC522_Init      rc522.o
    0x08002802   0x08002802   0x0000000e   Code   RO          429    i.MFRC522_ReadRegister  rc522.o
    0x08002810   0x08002810   0x0000002e   Code   RO          430    i.MFRC522_Request   rc522.o
    0x0800283e   0x0800283e   0x00000008   Code   RO          431    i.MFRC522_Reset     rc522.o
    0x08002846   0x08002846   0x00000018   Code   RO          433    i.MFRC522_SetBitMask  rc522.o
    0x0800285e   0x0800285e   0x00000114   Code   RO          434    i.MFRC522_ToCard    rc522.o
    0x08002972   0x08002972   0x0000000a   Code   RO          436    i.MFRC522_WriteRegister  rc522.o
    0x0800297c   0x0800297c   0x000000f4   Code   RO          566    i.MX_GPIO_Init      main.o
    0x08002a70   0x08002a70   0x00000044   Code   RO          567    i.MX_SPI1_Init      main.o
    0x08002ab4   0x08002ab4   0x00000044   Code   RO          568    i.MX_SPI2_Init      main.o
    0x08002af8   0x08002af8   0x00000002   Code   RO          757    i.MemManage_Handler  stm32f1xx_it.o
    0x08002afa   0x08002afa   0x00000002   Code   RO          758    i.NMI_Handler       stm32f1xx_it.o
    0x08002afc   0x08002afc   0x00000020   Code   RO          437    i.SPI1SendByte      rc522.o
    0x08002b1c   0x08002b1c   0x00000034   Code   RO          438    i.SPI1_ReadReg      rc522.o
    0x08002b50   0x08002b50   0x00000038   Code   RO          439    i.SPI1_WriteReg     rc522.o
    0x08002b88   0x08002b88   0x0000000c   Code   RO          759    i.SPI2_IRQHandler   stm32f1xx_it.o
    0x08002b94   0x08002b94   0x00000010   Code   RO         1927    i.SPI_DMAAbortOnError  stm32f1xx_hal_spi.o
    0x08002ba4   0x08002ba4   0x00000020   Code   RO         1938    i.SPI_EndRxTxTransaction  stm32f1xx_hal_spi.o
    0x08002bc4   0x08002bc4   0x000000b8   Code   RO         1943    i.SPI_WaitFlagStateUntilTimeout  stm32f1xx_hal_spi.o
    0x08002c7c   0x08002c7c   0x00000428   Code   RO          569    i.StartDefaultTask  main.o
    0x080030a4   0x080030a4   0x0000012c   Code   RO          570    i.StartTask02       main.o
    0x080031d0   0x080031d0   0x00000008   Code   RO          571    i.StartTask03       main.o
    0x080031d8   0x080031d8   0x00000018   Code   RO          760    i.SysTick_Handler   stm32f1xx_it.o
    0x080031f0   0x080031f0   0x0000005e   Code   RO          572    i.SystemClock_Config  main.o
    0x0800324e   0x0800324e   0x00000002   Code   RO         2569    i.SystemInit        system_stm32f1xx.o
    0x08003250   0x08003250   0x00000054   Code   RO          250    i.TP_Init           touch.o
    0x080032a4   0x080032a4   0x000000b4   Code   RO          251    i.TP_Read_AD        touch.o
    0x08003358   0x08003358   0x0000005e   Code   RO          252    i.TP_Read_XOY       touch.o
    0x080033b6   0x080033b6   0x00000002   PAD
    0x080033b8   0x080033b8   0x00000028   Code   RO          253    i.TP_Read_XY        touch.o
    0x080033e0   0x080033e0   0x0000007a   Code   RO          254    i.TP_Read_XY2       touch.o
    0x0800345a   0x0800345a   0x00000002   PAD
    0x0800345c   0x0800345c   0x000000ac   Code   RO          255    i.TP_Scan           touch.o
    0x08003508   0x08003508   0x00000048   Code   RO          256    i.TP_Write_Byte     touch.o
    0x08003550   0x08003550   0x00000010   Code   RO         2285    i.UART_DMAAbortOnError  stm32f1xx_hal_uart.o
    0x08003560   0x08003560   0x0000001c   Code   RO         2295    i.UART_EndRxTransfer  stm32f1xx_hal_uart.o
    0x0800357c   0x0800357c   0x0000008c   Code   RO         2297    i.UART_Receive_IT   stm32f1xx_hal_uart.o
    0x08003608   0x08003608   0x000000b8   Code   RO         2298    i.UART_SetConfig    stm32f1xx_hal_uart.o
    0x080036c0   0x080036c0   0x00000064   Code   RO         2299    i.UART_WaitOnFlagUntilTimeout  stm32f1xx_hal_uart.o
    0x08003724   0x08003724   0x0000000c   Code   RO          761    i.USART1_IRQHandler  stm32f1xx_it.o
    0x08003730   0x08003730   0x00000002   Code   RO          762    i.UsageFault_Handler  stm32f1xx_it.o
    0x08003732   0x08003732   0x00000020   Code   RO         1402    i.__NVIC_SetPriority  stm32f1xx_hal_cortex.o
    0x08003752   0x08003752   0x0000000e   Code   RO         3908    i.__scatterload_copy  mc_w.l(handlers.o)
    0x08003760   0x08003760   0x00000002   Code   RO         3909    i.__scatterload_null  mc_w.l(handlers.o)
    0x08003762   0x08003762   0x0000000e   Code   RO         3910    i.__scatterload_zeroinit  mc_w.l(handlers.o)
    0x08003770   0x08003770   0x00000040   Code   RO          573    i.char_to_hex       main.o
    0x080037b0   0x080037b0   0x000000b8   Code   RO          574    i.main              main.o
    0x08003868   0x08003868   0x0000000c   Code   RO         3359    i.makeFreeRtosPriority  cmsis_os.o
    0x08003874   0x08003874   0x0000000e   Code   RO         3361    i.osDelay           cmsis_os.o
    0x08003882   0x08003882   0x0000000a   Code   RO         3364    i.osKernelStart     cmsis_os.o
    0x0800388c   0x0800388c   0x00000054   Code   RO         3398    i.osThreadCreate    cmsis_os.o
    0x080038e0   0x080038e0   0x00000070   Code   RO         3056    i.prvAddCurrentTaskToDelayedList  tasks.o
    0x08003950   0x08003950   0x000000d0   Code   RO         3057    i.prvAddNewTaskToReadyList  tasks.o
    0x08003a20   0x08003a20   0x00000034   Code   RO         3058    i.prvDeleteTCB      tasks.o
    0x08003a54   0x08003a54   0x0000004c   Code   RO         3726    i.prvHeapInit       heap_4.o
    0x08003aa0   0x08003aa0   0x00000060   Code   RO         3059    i.prvIdleTask       tasks.o
    0x08003b00   0x08003b00   0x0000008e   Code   RO         3060    i.prvInitialiseNewTask  tasks.o
    0x08003b8e   0x08003b8e   0x00000002   PAD
    0x08003b90   0x08003b90   0x0000004c   Code   RO         3727    i.prvInsertBlockIntoFreeList  heap_4.o
    0x08003bdc   0x08003bdc   0x00000020   Code   RO         3061    i.prvResetNextTaskUnblockTime  tasks.o
    0x08003bfc   0x08003bfc   0x00000028   Code   RO         3788    i.prvTaskExitError  port.o
    0x08003c24   0x08003c24   0x000000d8   Code   RO         3728    i.pvPortMalloc      heap_4.o
    0x08003cfc   0x08003cfc   0x00000024   Code   RO         3789    i.pxPortInitialiseStack  port.o
    0x08003d20   0x08003d20   0x00000026   Code   RO         2701    i.uxListRemove      list.o
    0x08003d46   0x08003d46   0x00000002   PAD
    0x08003d48   0x08003d48   0x00000014   Code   RO          720    i.vApplicationGetIdleTaskMemory  freertos.o
    0x08003d5c   0x08003d5c   0x00000016   Code   RO         2702    i.vListInitialise   list.o
    0x08003d72   0x08003d72   0x00000006   Code   RO         2703    i.vListInitialiseItem  list.o
    0x08003d78   0x08003d78   0x00000030   Code   RO         2704    i.vListInsert       list.o
    0x08003da8   0x08003da8   0x00000018   Code   RO         2705    i.vListInsertEnd    list.o
    0x08003dc0   0x08003dc0   0x00000040   Code   RO         3791    i.vPortEnterCritical  port.o
    0x08003e00   0x08003e00   0x00000028   Code   RO         3792    i.vPortExitCritical  port.o
    0x08003e28   0x08003e28   0x0000005c   Code   RO         3729    i.vPortFree         heap_4.o
    0x08003e84   0x08003e84   0x00000024   Code   RO         3793    i.vPortSetupTimerInterrupt  port.o
    0x08003ea8   0x08003ea8   0x0000004c   Code   RO         3069    i.vTaskDelay        tasks.o
    0x08003ef4   0x08003ef4   0x0000006c   Code   RO         3082    i.vTaskStartScheduler  tasks.o
    0x08003f60   0x08003f60   0x00000010   Code   RO         3084    i.vTaskSuspendAll   tasks.o
    0x08003f70   0x08003f70   0x0000005c   Code   RO         3085    i.vTaskSwitchContext  tasks.o
    0x08003fcc   0x08003fcc   0x000000a8   Code   RO         3795    i.xPortStartScheduler  port.o
    0x08004074   0x08004074   0x0000002c   Code   RO         3796    i.xPortSysTickHandler  port.o
    0x080040a0   0x080040a0   0x0000005a   Code   RO         3087    i.xTaskCreate       tasks.o
    0x080040fa   0x080040fa   0x00000056   Code   RO         3088    i.xTaskCreateStatic  tasks.o
    0x08004150   0x08004150   0x0000001c   Code   RO         3092    i.xTaskGetSchedulerState  tasks.o
    0x0800416c   0x0800416c   0x000000c8   Code   RO         3095    i.xTaskIncrementTick  tasks.o
    0x08004234   0x08004234   0x000000c4   Code   RO         3101    i.xTaskResumeAll    tasks.o
    0x080042f8   0x080042f8   0x000008c8   Data   RO           35    .constdata          ili9341_driver.o
    0x08004bc0   0x08004bc0   0x0000752c   Data   RO          336    .constdata          display.o
    0x0800c0ec   0x0800c0ec   0x00000cd4   Data   RO          576    .constdata          main.o
    0x0800cdc0   0x0800cdc0   0x00000010   Data   RO         2570    .constdata          system_stm32f1xx.o
    0x0800cdd0   0x0800cdd0   0x00000008   Data   RO         2571    .constdata          system_stm32f1xx.o
    0x0800cdd8   0x0800cdd8   0x00000024   Data   RO          577    .conststring        main.o
    0x0800cdfc   0x0800cdfc   0x00000020   Data   RO         3906    Region$$Table       anon$$obj.o


    Execution Region RW_IRAM1 (Exec base: 0x20000000, Load base: 0x0800ce1c, Size: 0x00004fa0, Max: 0x00020000, ABSOLUTE)

    Exec Addr    Load Addr    Size         Type   Attr      Idx    E Section Name        Object

    0x20000000   0x0800ce1c   0x0000000c   Data   RW           36    .data               ili9341_driver.o
    0x2000000c   0x0800ce28   0x00000028   Data   RW          259    .data               touch.o
    0x20000034   0x0800ce50   0x00000078   Data   RW          578    .data               main.o
    0x200000ac   0x0800cec8   0x0000000c   Data   RW          939    .data               stm32f1xx_hal.o
    0x200000b8   0x0800ced4   0x00000004   Data   RW         2572    .data               system_stm32f1xx.o
    0x200000bc   0x0800ced8   0x0000003c   Data   RW         3104    .data               tasks.o
    0x200000f8   0x0800cf14   0x00000018   Data   RW         3734    .data               heap_4.o
    0x20000110   0x0800cf2c   0x0000000c   Data   RW         3797    .data               port.o
    0x2000011c        -       0x00000058   Zero   RW           34    .bss                ili9341_driver.o
    0x20000174        -       0x00003ae4   Zero   RW          575    .bss                main.o
    0x20003c58        -       0x00000254   Zero   RW          721    .bss                freertos.o
    0x20003eac        -       0x000000f0   Zero   RW         3103    .bss                tasks.o
    0x20003f9c        -       0x00000c00   Zero   RW         3733    .bss                heap_4.o
    0x20004b9c   0x0800cf38   0x00000004   PAD
    0x20004ba0        -       0x00000400   Zero   RW            1    STACK               startup_stm32f103xb.o


==============================================================================

Image component sizes


      Code (inc. data)   RO Data    RW Data    ZI Data      Debug   Object Name

       120          0          0          0          0      22233   cmsis_os.o
       532         44      29996          0          0       3862   display.o
         0          0          0          0          0      16660   event_groups.o
        20          4          0          0        596       1192   freertos.o
       460         24          0         24       3072       7127   heap_4.o
      2796         92       2248         12         88     413893   ili9341_driver.o
       138          0          0          0          0       3306   list.o
      3150        260       3320        120      15076      41496   main.o
       578         60          0         12          0      10172   port.o
       704         14          0          0          0       7961   rc522.o
        36          8        236          0       1024        788   startup_stm32f103xb.o
       164         28          0         12          0       5781   stm32f1xx_hal.o
       198         14          0          0          0      28851   stm32f1xx_hal_cortex.o
       152          4          0          0          0       1071   stm32f1xx_hal_dma.o
       516         34          0          0          0       4052   stm32f1xx_hal_gpio.o
       412         42          0          0          0       2355   stm32f1xx_hal_msp.o
      1272        100          0          0          0       5100   stm32f1xx_hal_rcc.o
      1476          8          0          0          0       8117   stm32f1xx_hal_spi.o
      1178         10          0          0          0       8783   stm32f1xx_hal_uart.o
        60         12          0          0          0       3821   stm32f1xx_it.o
         0          0          0          0          0        392   stream_buffer.o
         2          0         24          4          0       1071   system_stm32f1xx.o
      1534        116          0         60        240      16479   tasks.o
       764         34          0         40          0       7658   touch.o

    ----------------------------------------------------------------------
     16294        908      35856        284      20100     622221   Object Totals
         0          0         32          0          0          0   (incl. Generated)
        32          0          0          0          4          0   (incl. Padding)

    ----------------------------------------------------------------------

      Code (inc. data)   RO Data    RW Data    ZI Data      Debug   Library Member Name

         0          0          0          0          0          0   entry.o
         0          0          0          0          0          0   entry10a.o
         0          0          0          0          0          0   entry11a.o
         8          4          0          0          0          0   entry2.o
         4          0          0          0          0          0   entry5.o
         0          0          0          0          0          0   entry7b.o
         0          0          0          0          0          0   entry8b.o
         8          4          0          0          0          0   entry9a.o
        30          0          0          0          0          0   handlers.o
        36          8          0          0          0         68   init.o
         0          0          0          0          0          0   iusefp.o
        36          0          0          0          0         68   memcpya.o
        36          0          0          0          0        108   memseta.o
       176          0          0          0          0        140   fadd.o
       110          0          0          0          0        168   fepilogue.o
        40          0          0          0          0         68   ffixui.o
        18          0          0          0          0         68   fflti.o
        10          0          0          0          0         68   ffltui.o
       100          0          0          0          0         76   fmul.o

    ----------------------------------------------------------------------
       614         16          0          0          0        832   Library Totals
         2          0          0          0          0          0   (incl. Padding)

    ----------------------------------------------------------------------

      Code (inc. data)   RO Data    RW Data    ZI Data      Debug   Library Name

       158         16          0          0          0        244   mc_w.l
       454          0          0          0          0        588   mf_w.l

    ----------------------------------------------------------------------
       614         16          0          0          0        832   Library Totals

    ----------------------------------------------------------------------

==============================================================================


      Code (inc. data)   RO Data    RW Data    ZI Data      Debug   

     16908        924      35856        284      20100     615561   Grand Totals
     16908        924      35856        284      20100     615561   ELF Image Totals
     16908        924      35856        284          0          0   ROM Totals

==============================================================================

    Total RO  Size (Code + RO Data)                52764 (  51.53kB)
    Total RW  Size (RW Data + ZI Data)             20384 (  19.91kB)
    Total ROM Size (Code + RO Data + RW Data)      53048 (  51.80kB)

==============================================================================

